Archive member included because of file (symbol)

../../lib/osd/quantracker_air_graphics_api.a(draw_text.o)
                              obj/main.o (quan::uav::osd::draw_text(char const*, quan::two_d::vect<long> const&, quan::uav::osd::basic_font const*))
../../lib/osd/quantracker_air_graphics_api.a(draw_bitmap.o)
                              ../../lib/osd/quantracker_air_graphics_api.a(draw_text.o) (quan::uav::osd::draw_bitmap(quan::uav::osd::basic_bitmap const*, quan::two_d::vect<long> const&))
../../lib/osd/quantracker_air_system.a(tasks.o)
                              obj/main.o (vTaskStartScheduler)
../../lib/osd/quantracker_air_system.a(list.o)
                              ../../lib/osd/quantracker_air_system.a(tasks.o) (vListInitialise)
../../lib/osd/quantracker_air_system.a(timers.o)
                              ../../lib/osd/quantracker_air_system.a(tasks.o) (xTimerCreateTimerTask)
../../lib/osd/quantracker_air_system.a(startup.o)
                              (Reset_Handler)
../../lib/osd/quantracker_air_system.a(system_init.o)
                              ../../lib/osd/quantracker_air_system.a(startup.o) (SystemInit)
../../lib/osd/quantracker_air_system.a(port.o)
                              ../../lib/osd/quantracker_air_system.a(tasks.o) (pxPortInitialiseStack)
../../lib/osd/quantracker_air_system.a(heap_3.o)
                              ../../lib/osd/quantracker_air_system.a(tasks.o) (pvPortMalloc)
../../lib/osd/quantracker_air_system.a(rtos_hooks.o)
                              ../../lib/osd/quantracker_air_system.a(tasks.o) (vApplicationIdleHook)
../../lib/osd/quantracker_air_system.a(spbrk.o)
                              (_sbrk)
../../lib/osd/quantracker_air_system.a(system.o)
                              obj/fonts.o (__cxa_pure_virtual)
../../lib/osd/quantracker_air_system.a(queue.o)
                              ../../lib/osd/quantracker_air_system.a(timers.o) (xQueueGenericCreate)
../../lib/osd/quantracker_air_osd.a(lib_video_setup.o)
                              obj/main.o (osd_setup())
../../lib/osd/quantracker_air_osd.a(lib_graphics_api.o)
                              ../../lib/osd/quantracker_air_graphics_api.a(draw_bitmap.o) (quan::uav::osd::transform_to_raw(quan::two_d::vect<long> const&))
../../lib/osd/quantracker_air_osd.a(lib_draw_task.o)
                              obj/main.o (create_draw_task())
../../lib/osd/quantracker_air_osd.a(lib_sync_sep.o)
                              ../../lib/osd/quantracker_air_osd.a(lib_graphics_api.o) (quan::uav::osd::get_video_mode())
../../lib/osd/quantracker_air_osd.a(lib_dac.o)
                              ../../lib/osd/quantracker_air_osd.a(lib_video_setup.o) (detail::video_palette_dac_setup())
../../lib/osd/quantracker_air_osd.a(lib_led.o)
                              ../../lib/osd/quantracker_air_osd.a(lib_video_setup.o) (detail::setup_leds())
../../lib/osd/quantracker_air_osd.a(lib_osd_state.o)
                              ../../lib/osd/quantracker_air_osd.a(lib_video_setup.o) (osd_state::set(osd_state::state_t))
../../lib/osd/quantracker_air_osd.a(misc.o)
                              ../../lib/osd/quantracker_air_osd.a(lib_video_setup.o) (NVIC_PriorityGroupConfig)
../../lib/osd/quantracker_air_osd.a(lib_video_buffer.o)
                              ../../lib/osd/quantracker_air_osd.a(lib_video_setup.o) (video_buffers::init())
../../lib/osd/quantracker_air_osd.a(lib_video_column.o)
                              ../../lib/osd/quantracker_air_osd.a(lib_draw_task.o) (detail::create_osd_swap_semaphores())
../../lib/osd/quantracker_air_osd.a(lib_video_row.o)
                              ../../lib/osd/quantracker_air_osd.a(lib_video_setup.o) (video_cfg::rows::takedown())
../../lib/osd/quantracker_air_osd.a(lib_video_pixel.o)
                              ../../lib/osd/quantracker_air_osd.a(lib_video_setup.o) (video_cfg::spi_clock::takedown())
../../lib/osd/quantracker_air_osd.a(lib_video_spi.o)
                              ../../lib/osd/quantracker_air_osd.a(lib_video_setup.o) (detail::spi_setup())
../../lib/osd/quantracker_air_osd.a(lib_video_dma.o)
                              ../../lib/osd/quantracker_air_osd.a(lib_video_setup.o) (detail::pixel_dma_setup())
../../lib/osd/quantracker_air_osd.a(lib_internal_video_mode.o)
                              ../../lib/osd/quantracker_air_osd.a(lib_video_row.o) (detail::internal_video_mode_setup())
/opt/gcc-arm-none-eabi-4_7-2013q2/bin/../lib/gcc/arm-none-eabi/4.7.4/../../../../arm-none-eabi/lib/armv7e-m/fpu/libc.a(lib_a-aeabi_atexit.o)
                              obj/fonts.o (__aeabi_atexit)
/opt/gcc-arm-none-eabi-4_7-2013q2/bin/../lib/gcc/arm-none-eabi/4.7.4/../../../../arm-none-eabi/lib/armv7e-m/fpu/libc.a(lib_a-cxa_atexit.o)
                              /opt/gcc-arm-none-eabi-4_7-2013q2/bin/../lib/gcc/arm-none-eabi/4.7.4/../../../../arm-none-eabi/lib/armv7e-m/fpu/libc.a(lib_a-aeabi_atexit.o) (__cxa_atexit)
[...]
Memory Configuration

Name             Origin             Length             Attributes
start_vector     0x08000000         0x00004000         xr
flash            0x08004000         0x00008000         a
rom              0x0800c000         0x000f4000         xr
ram              0x10000000         0x00010000         xrw
heap_ram         0x20000000         0x00012000         rw
video_ram        0x20012000         0x0000d000         rw
telem_ram        0x2001f000         0x00001000         rw
*default*        0x00000000         0xffffffff

Linker script and memory map

LOAD /opt/gcc-arm-none-eabi-4_7-2013q2//lib/gcc/arm-none-eabi/4.7.4/armv7e-m/fpu/crti.o
LOAD /opt/gcc-arm-none-eabi-4_7-2013q2//lib/gcc/arm-none-eabi/4.7.4/armv7e-m/fpu/crtn.o
LOAD obj/main.o
LOAD obj/fonts.o
LOAD ../../lib/osd/quantracker_air_graphics_api.a
LOAD ../../lib/osd/quantracker_air_system.a
LOAD ../../lib/osd/quantracker_air_osd.a
                0x00012000                _HeapSize = 0x12000
                0x00008000                _MinStackSize = 0x8000

.isr_vector     0x08000000      0x188
                0x08000000                . = ALIGN (0x4)
 *(.isr_vector)
 .isr_vector    0x08000000      0x188 ../../lib/osd/quantracker_air_system.a(startup.o)
                0x08000000                g_pfnVectors
                0x08000188                . = ALIGN (0x4)

.preinit_array  0x08000188        0x0
                0x08000188                PROVIDE (__preinit_array_start, .)
 *(.preinit_array*)
                0x08000188                PROVIDE (__preinit_array_end, .)

.init_array     0x08000188        0xc
                0x08000188                PROVIDE (__init_array_start, .)
 *(SORT(.init_array.*))
 *(.init_array*)
 .init_array    0x08000188        0x4 obj/fonts.o
 .init_array    0x0800018c        0x4 ../../lib/osd/quantracker_air_osd.a(lib_dac.o)
 .init_array    0x08000190        0x4 ../../lib/osd/quantracker_air_osd.a(lib_video_buffer.o)
                0x08000194                PROVIDE (__init_array_end, .)

.fini_array     0x08000194        0x0
                0x08000194                PROVIDE (__fini_array_start, .)
 *(.fini_array*)
 *(SORT(.fini_array.*))
                0x08000194                PROVIDE (__fini_array_end, .)

.flash_memory   0x08004000     0x8000
                0x08004000                . = ALIGN (0x10)
 *(.flash_memory)
 FILL mask 0xffff
                0x08004000                _FLASH_PAGE1 = .
                0x08008000                . = (. + 0x4000)
 *fill*         0x08004000     0x4000 ffff
                0x08008000                . = ALIGN (0x10)
                0x08008000                _FLASH_PAGE2 = .
                0x0800c000                . = (. + 0x4000)
 *fill*         0x08008000     0x4000 ffff

.text           0x0800c000     0xfd98
                0x0800c000                . = ALIGN (0x4)
 *(.text)
 *(.text*)
 .text.startup.main
                0x0800c000       0x14 obj/main.o
                0x0800c000                main
 .text._ZN4quan3uav3osd7on_drawEv
                0x0800c014       0x28 obj/main.o
                0x0800c014                quan::uav::osd::on_draw()
 .text._ZN4quan3uav3osd12basic_bitmapD2Ev
                0x0800c03c        0xc obj/fonts.o
                0x0800c03c                quan::uav::osd::basic_bitmap::~basic_bitmap()
                0x0800c03c                quan::uav::osd::basic_bitmap::~basic_bitmap()
 .text._ZN4quan3uav3osd10basic_fontD2Ev
                0x0800c048        0xc obj/fonts.o
                0x0800c048                quan::uav::osd::basic_font::~basic_font()
                0x0800c048                quan::uav::osd::basic_font::~basic_font()
 .text._ZNK12_GLOBAL__N_123font_OSD_Charset_0_type8get_dataEv
                0x0800c054        0xc obj/fonts.o
 .text._ZNK12_GLOBAL__N_123font_OSD_Charset_0_type8get_sizeEv
                0x0800c060        0xc obj/fonts.o
 .text._ZNK12_GLOBAL__N_123font_OSD_Charset_1_type8get_dataEv
                0x0800c06c        0xc obj/fonts.o
 .text._ZNK12_GLOBAL__N_123font_OSD_Charset_1_type8get_sizeEv
                0x0800c078        0xc obj/fonts.o
 .text._ZNK12_GLOBAL__N_123font_OSD_Charset_2_type8get_dataEv
                0x0800c084        0xc obj/fonts.o
 .text._ZNK12_GLOBAL__N_123font_OSD_Charset_2_type8get_sizeEv
                0x0800c090        0xc obj/fonts.o
 .text._ZNK12_GLOBAL__N_123font_OSD_Charset_3_type8get_dataEv
                0x0800c09c        0xc obj/fonts.o
 .text._ZNK12_GLOBAL__N_123font_OSD_Charset_3_type8get_sizeEv
                0x0800c0a8        0xc obj/fonts.o
 .text._ZNK12_GLOBAL__N_123font_OSD_Charset_4_type8get_dataEv
                0x0800c0b4        0xc obj/fonts.o
 .text._ZNK12_GLOBAL__N_123font_OSD_Charset_4_type8get_sizeEv
                0x0800c0c0        0xc obj/fonts.o
 .text._ZNK12_GLOBAL__N_123font_OSD_Charset_5_type8get_dataEv
                0x0800c0cc        0xc obj/fonts.o
 .text._ZNK12_GLOBAL__N_123font_OSD_Charset_5_type8get_sizeEv
                0x0800c0d8        0xc obj/fonts.o
 .text._ZNK12_GLOBAL__N_123font_OSD_Charset_6_type8get_dataEv
                0x0800c0e4        0xc obj/fonts.o
 .text._ZNK12_GLOBAL__N_123font_OSD_Charset_6_type8get_sizeEv
                0x0800c0f0        0xc obj/fonts.o
 .text._ZNK12_GLOBAL__N_123font_OSD_Charset_7_type8get_dataEv
                0x0800c0fc        0xc obj/fonts.o
 .text._ZNK12_GLOBAL__N_123font_OSD_Charset_7_type8get_sizeEv
                0x0800c108        0xc obj/fonts.o
 .text._ZNK12_GLOBAL__N_123font_OSD_Charset_8_type8get_dataEv
                0x0800c114        0xc obj/fonts.o
 .text._ZNK12_GLOBAL__N_123font_OSD_Charset_8_type8get_sizeEv
                0x0800c120        0xc obj/fonts.o
 .text._ZNK12_GLOBAL__N_123font_OSD_Charset_9_type8get_dataEv
                0x0800c12c        0xc obj/fonts.o
 .text._ZNK12_GLOBAL__N_123font_OSD_Charset_9_type8get_sizeEv
                0x0800c138        0xc obj/fonts.o
 .text._ZNK12_GLOBAL__N_124font_OSD_Charset_10_type8get_dataEv
                0x0800c144        0xc obj/fonts.o
 .text._ZNK12_GLOBAL__N_124font_OSD_Charset_10_type8get_sizeEv
                0x0800c150        0xc obj/fonts.o
 .text._ZNK12_GLOBAL__N_124font_OSD_Charset_11_type8get_dataEv
                0x0800c15c        0xc obj/fonts.o
 .text._ZNK12_GLOBAL__N_124font_OSD_Charset_11_type8get_sizeEv
                0x0800c168        0xc obj/fonts.o
 .text._ZNK12_GLOBAL__N_124font_OSD_Charset_12_type8get_dataEv
                0x0800c174        0xc obj/fonts.o
 .text._ZNK12_GLOBAL__N_124font_OSD_Charset_12_type8get_sizeEv
                0x0800c180        0xc obj/fonts.o
 .text._ZNK12_GLOBAL__N_124font_OSD_Charset_13_type8get_dataEv
                0x0800c18c        0xc obj/fonts.o
 .text._ZNK12_GLOBAL__N_124font_OSD_Charset_13_type8get_sizeEv
                0x0800c198        0xc obj/fonts.o
 .text._ZNK12_GLOBAL__N_124font_OSD_Charset_14_type8get_dataEv
                0x0800c1a4        0xc obj/fonts.o
 .text._ZNK12_GLOBAL__N_124font_OSD_Charset_14_type8get_sizeEv
                0x0800c1b0        0xc obj/fonts.o
 .text._ZNK12_GLOBAL__N_124font_OSD_Charset_15_type8get_dataEv
                0x0800c1bc        0xc obj/fonts.o
 .text._ZNK12_GLOBAL__N_124font_OSD_Charset_15_type8get_sizeEv
                0x0800c1c8        0xc obj/fonts.o
 .text._ZNK12_GLOBAL__N_124font_OSD_Charset_16_type8get_dataEv
                0x0800c1d4        0xc obj/fonts.o
 .text._ZNK12_GLOBAL__N_124font_OSD_Charset_16_type8get_sizeEv
                0x0800c1e0        0xc obj/fonts.o
 .text._ZNK12_GLOBAL__N_124font_OSD_Charset_17_type8get_dataEv
                0x0800c1ec        0xc obj/fonts.o
 .text._ZNK12_GLOBAL__N_124font_OSD_Charset_17_type8get_sizeEv
                0x0800c1f8        0xc obj/fonts.o
 .text._ZNK12_GLOBAL__N_124font_OSD_Charset_18_type8get_dataEv
                0x0800c204        0xc obj/fonts.o
 .text._ZNK12_GLOBAL__N_124font_OSD_Charset_18_type8get_sizeEv
                0x0800c210        0xc obj/fonts.o
 .text._ZNK12_GLOBAL__N_124font_OSD_Charset_19_type8get_dataEv
                0x0800c21c        0xc obj/fonts.o
 .text._ZNK12_GLOBAL__N_124font_OSD_Charset_19_type8get_sizeEv
                0x0800c228        0xc obj/fonts.o
 .text._ZNK12_GLOBAL__N_124font_OSD_Charset_20_type8get_dataEv
                0x0800c234        0xc obj/fonts.o
 .text._ZNK12_GLOBAL__N_124font_OSD_Charset_20_type8get_sizeEv
                0x0800c240        0xc obj/fonts.o
 .text._ZNK12_GLOBAL__N_124font_OSD_Charset_21_type8get_dataEv
                0x0800c24c        0xc obj/fonts.o
 .text._ZNK12_GLOBAL__N_124font_OSD_Charset_21_type8get_sizeEv
                0x0800c258        0xc obj/fonts.o
 .text._ZNK12_GLOBAL__N_124font_OSD_Charset_22_type8get_dataEv
                0x0800c264        0xc obj/fonts.o
 .text._ZNK12_GLOBAL__N_124font_OSD_Charset_22_type8get_sizeEv
                0x0800c270        0xc obj/fonts.o
 .text._ZNK12_GLOBAL__N_124font_OSD_Charset_23_type8get_dataEv
                0x0800c27c        0xc obj/fonts.o
 .text._ZNK12_GLOBAL__N_124font_OSD_Charset_23_type8get_sizeEv
                0x0800c288        0xc obj/fonts.o
 .text._ZNK12_GLOBAL__N_124font_OSD_Charset_24_type8get_dataEv
                0x0800c294        0xc obj/fonts.o
 .text._ZNK12_GLOBAL__N_124font_OSD_Charset_24_type8get_sizeEv
                0x0800c2a0        0xc obj/fonts.o
 .text._ZNK12_GLOBAL__N_124font_OSD_Charset_25_type8get_dataEv
                0x0800c2ac        0xc obj/fonts.o
 .text._ZNK12_GLOBAL__N_124font_OSD_Charset_25_type8get_sizeEv
                0x0800c2b8        0xc obj/fonts.o
 .text._ZNK12_GLOBAL__N_124font_OSD_Charset_26_type8get_dataEv
                0x0800c2c4        0xc obj/fonts.o
 .text._ZNK12_GLOBAL__N_124font_OSD_Charset_26_type8get_sizeEv
                0x0800c2d0        0xc obj/fonts.o
 .text._ZNK12_GLOBAL__N_124font_OSD_Charset_27_type8get_dataEv
                0x0800c2dc        0xc obj/fonts.o
 .text._ZNK12_GLOBAL__N_124font_OSD_Charset_27_type8get_sizeEv
                0x0800c2e8        0xc obj/fonts.o
 .text._ZNK12_GLOBAL__N_124font_OSD_Charset_28_type8get_dataEv
                0x0800c2f4        0xc obj/fonts.o
 .text._ZNK12_GLOBAL__N_124font_OSD_Charset_28_type8get_sizeEv
                0x0800c300        0xc obj/fonts.o
 .text._ZNK12_GLOBAL__N_124font_OSD_Charset_29_type8get_dataEv
                0x0800c30c        0xc obj/fonts.o
 .text._ZNK12_GLOBAL__N_124font_OSD_Charset_29_type8get_sizeEv
                0x0800c318        0xc obj/fonts.o
 .text._ZNK12_GLOBAL__N_124font_OSD_Charset_30_type8get_dataEv
                0x0800c324        0xc obj/fonts.o
 .text._ZNK12_GLOBAL__N_124font_OSD_Charset_30_type8get_sizeEv
                0x0800c330        0xc obj/fonts.o
 .text._ZNK12_GLOBAL__N_124font_OSD_Charset_31_type8get_dataEv
                0x0800c33c        0xc obj/fonts.o
 .text._ZNK12_GLOBAL__N_124font_OSD_Charset_31_type8get_sizeEv
                0x0800c348        0xc obj/fonts.o
 .text._ZNK12_GLOBAL__N_124font_OSD_Charset_32_type8get_dataEv
                0x0800c354        0xc obj/fonts.o
 .text._ZNK12_GLOBAL__N_124font_OSD_Charset_32_type8get_sizeEv
                0x0800c360        0xc obj/fonts.o
 .text._ZNK12_GLOBAL__N_124font_OSD_Charset_33_type8get_dataEv
                0x0800c36c        0xc obj/fonts.o
 .text._ZNK12_GLOBAL__N_124font_OSD_Charset_33_type8get_sizeEv
                0x0800c378        0xc obj/fonts.o
 .text._ZNK12_GLOBAL__N_124font_OSD_Charset_34_type8get_dataEv
                0x0800c384        0xc obj/fonts.o
 .text._ZNK12_GLOBAL__N_124font_OSD_Charset_34_type8get_sizeEv
                0x0800c390        0xc obj/fonts.o
 .text._ZNK12_GLOBAL__N_124font_OSD_Charset_35_type8get_dataEv
                0x0800c39c        0xc obj/fonts.o
 .text._ZNK12_GLOBAL__N_124font_OSD_Charset_35_type8get_sizeEv
                0x0800c3a8        0xc obj/fonts.o
 .text._ZNK12_GLOBAL__N_124font_OSD_Charset_36_type8get_dataEv
                0x0800c3b4        0xc obj/fonts.o
 .text._ZNK12_GLOBAL__N_124font_OSD_Charset_36_type8get_sizeEv
                0x0800c3c0        0xc obj/fonts.o
 .text._ZNK12_GLOBAL__N_124font_OSD_Charset_37_type8get_dataEv
                0x0800c3cc        0xc obj/fonts.o
 .text._ZNK12_GLOBAL__N_124font_OSD_Charset_37_type8get_sizeEv
                0x0800c3d8        0xc obj/fonts.o
 .text._ZNK12_GLOBAL__N_124font_OSD_Charset_38_type8get_dataEv
                0x0800c3e4        0xc obj/fonts.o
 .text._ZNK12_GLOBAL__N_124font_OSD_Charset_38_type8get_sizeEv
                0x0800c3f0        0xc obj/fonts.o
 .text._ZNK12_GLOBAL__N_124font_OSD_Charset_39_type8get_dataEv
                0x0800c3fc        0xc obj/fonts.o
 .text._ZNK12_GLOBAL__N_124font_OSD_Charset_39_type8get_sizeEv
                0x0800c408        0xc obj/fonts.o
 .text._ZNK12_GLOBAL__N_124font_OSD_Charset_40_type8get_dataEv
                0x0800c414        0xc obj/fonts.o
 .text._ZNK12_GLOBAL__N_124font_OSD_Charset_40_type8get_sizeEv
                0x0800c420        0xc obj/fonts.o
 .text._ZNK12_GLOBAL__N_124font_OSD_Charset_41_type8get_dataEv
                0x0800c42c        0xc obj/fonts.o
 .text._ZNK12_GLOBAL__N_124font_OSD_Charset_41_type8get_sizeEv
                0x0800c438        0xc obj/fonts.o
 .text._ZNK12_GLOBAL__N_124font_OSD_Charset_42_type8get_dataEv
                0x0800c444        0xc obj/fonts.o
 .text._ZNK12_GLOBAL__N_124font_OSD_Charset_42_type8get_sizeEv
                0x0800c450        0xc obj/fonts.o
 .text._ZNK12_GLOBAL__N_124font_OSD_Charset_43_type8get_dataEv
                0x0800c45c        0xc obj/fonts.o
 .text._ZNK12_GLOBAL__N_124font_OSD_Charset_43_type8get_sizeEv
                0x0800c468        0xc obj/fonts.o
 .text._ZNK12_GLOBAL__N_124font_OSD_Charset_44_type8get_dataEv
                0x0800c474        0xc obj/fonts.o
 .text._ZNK12_GLOBAL__N_124font_OSD_Charset_44_type8get_sizeEv
                0x0800c480        0xc obj/fonts.o
 .text._ZNK12_GLOBAL__N_124font_OSD_Charset_45_type8get_dataEv
                0x0800c48c        0xc obj/fonts.o
 .text._ZNK12_GLOBAL__N_124font_OSD_Charset_45_type8get_sizeEv
                0x0800c498        0xc obj/fonts.o
 .text._ZNK12_GLOBAL__N_124font_OSD_Charset_46_type8get_dataEv
                0x0800c4a4        0xc obj/fonts.o
 .text._ZNK12_GLOBAL__N_124font_OSD_Charset_46_type8get_sizeEv
                0x0800c4b0        0xc obj/fonts.o
 .text._ZNK12_GLOBAL__N_124font_OSD_Charset_47_type8get_dataEv
                0x0800c4bc        0xc obj/fonts.o
 .text._ZNK12_GLOBAL__N_124font_OSD_Charset_47_type8get_sizeEv
                0x0800c4c8        0xc obj/fonts.o
 .text._ZNK12_GLOBAL__N_124font_OSD_Charset_48_type8get_dataEv
                0x0800c4d4        0xc obj/fonts.o
 .text._ZNK12_GLOBAL__N_124font_OSD_Charset_48_type8get_sizeEv
                0x0800c4e0        0xc obj/fonts.o
 .text._ZNK12_GLOBAL__N_124font_OSD_Charset_49_type8get_dataEv
                0x0800c4ec        0xc obj/fonts.o
 .text._ZNK12_GLOBAL__N_124font_OSD_Charset_49_type8get_sizeEv
                0x0800c4f8        0xc obj/fonts.o
 .text._ZNK12_GLOBAL__N_124font_OSD_Charset_50_type8get_dataEv
                0x0800c504        0xc obj/fonts.o
 .text._ZNK12_GLOBAL__N_124font_OSD_Charset_50_type8get_sizeEv
                0x0800c510        0xc obj/fonts.o
 .text._ZNK12_GLOBAL__N_124font_OSD_Charset_51_type8get_dataEv
                0x0800c51c        0xc obj/fonts.o
 .text._ZNK12_GLOBAL__N_124font_OSD_Charset_51_type8get_sizeEv
                0x0800c528        0xc obj/fonts.o
 .text._ZNK12_GLOBAL__N_124font_OSD_Charset_52_type8get_dataEv
                0x0800c534        0xc obj/fonts.o
 .text._ZNK12_GLOBAL__N_124font_OSD_Charset_52_type8get_sizeEv
                0x0800c540        0xc obj/fonts.o
 .text._ZNK12_GLOBAL__N_124font_OSD_Charset_53_type8get_dataEv
                0x0800c54c        0xc obj/fonts.o
 .text._ZNK12_GLOBAL__N_124font_OSD_Charset_53_type8get_sizeEv
                0x0800c558        0xc obj/fonts.o
 .text._ZNK12_GLOBAL__N_124font_OSD_Charset_54_type8get_dataEv
                0x0800c564        0xc obj/fonts.o
 .text._ZNK12_GLOBAL__N_124font_OSD_Charset_54_type8get_sizeEv
                0x0800c570        0xc obj/fonts.o
 .text._ZNK12_GLOBAL__N_124font_OSD_Charset_55_type8get_dataEv
                0x0800c57c        0xc obj/fonts.o
 .text._ZNK12_GLOBAL__N_124font_OSD_Charset_55_type8get_sizeEv
                0x0800c588        0xc obj/fonts.o
 .text._ZNK12_GLOBAL__N_124font_OSD_Charset_56_type8get_dataEv
                0x0800c594        0xc obj/fonts.o
 .text._ZNK12_GLOBAL__N_124font_OSD_Charset_56_type8get_sizeEv
                0x0800c5a0        0xc obj/fonts.o
 .text._ZNK12_GLOBAL__N_124font_OSD_Charset_57_type8get_dataEv
                0x0800c5ac        0xc obj/fonts.o
 .text._ZNK12_GLOBAL__N_124font_OSD_Charset_57_type8get_sizeEv
                0x0800c5b8        0xc obj/fonts.o
 .text._ZNK12_GLOBAL__N_124font_OSD_Charset_58_type8get_dataEv
                0x0800c5c4        0xc obj/fonts.o
 .text._ZNK12_GLOBAL__N_124font_OSD_Charset_58_type8get_sizeEv
                0x0800c5d0        0xc obj/fonts.o
 .text._ZNK12_GLOBAL__N_124font_OSD_Charset_59_type8get_dataEv
                0x0800c5dc        0xc obj/fonts.o
 .text._ZNK12_GLOBAL__N_124font_OSD_Charset_59_type8get_sizeEv
                0x0800c5e8        0xc obj/fonts.o
 .text._ZNK12_GLOBAL__N_124font_OSD_Charset_60_type8get_dataEv
                0x0800c5f4        0xc obj/fonts.o
 .text._ZNK12_GLOBAL__N_124font_OSD_Charset_60_type8get_sizeEv
                0x0800c600        0xc obj/fonts.o
 .text._ZNK12_GLOBAL__N_124font_OSD_Charset_61_type8get_dataEv
                0x0800c60c        0xc obj/fonts.o
 .text._ZNK12_GLOBAL__N_124font_OSD_Charset_61_type8get_sizeEv
                0x0800c618        0xc obj/fonts.o
 .text._ZNK12_GLOBAL__N_124font_OSD_Charset_62_type8get_dataEv
                0x0800c624        0xc obj/fonts.o
 .text._ZNK12_GLOBAL__N_124font_OSD_Charset_62_type8get_sizeEv
                0x0800c630        0xc obj/fonts.o
 .text._ZNK12_GLOBAL__N_124font_OSD_Charset_63_type8get_dataEv
                0x0800c63c        0xc obj/fonts.o
 .text._ZNK12_GLOBAL__N_124font_OSD_Charset_63_type8get_sizeEv
                0x0800c648        0xc obj/fonts.o
 .text._ZNK12_GLOBAL__N_124font_OSD_Charset_64_type8get_dataEv
                0x0800c654        0xc obj/fonts.o
 .text._ZNK12_GLOBAL__N_124font_OSD_Charset_64_type8get_sizeEv
                0x0800c660        0xc obj/fonts.o
 .text._ZNK12_GLOBAL__N_124font_OSD_Charset_65_type8get_dataEv
                0x0800c66c        0xc obj/fonts.o
 .text._ZNK12_GLOBAL__N_124font_OSD_Charset_65_type8get_sizeEv
                0x0800c678        0xc obj/fonts.o
 .text._ZNK12_GLOBAL__N_124font_OSD_Charset_66_type8get_dataEv
                0x0800c684        0xc obj/fonts.o
 .text._ZNK12_GLOBAL__N_124font_OSD_Charset_66_type8get_sizeEv
                0x0800c690        0xc obj/fonts.o
 .text._ZNK12_GLOBAL__N_124font_OSD_Charset_67_type8get_dataEv
                0x0800c69c        0xc obj/fonts.o
 .text._ZNK12_GLOBAL__N_124font_OSD_Charset_67_type8get_sizeEv
                0x0800c6a8        0xc obj/fonts.o
 .text._ZNK12_GLOBAL__N_124font_OSD_Charset_68_type8get_dataEv
                0x0800c6b4        0xc obj/fonts.o
 .text._ZNK12_GLOBAL__N_124font_OSD_Charset_68_type8get_sizeEv
                0x0800c6c0        0xc obj/fonts.o
 .text._ZNK12_GLOBAL__N_124font_OSD_Charset_69_type8get_dataEv
                0x0800c6cc        0xc obj/fonts.o
 .text._ZNK12_GLOBAL__N_124font_OSD_Charset_69_type8get_sizeEv
                0x0800c6d8        0xc obj/fonts.o
 .text._ZNK12_GLOBAL__N_124font_OSD_Charset_70_type8get_dataEv
                0x0800c6e4        0xc obj/fonts.o
 .text._ZNK12_GLOBAL__N_124font_OSD_Charset_70_type8get_sizeEv
                0x0800c6f0        0xc obj/fonts.o
 .text._ZNK12_GLOBAL__N_124font_OSD_Charset_71_type8get_dataEv
                0x0800c6fc        0xc obj/fonts.o
 .text._ZNK12_GLOBAL__N_124font_OSD_Charset_71_type8get_sizeEv
                0x0800c708        0xc obj/fonts.o
 .text._ZNK12_GLOBAL__N_124font_OSD_Charset_72_type8get_dataEv
                0x0800c714        0xc obj/fonts.o
 .text._ZNK12_GLOBAL__N_124font_OSD_Charset_72_type8get_sizeEv
                0x0800c720        0xc obj/fonts.o
 .text._ZNK12_GLOBAL__N_124font_OSD_Charset_73_type8get_dataEv
                0x0800c72c        0xc obj/fonts.o
 .text._ZNK12_GLOBAL__N_124font_OSD_Charset_73_type8get_sizeEv
                0x0800c738        0xc obj/fonts.o
 .text._ZNK12_GLOBAL__N_124font_OSD_Charset_74_type8get_dataEv
                0x0800c744        0xc obj/fonts.o
 .text._ZNK12_GLOBAL__N_124font_OSD_Charset_74_type8get_sizeEv
                0x0800c750        0xc obj/fonts.o
 .text._ZNK12_GLOBAL__N_124font_OSD_Charset_75_type8get_dataEv
                0x0800c75c        0xc obj/fonts.o
 .text._ZNK12_GLOBAL__N_124font_OSD_Charset_75_type8get_sizeEv
                0x0800c768        0xc obj/fonts.o
 .text._ZNK12_GLOBAL__N_124font_OSD_Charset_76_type8get_dataEv
                0x0800c774        0xc obj/fonts.o
 .text._ZNK12_GLOBAL__N_124font_OSD_Charset_76_type8get_sizeEv
                0x0800c780        0xc obj/fonts.o
 .text._ZNK12_GLOBAL__N_124font_OSD_Charset_77_type8get_dataEv
                0x0800c78c        0xc obj/fonts.o
 .text._ZNK12_GLOBAL__N_124font_OSD_Charset_77_type8get_sizeEv
                0x0800c798        0xc obj/fonts.o
 .text._ZNK12_GLOBAL__N_124font_OSD_Charset_78_type8get_dataEv
                0x0800c7a4        0xc obj/fonts.o
 .text._ZNK12_GLOBAL__N_124font_OSD_Charset_78_type8get_sizeEv
                0x0800c7b0        0xc obj/fonts.o
 .text._ZNK12_GLOBAL__N_124font_OSD_Charset_79_type8get_dataEv
                0x0800c7bc        0xc obj/fonts.o
 .text._ZNK12_GLOBAL__N_124font_OSD_Charset_79_type8get_sizeEv
                0x0800c7c8        0xc obj/fonts.o
 .text._ZNK12_GLOBAL__N_124font_OSD_Charset_80_type8get_dataEv
                0x0800c7d4        0xc obj/fonts.o
 .text._ZNK12_GLOBAL__N_124font_OSD_Charset_80_type8get_sizeEv
                0x0800c7e0        0xc obj/fonts.o
 .text._ZNK12_GLOBAL__N_124font_OSD_Charset_81_type8get_dataEv
                0x0800c7ec        0xc obj/fonts.o
 .text._ZNK12_GLOBAL__N_124font_OSD_Charset_81_type8get_sizeEv
                0x0800c7f8        0xc obj/fonts.o
 .text._ZNK12_GLOBAL__N_124font_OSD_Charset_82_type8get_dataEv
                0x0800c804        0xc obj/fonts.o
 .text._ZNK12_GLOBAL__N_124font_OSD_Charset_82_type8get_sizeEv
                0x0800c810        0xc obj/fonts.o
 .text._ZNK12_GLOBAL__N_124font_OSD_Charset_83_type8get_dataEv
                0x0800c81c        0xc obj/fonts.o
 .text._ZNK12_GLOBAL__N_124font_OSD_Charset_83_type8get_sizeEv
                0x0800c828        0xc obj/fonts.o
 .text._ZNK12_GLOBAL__N_124font_OSD_Charset_84_type8get_dataEv
                0x0800c834        0xc obj/fonts.o
 .text._ZNK12_GLOBAL__N_124font_OSD_Charset_84_type8get_sizeEv
                0x0800c840        0xc obj/fonts.o
 .text._ZNK12_GLOBAL__N_124font_OSD_Charset_85_type8get_dataEv
                0x0800c84c        0xc obj/fonts.o
 .text._ZNK12_GLOBAL__N_124font_OSD_Charset_85_type8get_sizeEv
                0x0800c858        0xc obj/fonts.o
 .text._ZNK12_GLOBAL__N_124font_OSD_Charset_86_type8get_dataEv
                0x0800c864        0xc obj/fonts.o
 .text._ZNK12_GLOBAL__N_124font_OSD_Charset_86_type8get_sizeEv
                0x0800c870        0xc obj/fonts.o
 .text._ZNK12_GLOBAL__N_124font_OSD_Charset_87_type8get_dataEv
                0x0800c87c        0xc obj/fonts.o
 .text._ZNK12_GLOBAL__N_124font_OSD_Charset_87_type8get_sizeEv
                0x0800c888        0xc obj/fonts.o
 .text._ZNK12_GLOBAL__N_124font_OSD_Charset_88_type8get_dataEv
                0x0800c894        0xc obj/fonts.o
 .text._ZNK12_GLOBAL__N_124font_OSD_Charset_88_type8get_sizeEv
                0x0800c8a0        0xc obj/fonts.o
 .text._ZNK12_GLOBAL__N_124font_OSD_Charset_89_type8get_dataEv
                0x0800c8ac        0xc obj/fonts.o
 .text._ZNK12_GLOBAL__N_124font_OSD_Charset_89_type8get_sizeEv
                0x0800c8b8        0xc obj/fonts.o
 .text._ZNK12_GLOBAL__N_124font_OSD_Charset_90_type8get_dataEv
                0x0800c8c4        0xc obj/fonts.o
 .text._ZNK12_GLOBAL__N_124font_OSD_Charset_90_type8get_sizeEv
                0x0800c8d0        0xc obj/fonts.o
 .text._ZNK12_GLOBAL__N_124font_OSD_Charset_91_type8get_dataEv
                0x0800c8dc        0xc obj/fonts.o
 .text._ZNK12_GLOBAL__N_124font_OSD_Charset_91_type8get_sizeEv
                0x0800c8e8        0xc obj/fonts.o
 .text._ZNK12_GLOBAL__N_124font_OSD_Charset_92_type8get_dataEv
                0x0800c8f4        0xc obj/fonts.o
 .text._ZNK12_GLOBAL__N_124font_OSD_Charset_92_type8get_sizeEv
                0x0800c900        0xc obj/fonts.o
 .text._ZNK12_GLOBAL__N_124font_OSD_Charset_93_type8get_dataEv
                0x0800c90c        0xc obj/fonts.o
 .text._ZNK12_GLOBAL__N_124font_OSD_Charset_93_type8get_sizeEv
                0x0800c918        0xc obj/fonts.o
 .text._ZNK12_GLOBAL__N_124font_OSD_Charset_94_type8get_dataEv
                0x0800c924        0xc obj/fonts.o
 .text._ZNK12_GLOBAL__N_124font_OSD_Charset_94_type8get_sizeEv
                0x0800c930        0xc obj/fonts.o
 .text._ZNK12_GLOBAL__N_124font_OSD_Charset_95_type8get_dataEv
                0x0800c93c        0xc obj/fonts.o
 .text._ZNK12_GLOBAL__N_124font_OSD_Charset_95_type8get_sizeEv
                0x0800c948        0xc obj/fonts.o
 .text._ZNK12_GLOBAL__N_124font_OSD_Charset_96_type8get_dataEv
                0x0800c954        0xc obj/fonts.o
 .text._ZNK12_GLOBAL__N_124font_OSD_Charset_96_type8get_sizeEv
                0x0800c960        0xc obj/fonts.o
 .text._ZNK12_GLOBAL__N_124font_OSD_Charset_97_type8get_dataEv
                0x0800c96c        0xc obj/fonts.o
 .text._ZNK12_GLOBAL__N_124font_OSD_Charset_97_type8get_sizeEv
                0x0800c978        0xc obj/fonts.o
 .text._ZNK12_GLOBAL__N_124font_OSD_Charset_98_type8get_dataEv
                0x0800c984        0xc obj/fonts.o
 .text._ZNK12_GLOBAL__N_124font_OSD_Charset_98_type8get_sizeEv
                0x0800c990        0xc obj/fonts.o
 .text._ZNK12_GLOBAL__N_124font_OSD_Charset_99_type8get_dataEv
                0x0800c99c        0xc obj/fonts.o
 .text._ZNK12_GLOBAL__N_124font_OSD_Charset_99_type8get_sizeEv
                0x0800c9a8        0xc obj/fonts.o
 .text._ZNK12_GLOBAL__N_125font_OSD_Charset_100_type8get_dataEv
                0x0800c9b4        0xc obj/fonts.o
 .text._ZNK12_GLOBAL__N_125font_OSD_Charset_100_type8get_sizeEv
                0x0800c9c0        0xc obj/fonts.o
 .text._ZNK12_GLOBAL__N_125font_OSD_Charset_101_type8get_dataEv
                0x0800c9cc        0xc obj/fonts.o
 .text._ZNK12_GLOBAL__N_125font_OSD_Charset_101_type8get_sizeEv
                0x0800c9d8        0xc obj/fonts.o
 .text._ZNK12_GLOBAL__N_125font_OSD_Charset_102_type8get_dataEv
                0x0800c9e4        0xc obj/fonts.o
 .text._ZNK12_GLOBAL__N_125font_OSD_Charset_102_type8get_sizeEv
                0x0800c9f0        0xc obj/fonts.o
 .text._ZNK12_GLOBAL__N_125font_OSD_Charset_103_type8get_dataEv
                0x0800c9fc        0xc obj/fonts.o
 .text._ZNK12_GLOBAL__N_125font_OSD_Charset_103_type8get_sizeEv
                0x0800ca08        0xc obj/fonts.o
 .text._ZNK12_GLOBAL__N_125font_OSD_Charset_104_type8get_dataEv
                0x0800ca14        0xc obj/fonts.o
 .text._ZNK12_GLOBAL__N_125font_OSD_Charset_104_type8get_sizeEv
                0x0800ca20        0xc obj/fonts.o
 .text._ZNK12_GLOBAL__N_125font_OSD_Charset_105_type8get_dataEv
                0x0800ca2c        0xc obj/fonts.o
 .text._ZNK12_GLOBAL__N_125font_OSD_Charset_105_type8get_sizeEv
                0x0800ca38        0xc obj/fonts.o
 .text._ZNK12_GLOBAL__N_125font_OSD_Charset_106_type8get_dataEv
                0x0800ca44        0xc obj/fonts.o
 .text._ZNK12_GLOBAL__N_125font_OSD_Charset_106_type8get_sizeEv
                0x0800ca50        0xc obj/fonts.o
 .text._ZNK12_GLOBAL__N_125font_OSD_Charset_107_type8get_dataEv
                0x0800ca5c        0xc obj/fonts.o
 .text._ZNK12_GLOBAL__N_125font_OSD_Charset_107_type8get_sizeEv
                0x0800ca68        0xc obj/fonts.o
 .text._ZNK12_GLOBAL__N_125font_OSD_Charset_108_type8get_dataEv
                0x0800ca74        0xc obj/fonts.o
 .text._ZNK12_GLOBAL__N_125font_OSD_Charset_108_type8get_sizeEv
                0x0800ca80        0xc obj/fonts.o
 .text._ZNK12_GLOBAL__N_125font_OSD_Charset_109_type8get_dataEv
                0x0800ca8c        0xc obj/fonts.o
 .text._ZNK12_GLOBAL__N_125font_OSD_Charset_109_type8get_sizeEv
                0x0800ca98        0xc obj/fonts.o
 .text._ZNK12_GLOBAL__N_125font_OSD_Charset_110_type8get_dataEv
                0x0800caa4        0xc obj/fonts.o
 .text._ZNK12_GLOBAL__N_125font_OSD_Charset_110_type8get_sizeEv
                0x0800cab0        0xc obj/fonts.o
 .text._ZNK12_GLOBAL__N_125font_OSD_Charset_111_type8get_dataEv
                0x0800cabc        0xc obj/fonts.o
 .text._ZNK12_GLOBAL__N_125font_OSD_Charset_111_type8get_sizeEv
                0x0800cac8        0xc obj/fonts.o
 .text._ZNK12_GLOBAL__N_125font_OSD_Charset_112_type8get_dataEv
                0x0800cad4        0xc obj/fonts.o
 .text._ZNK12_GLOBAL__N_125font_OSD_Charset_112_type8get_sizeEv
                0x0800cae0        0xc obj/fonts.o
 .text._ZNK12_GLOBAL__N_125font_OSD_Charset_113_type8get_dataEv
                0x0800caec        0xc obj/fonts.o
 .text._ZNK12_GLOBAL__N_125font_OSD_Charset_113_type8get_sizeEv
                0x0800caf8        0xc obj/fonts.o
 .text._ZNK12_GLOBAL__N_125font_OSD_Charset_114_type8get_dataEv
                0x0800cb04        0xc obj/fonts.o
 .text._ZNK12_GLOBAL__N_125font_OSD_Charset_114_type8get_sizeEv
                0x0800cb10        0xc obj/fonts.o
 .text._ZNK12_GLOBAL__N_125font_OSD_Charset_115_type8get_dataEv
                0x0800cb1c        0xc obj/fonts.o
 .text._ZNK12_GLOBAL__N_125font_OSD_Charset_115_type8get_sizeEv
                0x0800cb28        0xc obj/fonts.o
 .text._ZNK12_GLOBAL__N_125font_OSD_Charset_116_type8get_dataEv
                0x0800cb34        0xc obj/fonts.o
 .text._ZNK12_GLOBAL__N_125font_OSD_Charset_116_type8get_sizeEv
                0x0800cb40        0xc obj/fonts.o
 .text._ZNK12_GLOBAL__N_125font_OSD_Charset_117_type8get_dataEv
                0x0800cb4c        0xc obj/fonts.o
 .text._ZNK12_GLOBAL__N_125font_OSD_Charset_117_type8get_sizeEv
                0x0800cb58        0xc obj/fonts.o
 .text._ZNK12_GLOBAL__N_125font_OSD_Charset_118_type8get_dataEv
                0x0800cb64        0xc obj/fonts.o
 .text._ZNK12_GLOBAL__N_125font_OSD_Charset_118_type8get_sizeEv
                0x0800cb70        0xc obj/fonts.o
 .text._ZNK12_GLOBAL__N_125font_OSD_Charset_119_type8get_dataEv
                0x0800cb7c        0xc obj/fonts.o
 .text._ZNK12_GLOBAL__N_125font_OSD_Charset_119_type8get_sizeEv
                0x0800cb88        0xc obj/fonts.o
 .text._ZNK12_GLOBAL__N_125font_OSD_Charset_120_type8get_dataEv
                0x0800cb94        0xc obj/fonts.o
 .text._ZNK12_GLOBAL__N_125font_OSD_Charset_120_type8get_sizeEv
                0x0800cba0        0xc obj/fonts.o
 .text._ZNK12_GLOBAL__N_125font_OSD_Charset_121_type8get_dataEv
                0x0800cbac        0xc obj/fonts.o
 .text._ZNK12_GLOBAL__N_125font_OSD_Charset_121_type8get_sizeEv
                0x0800cbb8        0xc obj/fonts.o
 .text._ZNK12_GLOBAL__N_125font_OSD_Charset_122_type8get_dataEv
                0x0800cbc4        0xc obj/fonts.o
 .text._ZNK12_GLOBAL__N_125font_OSD_Charset_122_type8get_sizeEv
                0x0800cbd0        0xc obj/fonts.o
 .text._ZNK12_GLOBAL__N_125font_OSD_Charset_123_type8get_dataEv
                0x0800cbdc        0xc obj/fonts.o
 .text._ZNK12_GLOBAL__N_125font_OSD_Charset_123_type8get_sizeEv
                0x0800cbe8        0xc obj/fonts.o
 .text._ZNK12_GLOBAL__N_125font_OSD_Charset_124_type8get_dataEv
                0x0800cbf4        0xc obj/fonts.o
 .text._ZNK12_GLOBAL__N_125font_OSD_Charset_124_type8get_sizeEv
                0x0800cc00        0xc obj/fonts.o
 .text._ZNK12_GLOBAL__N_125font_OSD_Charset_125_type8get_dataEv
                0x0800cc0c        0xc obj/fonts.o
 .text._ZNK12_GLOBAL__N_125font_OSD_Charset_125_type8get_sizeEv
                0x0800cc18        0xc obj/fonts.o
 .text._ZNK12_GLOBAL__N_125font_OSD_Charset_126_type8get_dataEv
                0x0800cc24        0xc obj/fonts.o
 .text._ZNK12_GLOBAL__N_125font_OSD_Charset_126_type8get_sizeEv
                0x0800cc30        0xc obj/fonts.o
 .text._ZNK12_GLOBAL__N_125font_OSD_Charset_127_type8get_dataEv
                0x0800cc3c        0xc obj/fonts.o
 .text._ZNK12_GLOBAL__N_125font_OSD_Charset_127_type8get_sizeEv
                0x0800cc48        0xc obj/fonts.o
 .text._ZNK12_GLOBAL__N_125font_OSD_Charset_128_type8get_dataEv
                0x0800cc54        0xc obj/fonts.o
 .text._ZNK12_GLOBAL__N_125font_OSD_Charset_128_type8get_sizeEv
                0x0800cc60        0xc obj/fonts.o
 .text._ZNK12_GLOBAL__N_125font_OSD_Charset_129_type8get_dataEv
                0x0800cc6c        0xc obj/fonts.o
 .text._ZNK12_GLOBAL__N_125font_OSD_Charset_129_type8get_sizeEv
                0x0800cc78        0xc obj/fonts.o
 .text._ZNK12_GLOBAL__N_125font_OSD_Charset_130_type8get_dataEv
                0x0800cc84        0xc obj/fonts.o
 .text._ZNK12_GLOBAL__N_125font_OSD_Charset_130_type8get_sizeEv
                0x0800cc90        0xc obj/fonts.o
 .text._ZNK12_GLOBAL__N_125font_OSD_Charset_131_type8get_dataEv
                0x0800cc9c        0xc obj/fonts.o
 .text._ZNK12_GLOBAL__N_125font_OSD_Charset_131_type8get_sizeEv
                0x0800cca8        0xc obj/fonts.o
 .text._ZNK12_GLOBAL__N_125font_OSD_Charset_132_type8get_dataEv
                0x0800ccb4        0xc obj/fonts.o
 .text._ZNK12_GLOBAL__N_125font_OSD_Charset_132_type8get_sizeEv
                0x0800ccc0        0xc obj/fonts.o
 .text._ZNK12_GLOBAL__N_125font_OSD_Charset_133_type8get_dataEv
                0x0800cccc        0xc obj/fonts.o
 .text._ZNK12_GLOBAL__N_125font_OSD_Charset_133_type8get_sizeEv
                0x0800ccd8        0xc obj/fonts.o
 .text._ZNK12_GLOBAL__N_125font_OSD_Charset_134_type8get_dataEv
                0x0800cce4        0xc obj/fonts.o
 .text._ZNK12_GLOBAL__N_125font_OSD_Charset_134_type8get_sizeEv
                0x0800ccf0        0xc obj/fonts.o
 .text._ZNK12_GLOBAL__N_125font_OSD_Charset_135_type8get_dataEv
                0x0800ccfc        0xc obj/fonts.o
 .text._ZNK12_GLOBAL__N_125font_OSD_Charset_135_type8get_sizeEv
                0x0800cd08        0xc obj/fonts.o
 .text._ZNK12_GLOBAL__N_125font_OSD_Charset_136_type8get_dataEv
                0x0800cd14        0xc obj/fonts.o
 .text._ZNK12_GLOBAL__N_125font_OSD_Charset_136_type8get_sizeEv
                0x0800cd20        0xc obj/fonts.o
 .text._ZNK12_GLOBAL__N_125font_OSD_Charset_137_type8get_dataEv
                0x0800cd2c        0xc obj/fonts.o
 .text._ZNK12_GLOBAL__N_125font_OSD_Charset_137_type8get_sizeEv
                0x0800cd38        0xc obj/fonts.o
 .text._ZNK12_GLOBAL__N_125font_OSD_Charset_138_type8get_dataEv
                0x0800cd44        0xc obj/fonts.o
 .text._ZNK12_GLOBAL__N_125font_OSD_Charset_138_type8get_sizeEv
                0x0800cd50        0xc obj/fonts.o
 .text._ZNK12_GLOBAL__N_125font_OSD_Charset_139_type8get_dataEv
                0x0800cd5c        0xc obj/fonts.o
 .text._ZNK12_GLOBAL__N_125font_OSD_Charset_139_type8get_sizeEv
                0x0800cd68        0xc obj/fonts.o
 .text._ZNK12_GLOBAL__N_125font_OSD_Charset_140_type8get_dataEv
                0x0800cd74        0xc obj/fonts.o
 .text._ZNK12_GLOBAL__N_125font_OSD_Charset_140_type8get_sizeEv
                0x0800cd80        0xc obj/fonts.o
 .text._ZNK12_GLOBAL__N_125font_OSD_Charset_141_type8get_dataEv
                0x0800cd8c        0xc obj/fonts.o
 .text._ZNK12_GLOBAL__N_125font_OSD_Charset_141_type8get_sizeEv
                0x0800cd98        0xc obj/fonts.o
 .text._ZNK12_GLOBAL__N_125font_OSD_Charset_142_type8get_dataEv
                0x0800cda4        0xc obj/fonts.o
 .text._ZNK12_GLOBAL__N_125font_OSD_Charset_142_type8get_sizeEv
                0x0800cdb0        0xc obj/fonts.o
 .text._ZNK12_GLOBAL__N_125font_OSD_Charset_143_type8get_dataEv
                0x0800cdbc        0xc obj/fonts.o
 .text._ZNK12_GLOBAL__N_125font_OSD_Charset_143_type8get_sizeEv
                0x0800cdc8        0xc obj/fonts.o
 .text._ZNK12_GLOBAL__N_125font_OSD_Charset_144_type8get_dataEv
                0x0800cdd4        0xc obj/fonts.o
 .text._ZNK12_GLOBAL__N_125font_OSD_Charset_144_type8get_sizeEv
                0x0800cde0        0xc obj/fonts.o
 .text._ZNK12_GLOBAL__N_125font_OSD_Charset_145_type8get_dataEv
                0x0800cdec        0xc obj/fonts.o
 .text._ZNK12_GLOBAL__N_125font_OSD_Charset_145_type8get_sizeEv
                0x0800cdf8        0xc obj/fonts.o
 .text._ZNK12_GLOBAL__N_125font_OSD_Charset_146_type8get_dataEv
                0x0800ce04        0xc obj/fonts.o
 .text._ZNK12_GLOBAL__N_125font_OSD_Charset_146_type8get_sizeEv
                0x0800ce10        0xc obj/fonts.o
 .text._ZNK12_GLOBAL__N_125font_OSD_Charset_147_type8get_dataEv
                0x0800ce1c        0xc obj/fonts.o
 .text._ZNK12_GLOBAL__N_125font_OSD_Charset_147_type8get_sizeEv
                0x0800ce28        0xc obj/fonts.o
 .text._ZNK12_GLOBAL__N_125font_OSD_Charset_148_type8get_dataEv
                0x0800ce34        0xc obj/fonts.o
 .text._ZNK12_GLOBAL__N_125font_OSD_Charset_148_type8get_sizeEv
                0x0800ce40        0xc obj/fonts.o
 .text._ZNK12_GLOBAL__N_125font_OSD_Charset_149_type8get_dataEv
                0x0800ce4c        0xc obj/fonts.o
 .text._ZNK12_GLOBAL__N_125font_OSD_Charset_149_type8get_sizeEv
                0x0800ce58        0xc obj/fonts.o
 .text._ZNK12_GLOBAL__N_125font_OSD_Charset_150_type8get_dataEv
                0x0800ce64        0xc obj/fonts.o
 .text._ZNK12_GLOBAL__N_125font_OSD_Charset_150_type8get_sizeEv
                0x0800ce70        0xc obj/fonts.o
 .text._ZNK12_GLOBAL__N_125font_OSD_Charset_151_type8get_dataEv
                0x0800ce7c        0xc obj/fonts.o
 .text._ZNK12_GLOBAL__N_125font_OSD_Charset_151_type8get_sizeEv
                0x0800ce88        0xc obj/fonts.o
 .text._ZNK12_GLOBAL__N_125font_OSD_Charset_152_type8get_dataEv
                0x0800ce94        0xc obj/fonts.o
 .text._ZNK12_GLOBAL__N_125font_OSD_Charset_152_type8get_sizeEv
                0x0800cea0        0xc obj/fonts.o
 .text._ZNK12_GLOBAL__N_125font_OSD_Charset_153_type8get_dataEv
                0x0800ceac        0xc obj/fonts.o
 .text._ZNK12_GLOBAL__N_125font_OSD_Charset_153_type8get_sizeEv
                0x0800ceb8        0xc obj/fonts.o
 .text._ZNK12_GLOBAL__N_125font_OSD_Charset_154_type8get_dataEv
                0x0800cec4        0xc obj/fonts.o
 .text._ZNK12_GLOBAL__N_125font_OSD_Charset_154_type8get_sizeEv
                0x0800ced0        0xc obj/fonts.o
 .text._ZNK12_GLOBAL__N_125font_OSD_Charset_155_type8get_dataEv
                0x0800cedc        0xc obj/fonts.o
 .text._ZNK12_GLOBAL__N_125font_OSD_Charset_155_type8get_sizeEv
                0x0800cee8        0xc obj/fonts.o
 .text._ZNK12_GLOBAL__N_125font_OSD_Charset_156_type8get_dataEv
                0x0800cef4        0xc obj/fonts.o
 .text._ZNK12_GLOBAL__N_125font_OSD_Charset_156_type8get_sizeEv
                0x0800cf00        0xc obj/fonts.o
 .text._ZNK12_GLOBAL__N_125font_OSD_Charset_157_type8get_dataEv
                0x0800cf0c        0xc obj/fonts.o
 .text._ZNK12_GLOBAL__N_125font_OSD_Charset_157_type8get_sizeEv
                0x0800cf18        0xc obj/fonts.o
 .text._ZNK12_GLOBAL__N_125font_OSD_Charset_158_type8get_dataEv
                0x0800cf24        0xc obj/fonts.o
 .text._ZNK12_GLOBAL__N_125font_OSD_Charset_158_type8get_sizeEv
                0x0800cf30        0xc obj/fonts.o
 .text._ZNK12_GLOBAL__N_125font_OSD_Charset_159_type8get_dataEv
                0x0800cf3c        0xc obj/fonts.o
 .text._ZNK12_GLOBAL__N_125font_OSD_Charset_159_type8get_sizeEv
                0x0800cf48        0xc obj/fonts.o
 .text._ZNK12_GLOBAL__N_125font_OSD_Charset_160_type8get_dataEv
                0x0800cf54        0xc obj/fonts.o
 .text._ZNK12_GLOBAL__N_125font_OSD_Charset_160_type8get_sizeEv
                0x0800cf60        0xc obj/fonts.o
 .text._ZNK12_GLOBAL__N_125font_OSD_Charset_161_type8get_dataEv
                0x0800cf6c        0xc obj/fonts.o
 .text._ZNK12_GLOBAL__N_125font_OSD_Charset_161_type8get_sizeEv
                0x0800cf78        0xc obj/fonts.o
 .text._ZNK12_GLOBAL__N_125font_OSD_Charset_162_type8get_dataEv
                0x0800cf84        0xc obj/fonts.o
 .text._ZNK12_GLOBAL__N_125font_OSD_Charset_162_type8get_sizeEv
                0x0800cf90        0xc obj/fonts.o
 .text._ZNK12_GLOBAL__N_125font_OSD_Charset_163_type8get_dataEv
                0x0800cf9c        0xc obj/fonts.o
 .text._ZNK12_GLOBAL__N_125font_OSD_Charset_163_type8get_sizeEv
                0x0800cfa8        0xc obj/fonts.o
 .text._ZNK12_GLOBAL__N_125font_OSD_Charset_164_type8get_dataEv
                0x0800cfb4        0xc obj/fonts.o
 .text._ZNK12_GLOBAL__N_125font_OSD_Charset_164_type8get_sizeEv
                0x0800cfc0        0xc obj/fonts.o
 .text._ZNK12_GLOBAL__N_125font_OSD_Charset_165_type8get_dataEv
                0x0800cfcc        0xc obj/fonts.o
 .text._ZNK12_GLOBAL__N_125font_OSD_Charset_165_type8get_sizeEv
                0x0800cfd8        0xc obj/fonts.o
 .text._ZNK12_GLOBAL__N_125font_OSD_Charset_166_type8get_dataEv
                0x0800cfe4        0xc obj/fonts.o
 .text._ZNK12_GLOBAL__N_125font_OSD_Charset_166_type8get_sizeEv
                0x0800cff0        0xc obj/fonts.o
 .text._ZNK12_GLOBAL__N_125font_OSD_Charset_167_type8get_dataEv
                0x0800cffc        0xc obj/fonts.o
 .text._ZNK12_GLOBAL__N_125font_OSD_Charset_167_type8get_sizeEv
                0x0800d008        0xc obj/fonts.o
 .text._ZNK12_GLOBAL__N_125font_OSD_Charset_168_type8get_dataEv
                0x0800d014        0xc obj/fonts.o
 .text._ZNK12_GLOBAL__N_125font_OSD_Charset_168_type8get_sizeEv
                0x0800d020        0xc obj/fonts.o
 .text._ZNK12_GLOBAL__N_125font_OSD_Charset_169_type8get_dataEv
                0x0800d02c        0xc obj/fonts.o
 .text._ZNK12_GLOBAL__N_125font_OSD_Charset_169_type8get_sizeEv
                0x0800d038        0xc obj/fonts.o
 .text._ZNK12_GLOBAL__N_125font_OSD_Charset_170_type8get_dataEv
                0x0800d044        0xc obj/fonts.o
 .text._ZNK12_GLOBAL__N_125font_OSD_Charset_170_type8get_sizeEv
                0x0800d050        0xc obj/fonts.o
 .text._ZNK12_GLOBAL__N_125font_OSD_Charset_171_type8get_dataEv
                0x0800d05c        0xc obj/fonts.o
 .text._ZNK12_GLOBAL__N_125font_OSD_Charset_171_type8get_sizeEv
                0x0800d068        0xc obj/fonts.o
 .text._ZNK12_GLOBAL__N_125font_OSD_Charset_172_type8get_dataEv
                0x0800d074        0xc obj/fonts.o
 .text._ZNK12_GLOBAL__N_125font_OSD_Charset_172_type8get_sizeEv
                0x0800d080        0xc obj/fonts.o
 .text._ZNK12_GLOBAL__N_125font_OSD_Charset_173_type8get_dataEv
                0x0800d08c        0xc obj/fonts.o
 .text._ZNK12_GLOBAL__N_125font_OSD_Charset_173_type8get_sizeEv
                0x0800d098        0xc obj/fonts.o
 .text._ZNK12_GLOBAL__N_125font_OSD_Charset_174_type8get_dataEv
                0x0800d0a4        0xc obj/fonts.o
 .text._ZNK12_GLOBAL__N_125font_OSD_Charset_174_type8get_sizeEv
                0x0800d0b0        0xc obj/fonts.o
 .text._ZNK12_GLOBAL__N_125font_OSD_Charset_175_type8get_dataEv
                0x0800d0bc        0xc obj/fonts.o
 .text._ZNK12_GLOBAL__N_125font_OSD_Charset_175_type8get_sizeEv
                0x0800d0c8        0xc obj/fonts.o
 .text._ZNK12_GLOBAL__N_125font_OSD_Charset_176_type8get_dataEv
                0x0800d0d4        0xc obj/fonts.o
 .text._ZNK12_GLOBAL__N_125font_OSD_Charset_176_type8get_sizeEv
                0x0800d0e0        0xc obj/fonts.o
 .text._ZNK12_GLOBAL__N_125font_OSD_Charset_177_type8get_dataEv
                0x0800d0ec        0xc obj/fonts.o
 .text._ZNK12_GLOBAL__N_125font_OSD_Charset_177_type8get_sizeEv
                0x0800d0f8        0xc obj/fonts.o
 .text._ZNK12_GLOBAL__N_125font_OSD_Charset_178_type8get_dataEv
                0x0800d104        0xc obj/fonts.o
 .text._ZNK12_GLOBAL__N_125font_OSD_Charset_178_type8get_sizeEv
                0x0800d110        0xc obj/fonts.o
 .text._ZNK12_GLOBAL__N_125font_OSD_Charset_179_type8get_dataEv
                0x0800d11c        0xc obj/fonts.o
 .text._ZNK12_GLOBAL__N_125font_OSD_Charset_179_type8get_sizeEv
                0x0800d128        0xc obj/fonts.o
 .text._ZNK12_GLOBAL__N_125font_OSD_Charset_180_type8get_dataEv
                0x0800d134        0xc obj/fonts.o
 .text._ZNK12_GLOBAL__N_125font_OSD_Charset_180_type8get_sizeEv
                0x0800d140        0xc obj/fonts.o
 .text._ZNK12_GLOBAL__N_125font_OSD_Charset_181_type8get_dataEv
                0x0800d14c        0xc obj/fonts.o
 .text._ZNK12_GLOBAL__N_125font_OSD_Charset_181_type8get_sizeEv
                0x0800d158        0xc obj/fonts.o
 .text._ZNK12_GLOBAL__N_125font_OSD_Charset_182_type8get_dataEv
                0x0800d164        0xc obj/fonts.o
 .text._ZNK12_GLOBAL__N_125font_OSD_Charset_182_type8get_sizeEv
                0x0800d170        0xc obj/fonts.o
 .text._ZNK12_GLOBAL__N_125font_OSD_Charset_183_type8get_dataEv
                0x0800d17c        0xc obj/fonts.o
 .text._ZNK12_GLOBAL__N_125font_OSD_Charset_183_type8get_sizeEv
                0x0800d188        0xc obj/fonts.o
 .text._ZNK12_GLOBAL__N_125font_OSD_Charset_184_type8get_dataEv
                0x0800d194        0xc obj/fonts.o
 .text._ZNK12_GLOBAL__N_125font_OSD_Charset_184_type8get_sizeEv
                0x0800d1a0        0xc obj/fonts.o
 .text._ZNK12_GLOBAL__N_125font_OSD_Charset_185_type8get_dataEv
                0x0800d1ac        0xc obj/fonts.o
 .text._ZNK12_GLOBAL__N_125font_OSD_Charset_185_type8get_sizeEv
                0x0800d1b8        0xc obj/fonts.o
 .text._ZNK12_GLOBAL__N_125font_OSD_Charset_186_type8get_dataEv
                0x0800d1c4        0xc obj/fonts.o
 .text._ZNK12_GLOBAL__N_125font_OSD_Charset_186_type8get_sizeEv
                0x0800d1d0        0xc obj/fonts.o
 .text._ZNK12_GLOBAL__N_125font_OSD_Charset_187_type8get_dataEv
                0x0800d1dc        0xc obj/fonts.o
 .text._ZNK12_GLOBAL__N_125font_OSD_Charset_187_type8get_sizeEv
                0x0800d1e8        0xc obj/fonts.o
 .text._ZNK12_GLOBAL__N_125font_OSD_Charset_188_type8get_dataEv
                0x0800d1f4        0xc obj/fonts.o
 .text._ZNK12_GLOBAL__N_125font_OSD_Charset_188_type8get_sizeEv
                0x0800d200        0xc obj/fonts.o
 .text._ZNK12_GLOBAL__N_125font_OSD_Charset_189_type8get_dataEv
                0x0800d20c        0xc obj/fonts.o
 .text._ZNK12_GLOBAL__N_125font_OSD_Charset_189_type8get_sizeEv
                0x0800d218        0xc obj/fonts.o
 .text._ZNK12_GLOBAL__N_125font_OSD_Charset_190_type8get_dataEv
                0x0800d224        0xc obj/fonts.o
 .text._ZNK12_GLOBAL__N_125font_OSD_Charset_190_type8get_sizeEv
                0x0800d230        0xc obj/fonts.o
 .text._ZNK12_GLOBAL__N_125font_OSD_Charset_191_type8get_dataEv
                0x0800d23c        0xc obj/fonts.o
 .text._ZNK12_GLOBAL__N_125font_OSD_Charset_191_type8get_sizeEv
                0x0800d248        0xc obj/fonts.o
 .text._ZNK12_GLOBAL__N_125font_OSD_Charset_192_type8get_dataEv
                0x0800d254        0xc obj/fonts.o
 .text._ZNK12_GLOBAL__N_125font_OSD_Charset_192_type8get_sizeEv
                0x0800d260        0xc obj/fonts.o
 .text._ZNK12_GLOBAL__N_125font_OSD_Charset_193_type8get_dataEv
                0x0800d26c        0xc obj/fonts.o
 .text._ZNK12_GLOBAL__N_125font_OSD_Charset_193_type8get_sizeEv
                0x0800d278        0xc obj/fonts.o
 .text._ZNK12_GLOBAL__N_125font_OSD_Charset_194_type8get_dataEv
                0x0800d284        0xc obj/fonts.o
 .text._ZNK12_GLOBAL__N_125font_OSD_Charset_194_type8get_sizeEv
                0x0800d290        0xc obj/fonts.o
 .text._ZNK12_GLOBAL__N_125font_OSD_Charset_195_type8get_dataEv
                0x0800d29c        0xc obj/fonts.o
 .text._ZNK12_GLOBAL__N_125font_OSD_Charset_195_type8get_sizeEv
                0x0800d2a8        0xc obj/fonts.o
 .text._ZNK12_GLOBAL__N_125font_OSD_Charset_196_type8get_dataEv
                0x0800d2b4        0xc obj/fonts.o
 .text._ZNK12_GLOBAL__N_125font_OSD_Charset_196_type8get_sizeEv
                0x0800d2c0        0xc obj/fonts.o
 .text._ZNK12_GLOBAL__N_125font_OSD_Charset_197_type8get_dataEv
                0x0800d2cc        0xc obj/fonts.o
 .text._ZNK12_GLOBAL__N_125font_OSD_Charset_197_type8get_sizeEv
                0x0800d2d8        0xc obj/fonts.o
 .text._ZNK12_GLOBAL__N_125font_OSD_Charset_198_type8get_dataEv
                0x0800d2e4        0xc obj/fonts.o
 .text._ZNK12_GLOBAL__N_125font_OSD_Charset_198_type8get_sizeEv
                0x0800d2f0        0xc obj/fonts.o
 .text._ZNK12_GLOBAL__N_125font_OSD_Charset_199_type8get_dataEv
                0x0800d2fc        0xc obj/fonts.o
 .text._ZNK12_GLOBAL__N_125font_OSD_Charset_199_type8get_sizeEv
                0x0800d308        0xc obj/fonts.o
 .text._ZNK12_GLOBAL__N_125font_OSD_Charset_200_type8get_dataEv
                0x0800d314        0xc obj/fonts.o
 .text._ZNK12_GLOBAL__N_125font_OSD_Charset_200_type8get_sizeEv
                0x0800d320        0xc obj/fonts.o
 .text._ZNK12_GLOBAL__N_125font_OSD_Charset_201_type8get_dataEv
                0x0800d32c        0xc obj/fonts.o
 .text._ZNK12_GLOBAL__N_125font_OSD_Charset_201_type8get_sizeEv
                0x0800d338        0xc obj/fonts.o
 .text._ZNK12_GLOBAL__N_125font_OSD_Charset_202_type8get_dataEv
                0x0800d344        0xc obj/fonts.o
 .text._ZNK12_GLOBAL__N_125font_OSD_Charset_202_type8get_sizeEv
                0x0800d350        0xc obj/fonts.o
 .text._ZNK12_GLOBAL__N_125font_OSD_Charset_203_type8get_dataEv
                0x0800d35c        0xc obj/fonts.o
 .text._ZNK12_GLOBAL__N_125font_OSD_Charset_203_type8get_sizeEv
                0x0800d368        0xc obj/fonts.o
 .text._ZNK12_GLOBAL__N_125font_OSD_Charset_204_type8get_dataEv
                0x0800d374        0xc obj/fonts.o
 .text._ZNK12_GLOBAL__N_125font_OSD_Charset_204_type8get_sizeEv
                0x0800d380        0xc obj/fonts.o
 .text._ZNK12_GLOBAL__N_125font_OSD_Charset_205_type8get_dataEv
                0x0800d38c        0xc obj/fonts.o
 .text._ZNK12_GLOBAL__N_125font_OSD_Charset_205_type8get_sizeEv
                0x0800d398        0xc obj/fonts.o
 .text._ZNK12_GLOBAL__N_125font_OSD_Charset_206_type8get_dataEv
                0x0800d3a4        0xc obj/fonts.o
 .text._ZNK12_GLOBAL__N_125font_OSD_Charset_206_type8get_sizeEv
                0x0800d3b0        0xc obj/fonts.o
 .text._ZNK12_GLOBAL__N_125font_OSD_Charset_207_type8get_dataEv
                0x0800d3bc        0xc obj/fonts.o
 .text._ZNK12_GLOBAL__N_125font_OSD_Charset_207_type8get_sizeEv
                0x0800d3c8        0xc obj/fonts.o
 .text._ZNK12_GLOBAL__N_125font_OSD_Charset_208_type8get_dataEv
                0x0800d3d4        0xc obj/fonts.o
 .text._ZNK12_GLOBAL__N_125font_OSD_Charset_208_type8get_sizeEv
                0x0800d3e0        0xc obj/fonts.o
 .text._ZNK12_GLOBAL__N_125font_OSD_Charset_209_type8get_dataEv
                0x0800d3ec        0xc obj/fonts.o
 .text._ZNK12_GLOBAL__N_125font_OSD_Charset_209_type8get_sizeEv
                0x0800d3f8        0xc obj/fonts.o
 .text._ZNK12_GLOBAL__N_125font_OSD_Charset_210_type8get_dataEv
                0x0800d404        0xc obj/fonts.o
 .text._ZNK12_GLOBAL__N_125font_OSD_Charset_210_type8get_sizeEv
                0x0800d410        0xc obj/fonts.o
 .text._ZNK12_GLOBAL__N_125font_OSD_Charset_211_type8get_dataEv
                0x0800d41c        0xc obj/fonts.o
 .text._ZNK12_GLOBAL__N_125font_OSD_Charset_211_type8get_sizeEv
                0x0800d428        0xc obj/fonts.o
 .text._ZNK12_GLOBAL__N_125font_OSD_Charset_212_type8get_dataEv
                0x0800d434        0xc obj/fonts.o
 .text._ZNK12_GLOBAL__N_125font_OSD_Charset_212_type8get_sizeEv
                0x0800d440        0xc obj/fonts.o
 .text._ZNK12_GLOBAL__N_125font_OSD_Charset_213_type8get_dataEv
                0x0800d44c        0xc obj/fonts.o
 .text._ZNK12_GLOBAL__N_125font_OSD_Charset_213_type8get_sizeEv
                0x0800d458        0xc obj/fonts.o
 .text._ZNK12_GLOBAL__N_125font_OSD_Charset_214_type8get_dataEv
                0x0800d464        0xc obj/fonts.o
 .text._ZNK12_GLOBAL__N_125font_OSD_Charset_214_type8get_sizeEv
                0x0800d470        0xc obj/fonts.o
 .text._ZNK12_GLOBAL__N_125font_OSD_Charset_215_type8get_dataEv
                0x0800d47c        0xc obj/fonts.o
 .text._ZNK12_GLOBAL__N_125font_OSD_Charset_215_type8get_sizeEv
                0x0800d488        0xc obj/fonts.o
 .text._ZNK12_GLOBAL__N_125font_OSD_Charset_216_type8get_dataEv
                0x0800d494        0xc obj/fonts.o
 .text._ZNK12_GLOBAL__N_125font_OSD_Charset_216_type8get_sizeEv
                0x0800d4a0        0xc obj/fonts.o
 .text._ZNK12_GLOBAL__N_125font_OSD_Charset_217_type8get_dataEv
                0x0800d4ac        0xc obj/fonts.o
 .text._ZNK12_GLOBAL__N_125font_OSD_Charset_217_type8get_sizeEv
                0x0800d4b8        0xc obj/fonts.o
 .text._ZNK12_GLOBAL__N_125font_OSD_Charset_218_type8get_dataEv
                0x0800d4c4        0xc obj/fonts.o
 .text._ZNK12_GLOBAL__N_125font_OSD_Charset_218_type8get_sizeEv
                0x0800d4d0        0xc obj/fonts.o
 .text._ZNK12_GLOBAL__N_125font_OSD_Charset_219_type8get_dataEv
                0x0800d4dc        0xc obj/fonts.o
 .text._ZNK12_GLOBAL__N_125font_OSD_Charset_219_type8get_sizeEv
                0x0800d4e8        0xc obj/fonts.o
 .text._ZNK12_GLOBAL__N_125font_OSD_Charset_220_type8get_dataEv
                0x0800d4f4        0xc obj/fonts.o
 .text._ZNK12_GLOBAL__N_125font_OSD_Charset_220_type8get_sizeEv
                0x0800d500        0xc obj/fonts.o
 .text._ZNK12_GLOBAL__N_125font_OSD_Charset_221_type8get_dataEv
                0x0800d50c        0xc obj/fonts.o
 .text._ZNK12_GLOBAL__N_125font_OSD_Charset_221_type8get_sizeEv
                0x0800d518        0xc obj/fonts.o
 .text._ZNK12_GLOBAL__N_125font_OSD_Charset_222_type8get_dataEv
                0x0800d524        0xc obj/fonts.o
 .text._ZNK12_GLOBAL__N_125font_OSD_Charset_222_type8get_sizeEv
                0x0800d530        0xc obj/fonts.o
 .text._ZNK12_GLOBAL__N_125font_OSD_Charset_223_type8get_dataEv
                0x0800d53c        0xc obj/fonts.o
 .text._ZNK12_GLOBAL__N_125font_OSD_Charset_223_type8get_sizeEv
                0x0800d548        0xc obj/fonts.o
 .text._ZNK12_GLOBAL__N_125font_OSD_Charset_224_type8get_dataEv
                0x0800d554        0xc obj/fonts.o
 .text._ZNK12_GLOBAL__N_125font_OSD_Charset_224_type8get_sizeEv
                0x0800d560        0xc obj/fonts.o
 .text._ZNK12_GLOBAL__N_125font_OSD_Charset_225_type8get_dataEv
                0x0800d56c        0xc obj/fonts.o
 .text._ZNK12_GLOBAL__N_125font_OSD_Charset_225_type8get_sizeEv
                0x0800d578        0xc obj/fonts.o
 .text._ZNK12_GLOBAL__N_125font_OSD_Charset_226_type8get_dataEv
                0x0800d584        0xc obj/fonts.o
 .text._ZNK12_GLOBAL__N_125font_OSD_Charset_226_type8get_sizeEv
                0x0800d590        0xc obj/fonts.o
 .text._ZNK12_GLOBAL__N_125font_OSD_Charset_227_type8get_dataEv
                0x0800d59c        0xc obj/fonts.o
 .text._ZNK12_GLOBAL__N_125font_OSD_Charset_227_type8get_sizeEv
                0x0800d5a8        0xc obj/fonts.o
 .text._ZNK12_GLOBAL__N_125font_OSD_Charset_228_type8get_dataEv
                0x0800d5b4        0xc obj/fonts.o
 .text._ZNK12_GLOBAL__N_125font_OSD_Charset_228_type8get_sizeEv
                0x0800d5c0        0xc obj/fonts.o
 .text._ZNK12_GLOBAL__N_125font_OSD_Charset_229_type8get_dataEv
                0x0800d5cc        0xc obj/fonts.o
 .text._ZNK12_GLOBAL__N_125font_OSD_Charset_229_type8get_sizeEv
                0x0800d5d8        0xc obj/fonts.o
 .text._ZNK12_GLOBAL__N_125font_OSD_Charset_230_type8get_dataEv
                0x0800d5e4        0xc obj/fonts.o
 .text._ZNK12_GLOBAL__N_125font_OSD_Charset_230_type8get_sizeEv
                0x0800d5f0        0xc obj/fonts.o
 .text._ZNK12_GLOBAL__N_125font_OSD_Charset_231_type8get_dataEv
                0x0800d5fc        0xc obj/fonts.o
 .text._ZNK12_GLOBAL__N_125font_OSD_Charset_231_type8get_sizeEv
                0x0800d608        0xc obj/fonts.o
 .text._ZNK12_GLOBAL__N_125font_OSD_Charset_232_type8get_dataEv
                0x0800d614        0xc obj/fonts.o
 .text._ZNK12_GLOBAL__N_125font_OSD_Charset_232_type8get_sizeEv
                0x0800d620        0xc obj/fonts.o
 .text._ZNK12_GLOBAL__N_125font_OSD_Charset_233_type8get_dataEv
                0x0800d62c        0xc obj/fonts.o
 .text._ZNK12_GLOBAL__N_125font_OSD_Charset_233_type8get_sizeEv
                0x0800d638        0xc obj/fonts.o
 .text._ZNK12_GLOBAL__N_125font_OSD_Charset_234_type8get_dataEv
                0x0800d644        0xc obj/fonts.o
 .text._ZNK12_GLOBAL__N_125font_OSD_Charset_234_type8get_sizeEv
                0x0800d650        0xc obj/fonts.o
 .text._ZNK12_GLOBAL__N_125font_OSD_Charset_235_type8get_dataEv
                0x0800d65c        0xc obj/fonts.o
 .text._ZNK12_GLOBAL__N_125font_OSD_Charset_235_type8get_sizeEv
                0x0800d668        0xc obj/fonts.o
 .text._ZNK12_GLOBAL__N_125font_OSD_Charset_236_type8get_dataEv
                0x0800d674        0xc obj/fonts.o
 .text._ZNK12_GLOBAL__N_125font_OSD_Charset_236_type8get_sizeEv
                0x0800d680        0xc obj/fonts.o
 .text._ZNK12_GLOBAL__N_125font_OSD_Charset_237_type8get_dataEv
                0x0800d68c        0xc obj/fonts.o
 .text._ZNK12_GLOBAL__N_125font_OSD_Charset_237_type8get_sizeEv
                0x0800d698        0xc obj/fonts.o
 .text._ZNK12_GLOBAL__N_125font_OSD_Charset_238_type8get_dataEv
                0x0800d6a4        0xc obj/fonts.o
 .text._ZNK12_GLOBAL__N_125font_OSD_Charset_238_type8get_sizeEv
                0x0800d6b0        0xc obj/fonts.o
 .text._ZNK12_GLOBAL__N_125font_OSD_Charset_239_type8get_dataEv
                0x0800d6bc        0xc obj/fonts.o
 .text._ZNK12_GLOBAL__N_125font_OSD_Charset_239_type8get_sizeEv
                0x0800d6c8        0xc obj/fonts.o
 .text._ZNK12_GLOBAL__N_125font_OSD_Charset_240_type8get_dataEv
                0x0800d6d4        0xc obj/fonts.o
 .text._ZNK12_GLOBAL__N_125font_OSD_Charset_240_type8get_sizeEv
                0x0800d6e0        0xc obj/fonts.o
 .text._ZNK12_GLOBAL__N_125font_OSD_Charset_241_type8get_dataEv
                0x0800d6ec        0xc obj/fonts.o
 .text._ZNK12_GLOBAL__N_125font_OSD_Charset_241_type8get_sizeEv
                0x0800d6f8        0xc obj/fonts.o
 .text._ZNK12_GLOBAL__N_125font_OSD_Charset_242_type8get_dataEv
                0x0800d704        0xc obj/fonts.o
 .text._ZNK12_GLOBAL__N_125font_OSD_Charset_242_type8get_sizeEv
                0x0800d710        0xc obj/fonts.o
 .text._ZNK12_GLOBAL__N_125font_OSD_Charset_243_type8get_dataEv
                0x0800d71c        0xc obj/fonts.o
 .text._ZNK12_GLOBAL__N_125font_OSD_Charset_243_type8get_sizeEv
                0x0800d728        0xc obj/fonts.o
 .text._ZNK12_GLOBAL__N_125font_OSD_Charset_244_type8get_dataEv
                0x0800d734        0xc obj/fonts.o
 .text._ZNK12_GLOBAL__N_125font_OSD_Charset_244_type8get_sizeEv
                0x0800d740        0xc obj/fonts.o
 .text._ZNK12_GLOBAL__N_125font_OSD_Charset_245_type8get_dataEv
                0x0800d74c        0xc obj/fonts.o
 .text._ZNK12_GLOBAL__N_125font_OSD_Charset_245_type8get_sizeEv
                0x0800d758        0xc obj/fonts.o
 .text._ZNK12_GLOBAL__N_125font_OSD_Charset_246_type8get_dataEv
                0x0800d764        0xc obj/fonts.o
 .text._ZNK12_GLOBAL__N_125font_OSD_Charset_246_type8get_sizeEv
                0x0800d770        0xc obj/fonts.o
 .text._ZNK12_GLOBAL__N_125font_OSD_Charset_247_type8get_dataEv
                0x0800d77c        0xc obj/fonts.o
 .text._ZNK12_GLOBAL__N_125font_OSD_Charset_247_type8get_sizeEv
                0x0800d788        0xc obj/fonts.o
 .text._ZNK12_GLOBAL__N_125font_OSD_Charset_248_type8get_dataEv
                0x0800d794        0xc obj/fonts.o
 .text._ZNK12_GLOBAL__N_125font_OSD_Charset_248_type8get_sizeEv
                0x0800d7a0        0xc obj/fonts.o
 .text._ZNK12_GLOBAL__N_125font_OSD_Charset_249_type8get_dataEv
                0x0800d7ac        0xc obj/fonts.o
 .text._ZNK12_GLOBAL__N_125font_OSD_Charset_249_type8get_sizeEv
                0x0800d7b8        0xc obj/fonts.o
 .text._ZNK12_GLOBAL__N_125font_OSD_Charset_250_type8get_dataEv
                0x0800d7c4        0xc obj/fonts.o
 .text._ZNK12_GLOBAL__N_125font_OSD_Charset_250_type8get_sizeEv
                0x0800d7d0        0xc obj/fonts.o
 .text._ZNK12_GLOBAL__N_125font_OSD_Charset_251_type8get_dataEv
                0x0800d7dc        0xc obj/fonts.o
 .text._ZNK12_GLOBAL__N_125font_OSD_Charset_251_type8get_sizeEv
                0x0800d7e8        0xc obj/fonts.o
 .text._ZNK12_GLOBAL__N_125font_OSD_Charset_252_type8get_dataEv
                0x0800d7f4        0xc obj/fonts.o
 .text._ZNK12_GLOBAL__N_125font_OSD_Charset_252_type8get_sizeEv
                0x0800d800        0xc obj/fonts.o
 .text._ZNK12_GLOBAL__N_125font_OSD_Charset_253_type8get_dataEv
                0x0800d80c        0xc obj/fonts.o
 .text._ZNK12_GLOBAL__N_125font_OSD_Charset_253_type8get_sizeEv
                0x0800d818        0xc obj/fonts.o
 .text._ZNK12_GLOBAL__N_125font_OSD_Charset_254_type8get_dataEv
                0x0800d824        0xc obj/fonts.o
 .text._ZNK12_GLOBAL__N_125font_OSD_Charset_254_type8get_sizeEv
                0x0800d830        0xc obj/fonts.o
 .text._ZNK12_GLOBAL__N_125font_OSD_Charset_255_type8get_dataEv
                0x0800d83c        0xc obj/fonts.o
 .text._ZNK12_GLOBAL__N_125font_OSD_Charset_255_type8get_sizeEv
                0x0800d848        0xc obj/fonts.o
 .text._ZNK12_GLOBAL__N_121font_OSD_Charset_type9get_beginEv
                0x0800d854        0x4 obj/fonts.o
 .text._ZNK12_GLOBAL__N_121font_OSD_Charset_type15get_char_heightEv
                0x0800d858        0x4 obj/fonts.o
 .text._ZNK12_GLOBAL__N_121font_OSD_Charset_type14get_char_widthEv
                0x0800d85c        0x4 obj/fonts.o
 .text._ZNK12_GLOBAL__N_121font_OSD_Charset_type16get_num_elementsEv
                0x0800d860        0x8 obj/fonts.o
 .text._ZNK12_GLOBAL__N_121font_OSD_Charset_type11get_char_atEl
                0x0800d868       0x20 obj/fonts.o
 .text._ZN12_GLOBAL__N_121font_OSD_Charset_typeD2Ev
                0x0800d888        0xc obj/fonts.o
 .text._ZN12_GLOBAL__N_125font_OSD_Charset_255_typeD2Ev
                0x0800d894        0xc obj/fonts.o
 .text._ZN12_GLOBAL__N_125font_OSD_Charset_254_typeD2Ev
                0x0800d8a0        0xc obj/fonts.o
 .text._ZN12_GLOBAL__N_125font_OSD_Charset_253_typeD2Ev
                0x0800d8ac        0xc obj/fonts.o
 .text._ZN12_GLOBAL__N_125font_OSD_Charset_252_typeD2Ev
                0x0800d8b8        0xc obj/fonts.o
 .text._ZN12_GLOBAL__N_125font_OSD_Charset_251_typeD2Ev
                0x0800d8c4        0xc obj/fonts.o
 .text._ZN12_GLOBAL__N_125font_OSD_Charset_250_typeD2Ev
                0x0800d8d0        0xc obj/fonts.o
 .text._ZN12_GLOBAL__N_125font_OSD_Charset_249_typeD2Ev
                0x0800d8dc        0xc obj/fonts.o
 .text._ZN12_GLOBAL__N_125font_OSD_Charset_248_typeD2Ev
                0x0800d8e8        0xc obj/fonts.o
 .text._ZN12_GLOBAL__N_125font_OSD_Charset_247_typeD2Ev
                0x0800d8f4        0xc obj/fonts.o
 .text._ZN12_GLOBAL__N_125font_OSD_Charset_246_typeD2Ev
                0x0800d900        0xc obj/fonts.o
 .text._ZN12_GLOBAL__N_125font_OSD_Charset_245_typeD2Ev
                0x0800d90c        0xc obj/fonts.o
 .text._ZN12_GLOBAL__N_125font_OSD_Charset_244_typeD2Ev
                0x0800d918        0xc obj/fonts.o
 .text._ZN12_GLOBAL__N_125font_OSD_Charset_243_typeD2Ev
                0x0800d924        0xc obj/fonts.o
 .text._ZN12_GLOBAL__N_125font_OSD_Charset_242_typeD2Ev
                0x0800d930        0xc obj/fonts.o
 .text._ZN12_GLOBAL__N_125font_OSD_Charset_241_typeD2Ev
                0x0800d93c        0xc obj/fonts.o
 .text._ZN12_GLOBAL__N_125font_OSD_Charset_240_typeD2Ev
                0x0800d948        0xc obj/fonts.o
 .text._ZN12_GLOBAL__N_125font_OSD_Charset_239_typeD2Ev
                0x0800d954        0xc obj/fonts.o
 .text._ZN12_GLOBAL__N_125font_OSD_Charset_238_typeD2Ev
                0x0800d960        0xc obj/fonts.o
 .text._ZN12_GLOBAL__N_125font_OSD_Charset_237_typeD2Ev
                0x0800d96c        0xc obj/fonts.o
 .text._ZN12_GLOBAL__N_125font_OSD_Charset_236_typeD2Ev
                0x0800d978        0xc obj/fonts.o
 .text._ZN12_GLOBAL__N_125font_OSD_Charset_235_typeD2Ev
                0x0800d984        0xc obj/fonts.o
 .text._ZN12_GLOBAL__N_125font_OSD_Charset_234_typeD2Ev
                0x0800d990        0xc obj/fonts.o
 .text._ZN12_GLOBAL__N_125font_OSD_Charset_233_typeD2Ev
                0x0800d99c        0xc obj/fonts.o
 .text._ZN12_GLOBAL__N_125font_OSD_Charset_232_typeD2Ev
                0x0800d9a8        0xc obj/fonts.o
 .text._ZN12_GLOBAL__N_125font_OSD_Charset_231_typeD2Ev
                0x0800d9b4        0xc obj/fonts.o
 .text._ZN12_GLOBAL__N_125font_OSD_Charset_230_typeD2Ev
                0x0800d9c0        0xc obj/fonts.o
 .text._ZN12_GLOBAL__N_125font_OSD_Charset_229_typeD2Ev
                0x0800d9cc        0xc obj/fonts.o
 .text._ZN12_GLOBAL__N_125font_OSD_Charset_228_typeD2Ev
                0x0800d9d8        0xc obj/fonts.o
 .text._ZN12_GLOBAL__N_125font_OSD_Charset_227_typeD2Ev
                0x0800d9e4        0xc obj/fonts.o
 .text._ZN12_GLOBAL__N_125font_OSD_Charset_226_typeD2Ev
                0x0800d9f0        0xc obj/fonts.o
 .text._ZN12_GLOBAL__N_125font_OSD_Charset_225_typeD2Ev
                0x0800d9fc        0xc obj/fonts.o
 .text._ZN12_GLOBAL__N_125font_OSD_Charset_224_typeD2Ev
                0x0800da08        0xc obj/fonts.o
 .text._ZN12_GLOBAL__N_125font_OSD_Charset_223_typeD2Ev
                0x0800da14        0xc obj/fonts.o
 .text._ZN12_GLOBAL__N_125font_OSD_Charset_222_typeD2Ev
                0x0800da20        0xc obj/fonts.o
 .text._ZN12_GLOBAL__N_125font_OSD_Charset_221_typeD2Ev
                0x0800da2c        0xc obj/fonts.o
 .text._ZN12_GLOBAL__N_125font_OSD_Charset_220_typeD2Ev
                0x0800da38        0xc obj/fonts.o
 .text._ZN12_GLOBAL__N_125font_OSD_Charset_219_typeD2Ev
                0x0800da44        0xc obj/fonts.o
 .text._ZN12_GLOBAL__N_125font_OSD_Charset_218_typeD2Ev
                0x0800da50        0xc obj/fonts.o
 .text._ZN12_GLOBAL__N_125font_OSD_Charset_217_typeD2Ev
                0x0800da5c        0xc obj/fonts.o
 .text._ZN12_GLOBAL__N_125font_OSD_Charset_216_typeD2Ev
                0x0800da68        0xc obj/fonts.o
 .text._ZN12_GLOBAL__N_125font_OSD_Charset_215_typeD2Ev
                0x0800da74        0xc obj/fonts.o
 .text._ZN12_GLOBAL__N_125font_OSD_Charset_214_typeD2Ev
                0x0800da80        0xc obj/fonts.o
 .text._ZN12_GLOBAL__N_125font_OSD_Charset_213_typeD2Ev
                0x0800da8c        0xc obj/fonts.o
 .text._ZN12_GLOBAL__N_125font_OSD_Charset_212_typeD2Ev
                0x0800da98        0xc obj/fonts.o
 .text._ZN12_GLOBAL__N_125font_OSD_Charset_211_typeD2Ev
                0x0800daa4        0xc obj/fonts.o
 .text._ZN12_GLOBAL__N_125font_OSD_Charset_210_typeD2Ev
                0x0800dab0        0xc obj/fonts.o
 .text._ZN12_GLOBAL__N_125font_OSD_Charset_209_typeD2Ev
                0x0800dabc        0xc obj/fonts.o
 .text._ZN12_GLOBAL__N_125font_OSD_Charset_208_typeD2Ev
                0x0800dac8        0xc obj/fonts.o
 .text._ZN12_GLOBAL__N_125font_OSD_Charset_207_typeD2Ev
                0x0800dad4        0xc obj/fonts.o
 .text._ZN12_GLOBAL__N_125font_OSD_Charset_206_typeD2Ev
                0x0800dae0        0xc obj/fonts.o
 .text._ZN12_GLOBAL__N_125font_OSD_Charset_205_typeD2Ev
                0x0800daec        0xc obj/fonts.o
 .text._ZN12_GLOBAL__N_125font_OSD_Charset_204_typeD2Ev
                0x0800daf8        0xc obj/fonts.o
 .text._ZN12_GLOBAL__N_125font_OSD_Charset_203_typeD2Ev
                0x0800db04        0xc obj/fonts.o
 .text._ZN12_GLOBAL__N_125font_OSD_Charset_202_typeD2Ev
                0x0800db10        0xc obj/fonts.o
 .text._ZN12_GLOBAL__N_125font_OSD_Charset_201_typeD2Ev
                0x0800db1c        0xc obj/fonts.o
 .text._ZN12_GLOBAL__N_125font_OSD_Charset_200_typeD2Ev
                0x0800db28        0xc obj/fonts.o
 .text._ZN12_GLOBAL__N_125font_OSD_Charset_199_typeD2Ev
                0x0800db34        0xc obj/fonts.o
 .text._ZN12_GLOBAL__N_125font_OSD_Charset_198_typeD2Ev
                0x0800db40        0xc obj/fonts.o
 .text._ZN12_GLOBAL__N_125font_OSD_Charset_197_typeD2Ev
                0x0800db4c        0xc obj/fonts.o
 .text._ZN12_GLOBAL__N_125font_OSD_Charset_196_typeD2Ev
                0x0800db58        0xc obj/fonts.o
 .text._ZN12_GLOBAL__N_125font_OSD_Charset_195_typeD2Ev
                0x0800db64        0xc obj/fonts.o
 .text._ZN12_GLOBAL__N_125font_OSD_Charset_194_typeD2Ev
                0x0800db70        0xc obj/fonts.o
 .text._ZN12_GLOBAL__N_125font_OSD_Charset_193_typeD2Ev
                0x0800db7c        0xc obj/fonts.o
 .text._ZN12_GLOBAL__N_125font_OSD_Charset_192_typeD2Ev
                0x0800db88        0xc obj/fonts.o
 .text._ZN12_GLOBAL__N_125font_OSD_Charset_191_typeD2Ev
                0x0800db94        0xc obj/fonts.o
 .text._ZN12_GLOBAL__N_125font_OSD_Charset_190_typeD2Ev
                0x0800dba0        0xc obj/fonts.o
 .text._ZN12_GLOBAL__N_125font_OSD_Charset_189_typeD2Ev
                0x0800dbac        0xc obj/fonts.o
 .text._ZN12_GLOBAL__N_125font_OSD_Charset_188_typeD2Ev
                0x0800dbb8        0xc obj/fonts.o
 .text._ZN12_GLOBAL__N_125font_OSD_Charset_187_typeD2Ev
                0x0800dbc4        0xc obj/fonts.o
 .text._ZN12_GLOBAL__N_125font_OSD_Charset_186_typeD2Ev
                0x0800dbd0        0xc obj/fonts.o
 .text._ZN12_GLOBAL__N_125font_OSD_Charset_185_typeD2Ev
                0x0800dbdc        0xc obj/fonts.o
 .text._ZN12_GLOBAL__N_125font_OSD_Charset_184_typeD2Ev
                0x0800dbe8        0xc obj/fonts.o
 .text._ZN12_GLOBAL__N_125font_OSD_Charset_183_typeD2Ev
                0x0800dbf4        0xc obj/fonts.o
 .text._ZN12_GLOBAL__N_125font_OSD_Charset_182_typeD2Ev
                0x0800dc00        0xc obj/fonts.o
 .text._ZN12_GLOBAL__N_125font_OSD_Charset_181_typeD2Ev
                0x0800dc0c        0xc obj/fonts.o
 .text._ZN12_GLOBAL__N_125font_OSD_Charset_180_typeD2Ev
                0x0800dc18        0xc obj/fonts.o
 .text._ZN12_GLOBAL__N_125font_OSD_Charset_179_typeD2Ev
                0x0800dc24        0xc obj/fonts.o
 .text._ZN12_GLOBAL__N_125font_OSD_Charset_178_typeD2Ev
                0x0800dc30        0xc obj/fonts.o
 .text._ZN12_GLOBAL__N_125font_OSD_Charset_177_typeD2Ev
                0x0800dc3c        0xc obj/fonts.o
 .text._ZN12_GLOBAL__N_125font_OSD_Charset_176_typeD2Ev
                0x0800dc48        0xc obj/fonts.o
 .text._ZN12_GLOBAL__N_125font_OSD_Charset_175_typeD2Ev
                0x0800dc54        0xc obj/fonts.o
 .text._ZN12_GLOBAL__N_125font_OSD_Charset_174_typeD2Ev
                0x0800dc60        0xc obj/fonts.o
 .text._ZN12_GLOBAL__N_125font_OSD_Charset_173_typeD2Ev
                0x0800dc6c        0xc obj/fonts.o
 .text._ZN12_GLOBAL__N_125font_OSD_Charset_172_typeD2Ev
                0x0800dc78        0xc obj/fonts.o
 .text._ZN12_GLOBAL__N_125font_OSD_Charset_171_typeD2Ev
                0x0800dc84        0xc obj/fonts.o
 .text._ZN12_GLOBAL__N_125font_OSD_Charset_170_typeD2Ev
                0x0800dc90        0xc obj/fonts.o
 .text._ZN12_GLOBAL__N_125font_OSD_Charset_169_typeD2Ev
                0x0800dc9c        0xc obj/fonts.o
 .text._ZN12_GLOBAL__N_125font_OSD_Charset_168_typeD2Ev
                0x0800dca8        0xc obj/fonts.o
 .text._ZN12_GLOBAL__N_125font_OSD_Charset_167_typeD2Ev
                0x0800dcb4        0xc obj/fonts.o
 .text._ZN12_GLOBAL__N_125font_OSD_Charset_166_typeD2Ev
                0x0800dcc0        0xc obj/fonts.o
 .text._ZN12_GLOBAL__N_125font_OSD_Charset_165_typeD2Ev
                0x0800dccc        0xc obj/fonts.o
 .text._ZN12_GLOBAL__N_125font_OSD_Charset_164_typeD2Ev
                0x0800dcd8        0xc obj/fonts.o
 .text._ZN12_GLOBAL__N_125font_OSD_Charset_163_typeD2Ev
                0x0800dce4        0xc obj/fonts.o
 .text._ZN12_GLOBAL__N_125font_OSD_Charset_162_typeD2Ev
                0x0800dcf0        0xc obj/fonts.o
 .text._ZN12_GLOBAL__N_125font_OSD_Charset_161_typeD2Ev
                0x0800dcfc        0xc obj/fonts.o
 .text._ZN12_GLOBAL__N_125font_OSD_Charset_160_typeD2Ev
                0x0800dd08        0xc obj/fonts.o
 .text._ZN12_GLOBAL__N_125font_OSD_Charset_159_typeD2Ev
                0x0800dd14        0xc obj/fonts.o
 .text._ZN12_GLOBAL__N_125font_OSD_Charset_158_typeD2Ev
                0x0800dd20        0xc obj/fonts.o
 .text._ZN12_GLOBAL__N_125font_OSD_Charset_157_typeD2Ev
                0x0800dd2c        0xc obj/fonts.o
 .text._ZN12_GLOBAL__N_125font_OSD_Charset_156_typeD2Ev
                0x0800dd38        0xc obj/fonts.o
 .text._ZN12_GLOBAL__N_125font_OSD_Charset_155_typeD2Ev
                0x0800dd44        0xc obj/fonts.o
 .text._ZN12_GLOBAL__N_125font_OSD_Charset_154_typeD2Ev
                0x0800dd50        0xc obj/fonts.o
 .text._ZN12_GLOBAL__N_125font_OSD_Charset_153_typeD2Ev
                0x0800dd5c        0xc obj/fonts.o
 .text._ZN12_GLOBAL__N_125font_OSD_Charset_152_typeD2Ev
                0x0800dd68        0xc obj/fonts.o
 .text._ZN12_GLOBAL__N_125font_OSD_Charset_151_typeD2Ev
                0x0800dd74        0xc obj/fonts.o
 .text._ZN12_GLOBAL__N_125font_OSD_Charset_150_typeD2Ev
                0x0800dd80        0xc obj/fonts.o
 .text._ZN12_GLOBAL__N_125font_OSD_Charset_149_typeD2Ev
                0x0800dd8c        0xc obj/fonts.o
 .text._ZN12_GLOBAL__N_125font_OSD_Charset_148_typeD2Ev
                0x0800dd98        0xc obj/fonts.o
 .text._ZN12_GLOBAL__N_125font_OSD_Charset_147_typeD2Ev
                0x0800dda4        0xc obj/fonts.o
 .text._ZN12_GLOBAL__N_125font_OSD_Charset_146_typeD2Ev
                0x0800ddb0        0xc obj/fonts.o
 .text._ZN12_GLOBAL__N_125font_OSD_Charset_145_typeD2Ev
                0x0800ddbc        0xc obj/fonts.o
 .text._ZN12_GLOBAL__N_125font_OSD_Charset_144_typeD2Ev
                0x0800ddc8        0xc obj/fonts.o
 .text._ZN12_GLOBAL__N_125font_OSD_Charset_143_typeD2Ev
                0x0800ddd4        0xc obj/fonts.o
 .text._ZN12_GLOBAL__N_125font_OSD_Charset_142_typeD2Ev
                0x0800dde0        0xc obj/fonts.o
 .text._ZN12_GLOBAL__N_125font_OSD_Charset_141_typeD2Ev
                0x0800ddec        0xc obj/fonts.o
 .text._ZN12_GLOBAL__N_125font_OSD_Charset_140_typeD2Ev
                0x0800ddf8        0xc obj/fonts.o
 .text._ZN12_GLOBAL__N_125font_OSD_Charset_139_typeD2Ev
                0x0800de04        0xc obj/fonts.o
 .text._ZN12_GLOBAL__N_125font_OSD_Charset_138_typeD2Ev
                0x0800de10        0xc obj/fonts.o
 .text._ZN12_GLOBAL__N_125font_OSD_Charset_137_typeD2Ev
                0x0800de1c        0xc obj/fonts.o
 .text._ZN12_GLOBAL__N_125font_OSD_Charset_136_typeD2Ev
                0x0800de28        0xc obj/fonts.o
 .text._ZN12_GLOBAL__N_125font_OSD_Charset_135_typeD2Ev
                0x0800de34        0xc obj/fonts.o
 .text._ZN12_GLOBAL__N_125font_OSD_Charset_134_typeD2Ev
                0x0800de40        0xc obj/fonts.o
 .text._ZN12_GLOBAL__N_125font_OSD_Charset_133_typeD2Ev
                0x0800de4c        0xc obj/fonts.o
 .text._ZN12_GLOBAL__N_125font_OSD_Charset_132_typeD2Ev
                0x0800de58        0xc obj/fonts.o
 .text._ZN12_GLOBAL__N_125font_OSD_Charset_131_typeD2Ev
                0x0800de64        0xc obj/fonts.o
 .text._ZN12_GLOBAL__N_125font_OSD_Charset_130_typeD2Ev
                0x0800de70        0xc obj/fonts.o
 .text._ZN12_GLOBAL__N_125font_OSD_Charset_129_typeD2Ev
                0x0800de7c        0xc obj/fonts.o
 .text._ZN12_GLOBAL__N_125font_OSD_Charset_128_typeD2Ev
                0x0800de88        0xc obj/fonts.o
 .text._ZN12_GLOBAL__N_125font_OSD_Charset_127_typeD2Ev
                0x0800de94        0xc obj/fonts.o
 .text._ZN12_GLOBAL__N_125font_OSD_Charset_126_typeD2Ev
                0x0800dea0        0xc obj/fonts.o
 .text._ZN12_GLOBAL__N_125font_OSD_Charset_125_typeD2Ev
                0x0800deac        0xc obj/fonts.o
 .text._ZN12_GLOBAL__N_125font_OSD_Charset_124_typeD2Ev
                0x0800deb8        0xc obj/fonts.o
 .text._ZN12_GLOBAL__N_125font_OSD_Charset_123_typeD2Ev
                0x0800dec4        0xc obj/fonts.o
 .text._ZN12_GLOBAL__N_125font_OSD_Charset_122_typeD2Ev
                0x0800ded0        0xc obj/fonts.o
 .text._ZN12_GLOBAL__N_125font_OSD_Charset_121_typeD2Ev
                0x0800dedc        0xc obj/fonts.o
 .text._ZN12_GLOBAL__N_125font_OSD_Charset_120_typeD2Ev
                0x0800dee8        0xc obj/fonts.o
 .text._ZN12_GLOBAL__N_125font_OSD_Charset_119_typeD2Ev
                0x0800def4        0xc obj/fonts.o
 .text._ZN12_GLOBAL__N_125font_OSD_Charset_118_typeD2Ev
                0x0800df00        0xc obj/fonts.o
 .text._ZN12_GLOBAL__N_125font_OSD_Charset_117_typeD2Ev
                0x0800df0c        0xc obj/fonts.o
 .text._ZN12_GLOBAL__N_125font_OSD_Charset_116_typeD2Ev
                0x0800df18        0xc obj/fonts.o
 .text._ZN12_GLOBAL__N_125font_OSD_Charset_115_typeD2Ev
                0x0800df24        0xc obj/fonts.o
 .text._ZN12_GLOBAL__N_125font_OSD_Charset_114_typeD2Ev
                0x0800df30        0xc obj/fonts.o
 .text._ZN12_GLOBAL__N_125font_OSD_Charset_113_typeD2Ev
                0x0800df3c        0xc obj/fonts.o
 .text._ZN12_GLOBAL__N_125font_OSD_Charset_112_typeD2Ev
                0x0800df48        0xc obj/fonts.o
 .text._ZN12_GLOBAL__N_125font_OSD_Charset_111_typeD2Ev
                0x0800df54        0xc obj/fonts.o
 .text._ZN12_GLOBAL__N_125font_OSD_Charset_110_typeD2Ev
                0x0800df60        0xc obj/fonts.o
 .text._ZN12_GLOBAL__N_125font_OSD_Charset_109_typeD2Ev
                0x0800df6c        0xc obj/fonts.o
 .text._ZN12_GLOBAL__N_125font_OSD_Charset_108_typeD2Ev
                0x0800df78        0xc obj/fonts.o
 .text._ZN12_GLOBAL__N_125font_OSD_Charset_107_typeD2Ev
                0x0800df84        0xc obj/fonts.o
 .text._ZN12_GLOBAL__N_125font_OSD_Charset_106_typeD2Ev
                0x0800df90        0xc obj/fonts.o
 .text._ZN12_GLOBAL__N_125font_OSD_Charset_105_typeD2Ev
                0x0800df9c        0xc obj/fonts.o
 .text._ZN12_GLOBAL__N_125font_OSD_Charset_104_typeD2Ev
                0x0800dfa8        0xc obj/fonts.o
 .text._ZN12_GLOBAL__N_125font_OSD_Charset_103_typeD2Ev
                0x0800dfb4        0xc obj/fonts.o
 .text._ZN12_GLOBAL__N_125font_OSD_Charset_102_typeD2Ev
                0x0800dfc0        0xc obj/fonts.o
 .text._ZN12_GLOBAL__N_125font_OSD_Charset_101_typeD2Ev
                0x0800dfcc        0xc obj/fonts.o
 .text._ZN12_GLOBAL__N_125font_OSD_Charset_100_typeD2Ev
                0x0800dfd8        0xc obj/fonts.o
 .text._ZN12_GLOBAL__N_124font_OSD_Charset_99_typeD2Ev
                0x0800dfe4        0xc obj/fonts.o
 .text._ZN12_GLOBAL__N_124font_OSD_Charset_98_typeD2Ev
                0x0800dff0        0xc obj/fonts.o
 .text._ZN12_GLOBAL__N_124font_OSD_Charset_97_typeD2Ev
                0x0800dffc        0xc obj/fonts.o
 .text._ZN12_GLOBAL__N_124font_OSD_Charset_96_typeD2Ev
                0x0800e008        0xc obj/fonts.o
 .text._ZN12_GLOBAL__N_124font_OSD_Charset_95_typeD2Ev
                0x0800e014        0xc obj/fonts.o
 .text._ZN12_GLOBAL__N_124font_OSD_Charset_94_typeD2Ev
                0x0800e020        0xc obj/fonts.o
 .text._ZN12_GLOBAL__N_124font_OSD_Charset_93_typeD2Ev
                0x0800e02c        0xc obj/fonts.o
 .text._ZN12_GLOBAL__N_124font_OSD_Charset_92_typeD2Ev
                0x0800e038        0xc obj/fonts.o
 .text._ZN12_GLOBAL__N_124font_OSD_Charset_91_typeD2Ev
                0x0800e044        0xc obj/fonts.o
 .text._ZN12_GLOBAL__N_124font_OSD_Charset_90_typeD2Ev
                0x0800e050        0xc obj/fonts.o
 .text._ZN12_GLOBAL__N_124font_OSD_Charset_89_typeD2Ev
                0x0800e05c        0xc obj/fonts.o
 .text._ZN12_GLOBAL__N_124font_OSD_Charset_88_typeD2Ev
                0x0800e068        0xc obj/fonts.o
 .text._ZN12_GLOBAL__N_124font_OSD_Charset_87_typeD2Ev
                0x0800e074        0xc obj/fonts.o
 .text._ZN12_GLOBAL__N_124font_OSD_Charset_86_typeD2Ev
                0x0800e080        0xc obj/fonts.o
 .text._ZN12_GLOBAL__N_124font_OSD_Charset_85_typeD2Ev
                0x0800e08c        0xc obj/fonts.o
 .text._ZN12_GLOBAL__N_124font_OSD_Charset_84_typeD2Ev
                0x0800e098        0xc obj/fonts.o
 .text._ZN12_GLOBAL__N_124font_OSD_Charset_83_typeD2Ev
                0x0800e0a4        0xc obj/fonts.o
 .text._ZN12_GLOBAL__N_124font_OSD_Charset_82_typeD2Ev
                0x0800e0b0        0xc obj/fonts.o
 .text._ZN12_GLOBAL__N_124font_OSD_Charset_81_typeD2Ev
                0x0800e0bc        0xc obj/fonts.o
 .text._ZN12_GLOBAL__N_124font_OSD_Charset_80_typeD2Ev
                0x0800e0c8        0xc obj/fonts.o
 .text._ZN12_GLOBAL__N_124font_OSD_Charset_79_typeD2Ev
                0x0800e0d4        0xc obj/fonts.o
 .text._ZN12_GLOBAL__N_124font_OSD_Charset_78_typeD2Ev
                0x0800e0e0        0xc obj/fonts.o
 .text._ZN12_GLOBAL__N_124font_OSD_Charset_77_typeD2Ev
                0x0800e0ec        0xc obj/fonts.o
 .text._ZN12_GLOBAL__N_124font_OSD_Charset_76_typeD2Ev
                0x0800e0f8        0xc obj/fonts.o
 .text._ZN12_GLOBAL__N_124font_OSD_Charset_75_typeD2Ev
                0x0800e104        0xc obj/fonts.o
 .text._ZN12_GLOBAL__N_124font_OSD_Charset_74_typeD2Ev
                0x0800e110        0xc obj/fonts.o
 .text._ZN12_GLOBAL__N_124font_OSD_Charset_73_typeD2Ev
                0x0800e11c        0xc obj/fonts.o
 .text._ZN12_GLOBAL__N_124font_OSD_Charset_72_typeD2Ev
                0x0800e128        0xc obj/fonts.o
 .text._ZN12_GLOBAL__N_124font_OSD_Charset_71_typeD2Ev
                0x0800e134        0xc obj/fonts.o
 .text._ZN12_GLOBAL__N_124font_OSD_Charset_70_typeD2Ev
                0x0800e140        0xc obj/fonts.o
 .text._ZN12_GLOBAL__N_124font_OSD_Charset_69_typeD2Ev
                0x0800e14c        0xc obj/fonts.o
 .text._ZN12_GLOBAL__N_124font_OSD_Charset_68_typeD2Ev
                0x0800e158        0xc obj/fonts.o
 .text._ZN12_GLOBAL__N_124font_OSD_Charset_67_typeD2Ev
                0x0800e164        0xc obj/fonts.o
 .text._ZN12_GLOBAL__N_124font_OSD_Charset_66_typeD2Ev
                0x0800e170        0xc obj/fonts.o
 .text._ZN12_GLOBAL__N_124font_OSD_Charset_65_typeD2Ev
                0x0800e17c        0xc obj/fonts.o
 .text._ZN12_GLOBAL__N_124font_OSD_Charset_64_typeD2Ev
                0x0800e188        0xc obj/fonts.o
 .text._ZN12_GLOBAL__N_124font_OSD_Charset_63_typeD2Ev
                0x0800e194        0xc obj/fonts.o
 .text._ZN12_GLOBAL__N_124font_OSD_Charset_62_typeD2Ev
                0x0800e1a0        0xc obj/fonts.o
 .text._ZN12_GLOBAL__N_124font_OSD_Charset_61_typeD2Ev
                0x0800e1ac        0xc obj/fonts.o
 .text._ZN12_GLOBAL__N_124font_OSD_Charset_60_typeD2Ev
                0x0800e1b8        0xc obj/fonts.o
 .text._ZN12_GLOBAL__N_124font_OSD_Charset_59_typeD2Ev
                0x0800e1c4        0xc obj/fonts.o
 .text._ZN12_GLOBAL__N_124font_OSD_Charset_58_typeD2Ev
                0x0800e1d0        0xc obj/fonts.o
 .text._ZN12_GLOBAL__N_124font_OSD_Charset_57_typeD2Ev
                0x0800e1dc        0xc obj/fonts.o
 .text._ZN12_GLOBAL__N_124font_OSD_Charset_56_typeD2Ev
                0x0800e1e8        0xc obj/fonts.o
 .text._ZN12_GLOBAL__N_124font_OSD_Charset_55_typeD2Ev
                0x0800e1f4        0xc obj/fonts.o
 .text._ZN12_GLOBAL__N_124font_OSD_Charset_54_typeD2Ev
                0x0800e200        0xc obj/fonts.o
 .text._ZN12_GLOBAL__N_124font_OSD_Charset_53_typeD2Ev
                0x0800e20c        0xc obj/fonts.o
 .text._ZN12_GLOBAL__N_124font_OSD_Charset_52_typeD2Ev
                0x0800e218        0xc obj/fonts.o
 .text._ZN12_GLOBAL__N_124font_OSD_Charset_51_typeD2Ev
                0x0800e224        0xc obj/fonts.o
 .text._ZN12_GLOBAL__N_124font_OSD_Charset_50_typeD2Ev
                0x0800e230        0xc obj/fonts.o
 .text._ZN12_GLOBAL__N_124font_OSD_Charset_49_typeD2Ev
                0x0800e23c        0xc obj/fonts.o
 .text._ZN12_GLOBAL__N_124font_OSD_Charset_48_typeD2Ev
                0x0800e248        0xc obj/fonts.o
 .text._ZN12_GLOBAL__N_124font_OSD_Charset_47_typeD2Ev
                0x0800e254        0xc obj/fonts.o
 .text._ZN12_GLOBAL__N_124font_OSD_Charset_46_typeD2Ev
                0x0800e260        0xc obj/fonts.o
 .text._ZN12_GLOBAL__N_124font_OSD_Charset_45_typeD2Ev
                0x0800e26c        0xc obj/fonts.o
 .text._ZN12_GLOBAL__N_124font_OSD_Charset_44_typeD2Ev
                0x0800e278        0xc obj/fonts.o
 .text._ZN12_GLOBAL__N_124font_OSD_Charset_43_typeD2Ev
                0x0800e284        0xc obj/fonts.o
 .text._ZN12_GLOBAL__N_124font_OSD_Charset_42_typeD2Ev
                0x0800e290        0xc obj/fonts.o
 .text._ZN12_GLOBAL__N_124font_OSD_Charset_41_typeD2Ev
                0x0800e29c        0xc obj/fonts.o
 .text._ZN12_GLOBAL__N_124font_OSD_Charset_40_typeD2Ev
                0x0800e2a8        0xc obj/fonts.o
 .text._ZN12_GLOBAL__N_124font_OSD_Charset_39_typeD2Ev
                0x0800e2b4        0xc obj/fonts.o
 .text._ZN12_GLOBAL__N_124font_OSD_Charset_38_typeD2Ev
                0x0800e2c0        0xc obj/fonts.o
 .text._ZN12_GLOBAL__N_124font_OSD_Charset_37_typeD2Ev
                0x0800e2cc        0xc obj/fonts.o
 .text._ZN12_GLOBAL__N_124font_OSD_Charset_36_typeD2Ev
                0x0800e2d8        0xc obj/fonts.o
 .text._ZN12_GLOBAL__N_124font_OSD_Charset_35_typeD2Ev
                0x0800e2e4        0xc obj/fonts.o
 .text._ZN12_GLOBAL__N_124font_OSD_Charset_34_typeD2Ev
                0x0800e2f0        0xc obj/fonts.o
 .text._ZN12_GLOBAL__N_124font_OSD_Charset_33_typeD2Ev
                0x0800e2fc        0xc obj/fonts.o
 .text._ZN12_GLOBAL__N_124font_OSD_Charset_32_typeD2Ev
                0x0800e308        0xc obj/fonts.o
 .text._ZN12_GLOBAL__N_124font_OSD_Charset_31_typeD2Ev
                0x0800e314        0xc obj/fonts.o
 .text._ZN12_GLOBAL__N_124font_OSD_Charset_30_typeD2Ev
                0x0800e320        0xc obj/fonts.o
 .text._ZN12_GLOBAL__N_124font_OSD_Charset_29_typeD2Ev
                0x0800e32c        0xc obj/fonts.o
 .text._ZN12_GLOBAL__N_124font_OSD_Charset_28_typeD2Ev
                0x0800e338        0xc obj/fonts.o
 .text._ZN12_GLOBAL__N_124font_OSD_Charset_27_typeD2Ev
                0x0800e344        0xc obj/fonts.o
 .text._ZN12_GLOBAL__N_124font_OSD_Charset_26_typeD2Ev
                0x0800e350        0xc obj/fonts.o
 .text._ZN12_GLOBAL__N_124font_OSD_Charset_25_typeD2Ev
                0x0800e35c        0xc obj/fonts.o
 .text._ZN12_GLOBAL__N_124font_OSD_Charset_24_typeD2Ev
                0x0800e368        0xc obj/fonts.o
 .text._ZN12_GLOBAL__N_124font_OSD_Charset_23_typeD2Ev
                0x0800e374        0xc obj/fonts.o
 .text._ZN12_GLOBAL__N_124font_OSD_Charset_22_typeD2Ev
                0x0800e380        0xc obj/fonts.o
 .text._ZN12_GLOBAL__N_124font_OSD_Charset_21_typeD2Ev
                0x0800e38c        0xc obj/fonts.o
 .text._ZN12_GLOBAL__N_124font_OSD_Charset_20_typeD2Ev
                0x0800e398        0xc obj/fonts.o
 .text._ZN12_GLOBAL__N_124font_OSD_Charset_19_typeD2Ev
                0x0800e3a4        0xc obj/fonts.o
 .text._ZN12_GLOBAL__N_124font_OSD_Charset_18_typeD2Ev
                0x0800e3b0        0xc obj/fonts.o
 .text._ZN12_GLOBAL__N_124font_OSD_Charset_17_typeD2Ev
                0x0800e3bc        0xc obj/fonts.o
 .text._ZN12_GLOBAL__N_124font_OSD_Charset_16_typeD2Ev
                0x0800e3c8        0xc obj/fonts.o
 .text._ZN12_GLOBAL__N_124font_OSD_Charset_15_typeD2Ev
                0x0800e3d4        0xc obj/fonts.o
 .text._ZN12_GLOBAL__N_124font_OSD_Charset_14_typeD2Ev
                0x0800e3e0        0xc obj/fonts.o
 .text._ZN12_GLOBAL__N_124font_OSD_Charset_13_typeD2Ev
                0x0800e3ec        0xc obj/fonts.o
 .text._ZN12_GLOBAL__N_124font_OSD_Charset_12_typeD2Ev
                0x0800e3f8        0xc obj/fonts.o
 .text._ZN12_GLOBAL__N_124font_OSD_Charset_11_typeD2Ev
                0x0800e404        0xc obj/fonts.o
 .text._ZN12_GLOBAL__N_124font_OSD_Charset_10_typeD2Ev
                0x0800e410        0xc obj/fonts.o
 .text._ZN12_GLOBAL__N_123font_OSD_Charset_9_typeD2Ev
                0x0800e41c        0xc obj/fonts.o
 .text._ZN12_GLOBAL__N_123font_OSD_Charset_8_typeD2Ev
                0x0800e428        0xc obj/fonts.o
 .text._ZN12_GLOBAL__N_123font_OSD_Charset_7_typeD2Ev
                0x0800e434        0xc obj/fonts.o
 .text._ZN12_GLOBAL__N_123font_OSD_Charset_6_typeD2Ev
                0x0800e440        0xc obj/fonts.o
 .text._ZN12_GLOBAL__N_123font_OSD_Charset_5_typeD2Ev
                0x0800e44c        0xc obj/fonts.o
 .text._ZN12_GLOBAL__N_123font_OSD_Charset_4_typeD2Ev
                0x0800e458        0xc obj/fonts.o
 .text._ZN12_GLOBAL__N_123font_OSD_Charset_3_typeD2Ev
                0x0800e464        0xc obj/fonts.o
 .text._ZN12_GLOBAL__N_123font_OSD_Charset_2_typeD2Ev
                0x0800e470        0xc obj/fonts.o
 .text._ZN12_GLOBAL__N_123font_OSD_Charset_1_typeD2Ev
                0x0800e47c        0xc obj/fonts.o
 .text._ZN12_GLOBAL__N_123font_OSD_Charset_0_typeD2Ev
                0x0800e488        0xc obj/fonts.o
 .text._ZN12_GLOBAL__N_121font_OSD_Charset_typeD0Ev
                0x0800e494       0x14 obj/fonts.o
 .text._ZN12_GLOBAL__N_125font_OSD_Charset_255_typeD0Ev
                0x0800e4a8       0x14 obj/fonts.o
 .text._ZN12_GLOBAL__N_125font_OSD_Charset_254_typeD0Ev
                0x0800e4bc       0x14 obj/fonts.o
 .text._ZN12_GLOBAL__N_125font_OSD_Charset_253_typeD0Ev
                0x0800e4d0       0x14 obj/fonts.o
 .text._ZN12_GLOBAL__N_125font_OSD_Charset_252_typeD0Ev
                0x0800e4e4       0x14 obj/fonts.o
 .text._ZN12_GLOBAL__N_125font_OSD_Charset_251_typeD0Ev
                0x0800e4f8       0x14 obj/fonts.o
 .text._ZN12_GLOBAL__N_125font_OSD_Charset_250_typeD0Ev
                0x0800e50c       0x14 obj/fonts.o
 .text._ZN12_GLOBAL__N_125font_OSD_Charset_249_typeD0Ev
                0x0800e520       0x14 obj/fonts.o
 .text._ZN12_GLOBAL__N_125font_OSD_Charset_248_typeD0Ev
                0x0800e534       0x14 obj/fonts.o
 .text._ZN12_GLOBAL__N_125font_OSD_Charset_247_typeD0Ev
                0x0800e548       0x14 obj/fonts.o
 .text._ZN12_GLOBAL__N_125font_OSD_Charset_246_typeD0Ev
                0x0800e55c       0x14 obj/fonts.o
 .text._ZN12_GLOBAL__N_125font_OSD_Charset_245_typeD0Ev
                0x0800e570       0x14 obj/fonts.o
 .text._ZN12_GLOBAL__N_125font_OSD_Charset_244_typeD0Ev
                0x0800e584       0x14 obj/fonts.o
 .text._ZN12_GLOBAL__N_125font_OSD_Charset_243_typeD0Ev
                0x0800e598       0x14 obj/fonts.o
 .text._ZN12_GLOBAL__N_125font_OSD_Charset_242_typeD0Ev
                0x0800e5ac       0x14 obj/fonts.o
 .text._ZN12_GLOBAL__N_125font_OSD_Charset_241_typeD0Ev
                0x0800e5c0       0x14 obj/fonts.o
 .text._ZN12_GLOBAL__N_125font_OSD_Charset_240_typeD0Ev
                0x0800e5d4       0x14 obj/fonts.o
 .text._ZN12_GLOBAL__N_125font_OSD_Charset_239_typeD0Ev
                0x0800e5e8       0x14 obj/fonts.o
 .text._ZN12_GLOBAL__N_125font_OSD_Charset_238_typeD0Ev
                0x0800e5fc       0x14 obj/fonts.o
 .text._ZN12_GLOBAL__N_125font_OSD_Charset_237_typeD0Ev
                0x0800e610       0x14 obj/fonts.o
 .text._ZN12_GLOBAL__N_125font_OSD_Charset_236_typeD0Ev
                0x0800e624       0x14 obj/fonts.o
 .text._ZN12_GLOBAL__N_125font_OSD_Charset_235_typeD0Ev
                0x0800e638       0x14 obj/fonts.o
 .text._ZN12_GLOBAL__N_125font_OSD_Charset_234_typeD0Ev
                0x0800e64c       0x14 obj/fonts.o
 .text._ZN12_GLOBAL__N_125font_OSD_Charset_233_typeD0Ev
                0x0800e660       0x14 obj/fonts.o
 .text._ZN12_GLOBAL__N_125font_OSD_Charset_232_typeD0Ev
                0x0800e674       0x14 obj/fonts.o
 .text._ZN12_GLOBAL__N_125font_OSD_Charset_231_typeD0Ev
                0x0800e688       0x14 obj/fonts.o
 .text._ZN12_GLOBAL__N_125font_OSD_Charset_230_typeD0Ev
                0x0800e69c       0x14 obj/fonts.o
 .text._ZN12_GLOBAL__N_125font_OSD_Charset_229_typeD0Ev
                0x0800e6b0       0x14 obj/fonts.o
 .text._ZN12_GLOBAL__N_125font_OSD_Charset_228_typeD0Ev
                0x0800e6c4       0x14 obj/fonts.o
 .text._ZN12_GLOBAL__N_125font_OSD_Charset_227_typeD0Ev
                0x0800e6d8       0x14 obj/fonts.o
 .text._ZN12_GLOBAL__N_125font_OSD_Charset_226_typeD0Ev
                0x0800e6ec       0x14 obj/fonts.o
 .text._ZN12_GLOBAL__N_125font_OSD_Charset_225_typeD0Ev
                0x0800e700       0x14 obj/fonts.o
 .text._ZN12_GLOBAL__N_125font_OSD_Charset_224_typeD0Ev
                0x0800e714       0x14 obj/fonts.o
 .text._ZN12_GLOBAL__N_125font_OSD_Charset_223_typeD0Ev
                0x0800e728       0x14 obj/fonts.o
 .text._ZN12_GLOBAL__N_125font_OSD_Charset_222_typeD0Ev
                0x0800e73c       0x14 obj/fonts.o
 .text._ZN12_GLOBAL__N_125font_OSD_Charset_221_typeD0Ev
                0x0800e750       0x14 obj/fonts.o
 .text._ZN12_GLOBAL__N_125font_OSD_Charset_220_typeD0Ev
                0x0800e764       0x14 obj/fonts.o
 .text._ZN12_GLOBAL__N_125font_OSD_Charset_219_typeD0Ev
                0x0800e778       0x14 obj/fonts.o
 .text._ZN12_GLOBAL__N_125font_OSD_Charset_218_typeD0Ev
                0x0800e78c       0x14 obj/fonts.o
 .text._ZN12_GLOBAL__N_125font_OSD_Charset_217_typeD0Ev
                0x0800e7a0       0x14 obj/fonts.o
 .text._ZN12_GLOBAL__N_125font_OSD_Charset_216_typeD0Ev
                0x0800e7b4       0x14 obj/fonts.o
 .text._ZN12_GLOBAL__N_125font_OSD_Charset_215_typeD0Ev
                0x0800e7c8       0x14 obj/fonts.o
 .text._ZN12_GLOBAL__N_125font_OSD_Charset_214_typeD0Ev
                0x0800e7dc       0x14 obj/fonts.o
 .text._ZN12_GLOBAL__N_125font_OSD_Charset_213_typeD0Ev
                0x0800e7f0       0x14 obj/fonts.o
 .text._ZN12_GLOBAL__N_125font_OSD_Charset_212_typeD0Ev
                0x0800e804       0x14 obj/fonts.o
 .text._ZN12_GLOBAL__N_125font_OSD_Charset_211_typeD0Ev
                0x0800e818       0x14 obj/fonts.o
 .text._ZN12_GLOBAL__N_125font_OSD_Charset_210_typeD0Ev
                0x0800e82c       0x14 obj/fonts.o
 .text._ZN12_GLOBAL__N_125font_OSD_Charset_209_typeD0Ev
                0x0800e840       0x14 obj/fonts.o
 .text._ZN12_GLOBAL__N_125font_OSD_Charset_208_typeD0Ev
                0x0800e854       0x14 obj/fonts.o
 .text._ZN12_GLOBAL__N_125font_OSD_Charset_207_typeD0Ev
                0x0800e868       0x14 obj/fonts.o
 .text._ZN12_GLOBAL__N_125font_OSD_Charset_206_typeD0Ev
                0x0800e87c       0x14 obj/fonts.o
 .text._ZN12_GLOBAL__N_125font_OSD_Charset_205_typeD0Ev