Archive member included because of file (symbol)

../../../lib/osd/quantracker_air_system.a(tasks.o)
                              obj/fsk_task.o (xTaskGenericCreate)
../../../lib/osd/quantracker_air_system.a(queue.o)
                              obj/setup.o (xQueueGenericCreate)
../../../lib/osd/quantracker_air_system.a(list.o)
                              ../../../lib/osd/quantracker_air_system.a(tasks.o) (vListInitialise)
../../../lib/osd/quantracker_air_system.a(timers.o)
                              ../../../lib/osd/quantracker_air_system.a(tasks.o) (xTimerCreateTimerTask)
../../../lib/osd/quantracker_air_system.a(malloc_free.o)
                              obj/frsky_task.o (quan::malloc(unsigned int))
../../../lib/osd/quantracker_air_system.a(startup.o)
                              (Reset_Handler)
../../../lib/osd/quantracker_air_system.a(system_init.o)
                              ../../../lib/osd/quantracker_air_system.a(startup.o) (SystemInit)
../../../lib/osd/quantracker_air_system.a(port.o)
                              ../../../lib/osd/quantracker_air_system.a(tasks.o) (pxPortInitialiseStack)
../../../lib/osd/quantracker_air_system.a(heap_3.o)
                              ../../../lib/osd/quantracker_air_system.a(tasks.o) (pvPortMalloc)
../../../lib/osd/quantracker_air_system.a(rtos_hooks.o)
                              ../../../lib/osd/quantracker_air_system.a(tasks.o) (vApplicationIdleHook)
../../../lib/osd/quantracker_air_system.a(spbrk.o)
                              (_sbrk)
../../../lib/osd/quantracker_air_system.a(system.o)
                              obj/bitmaps.o (__cxa_pure_virtual)
../../../lib/osd/quantracker_air_osd.a(lib_video_setup.o)
                              obj/setup.o (osd_setup())
../../../lib/osd/quantracker_air_osd.a(lib_graphics_api.o)
                              obj/draw_compass.o (quan::uav::osd::get_size(quan::uav::osd::basic_font const*))
../../../lib/osd/quantracker_air_osd.a(lib_draw_task.o)
                              obj/main.o (create_draw_task())
../../../lib/osd/quantracker_air_osd.a(lib_sync_sep.o)
                              obj/draw_batteries.o (quan::uav::osd::get_video_mode())
../../../lib/osd/quantracker_air_osd.a(lib_dac.o)
                              ../../../lib/osd/quantracker_air_osd.a(lib_video_setup.o) (detail::video_palette_dac_setup())
../../../lib/osd/quantracker_air_osd.a(lib_led.o)
                              ../../../lib/osd/quantracker_air_osd.a(lib_video_setup.o) (detail::setup_leds())
../../../lib/osd/quantracker_air_osd.a(lib_osd_state.o)
                              ../../../lib/osd/quantracker_air_osd.a(lib_video_setup.o) (osd_state::set(osd_state::state_t))
../../../lib/osd/quantracker_air_osd.a(misc.o)
                              ../../../lib/osd/quantracker_air_osd.a(lib_video_setup.o) (NVIC_PriorityGroupConfig)
../../../lib/osd/quantracker_air_osd.a(lib_video_buffer.o)
                              ../../../lib/osd/quantracker_air_osd.a(lib_video_setup.o) (video_buffers::init())
../../../lib/osd/quantracker_air_osd.a(lib_video_column.o)
                              ../../../lib/osd/quantracker_air_osd.a(lib_draw_task.o) (detail::create_osd_swap_semaphores())
../../../lib/osd/quantracker_air_osd.a(lib_video_row.o)
                              ../../../lib/osd/quantracker_air_osd.a(lib_video_setup.o) (video_cfg::rows::takedown())
../../../lib/osd/quantracker_air_osd.a(lib_video_pixel.o)
                              ../../../lib/osd/quantracker_air_osd.a(lib_video_setup.o) (video_cfg::spi_clock::takedown())
../../../lib/osd/quantracker_air_osd.a(lib_video_spi.o)
                              ../../../lib/osd/quantracker_air_osd.a(lib_video_setup.o) (detail::spi_setup())
../../../lib/osd/quantracker_air_osd.a(lib_video_dma.o)
                              ../../../lib/osd/quantracker_air_osd.a(lib_video_setup.o) (detail::pixel_dma_setup())
../../../lib/osd/quantracker_air_osd.a(lib_internal_video_mode.o)
                              ../../../lib/osd/quantracker_air_osd.a(lib_video_row.o) (detail::internal_video_mode_setup())
../../../lib/osd/quantracker_air_graphics_api.a(draw_arc.o)
                              obj/draw_compass.o (quan::uav::osd::draw_arc(long, quan::two_d::vect<long> const&, quan::fraction_of_revolution<quan::meta::rational<1ll, 1ll>, quan::meta::rational<360ll, 1ll>, float> const&, quan::fraction_of_revolution<quan::meta::rational<1ll, 1ll>, quan::meta::rational<360ll, 1ll>, float> const&, quan::uav::osd::colour_type))
../../../lib/osd/quantracker_air_graphics_api.a(draw_bitmap.o)
                              obj/draw_altitude.o (quan::uav::osd::draw_bitmap(quan::uav::osd::basic_bitmap const*, quan::two_d::vect<long> const&))
../../../lib/osd/quantracker_air_graphics_api.a(draw_circle.o)
                              obj/draw_artificial_horizon.o (quan::uav::osd::draw_circle(long, quan::two_d::vect<long> const&, quan::uav::osd::colour_type))
[...]
Memory Configuration

Name             Origin             Length             Attributes
start_vector     0x08000000         0x00004000         xr
flash            0x08004000         0x00008000         r
rom              0x0800c000         0x000f4000         xr
ram              0x10000000         0x00010000         xrw
heap_ram         0x20000000         0x00012000         rw
video_ram        0x20012000         0x0000d000         rw
telem_ram        0x2001f000         0x00001000         rw
*default*        0x00000000         0xffffffff

Linker script and memory map

LOAD /opt/gcc-arm-none-eabi-4_7-2013q2//lib/gcc/arm-none-eabi/4.7.4/armv7e-m/fpu/crti.o
LOAD /opt/gcc-arm-none-eabi-4_7-2013q2//lib/gcc/arm-none-eabi/4.7.4/armv7e-m/fpu/crtn.o
LOAD obj/main.o
LOAD obj/setup.o
LOAD obj/serial_port.o
LOAD obj/fsk_output.o
LOAD obj/fsk_task.o
LOAD obj/frsky_task.o
LOAD obj/frsky_zapp1.o
LOAD obj/mavlink_task.o
LOAD obj/settings.o
LOAD obj/heartbeat_task.o
LOAD obj/mode_check.o
LOAD obj/board_graphics_api.o
LOAD obj/bitmaps.o
LOAD obj/fonts.o
LOAD obj/flash_vars.o
LOAD obj/on_draw.o
LOAD obj/draw_altitude.o
LOAD obj/draw_artificial_horizon.o
LOAD obj/draw_compass.o
LOAD obj/draw_home.o
LOAD obj/draw_gps_state.o
LOAD obj/draw_batteries.o
LOAD obj/symbology.o
LOAD obj/flash.o
LOAD obj/aircraft.o
LOAD ../../../lib/osd/quantracker_air_system.a
LOAD ../../../lib/osd/quantracker_air_osd.a
LOAD ../../../lib/osd/quantracker_air_graphics_api.a
LOAD ../../../lib/osd/flash_variables.a
                0x00012000                _HeapSize = 0x12000
                0x00008000                _MinStackSize = 0x8000

.isr_vector     0x08000000      0x188
                0x08000000                . = ALIGN (0x4)
 *(.isr_vector)
 .isr_vector    0x08000000      0x188 ../../../lib/osd/quantracker_air_system.a(startup.o)
                0x08000000                g_pfnVectors
                0x08000188                . = ALIGN (0x4)

.preinit_array  0x08000188        0x0
                0x08000188                PROVIDE (__preinit_array_start, .)
 *(.preinit_array*)
                0x08000188                PROVIDE (__preinit_array_end, .)

.init_array     0x08000188       0x24
                0x08000188                PROVIDE (__init_array_start, .)
 *(SORT(.init_array.*))
 *(.init_array*)
 .init_array    0x08000188        0x4 obj/fsk_output.o
 .init_array    0x0800018c        0x4 obj/frsky_zapp1.o
 .init_array    0x08000190        0x4 obj/bitmaps.o
 .init_array    0x08000194        0x4 obj/fonts.o
 .init_array    0x08000198        0x4 obj/flash.o
 .init_array    0x0800019c        0x4 obj/aircraft.o
 .init_array    0x080001a0        0x4 ../../../lib/osd/quantracker_air_osd.a(lib_dac.o)
 .init_array    0x080001a4        0x4 ../../../lib/osd/quantracker_air_osd.a(lib_video_buffer.o)
 .init_array    0x080001a8        0x4 ../../../lib/osd/flash_variables.a(quan_generic_flash_error.o)
                0x080001ac                PROVIDE (__init_array_end, .)

.fini_array     0x080001ac        0x0
                0x080001ac                PROVIDE (__fini_array_start, .)
 *(.fini_array*)
 *(SORT(.fini_array.*))
                0x080001ac                PROVIDE (__fini_array_end, .)

.flash_variables
                0x08004000     0x8000
                0x08004000                flash_variables_start = .
 *(.flash_variables)
 .flash_variables
                0x08004000     0x8000 obj/flash_vars.o
 FILL mask 0xffffffff
                0x0800c000                . = (flash_variables_start + 0x8000)

.text           0x0800c000    0x1ee80
                0x0800c000                . = ALIGN (0x4)
 *(.text)
 .text          0x0800c000      0x370 /opt/gcc-arm-none-eabi-4_7-2013q2/bin/../lib/gcc/arm-none-eabi/4.7.4/armv7e-m/fpu/libgcc.a(_arm_addsubdf3.o)
                0x0800c000                __aeabi_drsub
                0x0800c008                __aeabi_dsub
                0x0800c008                __subdf3
                0x0800c00c                __adddf3
                0x0800c00c                __aeabi_dadd
                0x0800c284                __aeabi_ui2d
                0x0800c284                __floatunsidf
                0x0800c2a4                __floatsidf
                0x0800c2a4                __aeabi_i2d
                0x0800c2c8                __extendsfdf2
                0x0800c2c8                __aeabi_f2d
                0x0800c304                __aeabi_ul2d
                0x0800c304                __floatundidf
                0x0800c314                __floatdidf
                0x0800c314                __aeabi_l2d
 .text          0x0800c370      0x424 /opt/gcc-arm-none-eabi-4_7-2013q2/bin/../lib/gcc/arm-none-eabi/4.7.4/armv7e-m/fpu/libgcc.a(_arm_muldivdf3.o)
                0x0800c370                __aeabi_dmul
                0x0800c370                __muldf3
                0x0800c5c4                __aeabi_ddiv
                0x0800c5c4                __divdf3
 .text          0x0800c794      0x110 /opt/gcc-arm-none-eabi-4_7-2013q2/bin/../lib/gcc/arm-none-eabi/4.7.4/armv7e-m/fpu/libgcc.a(_arm_cmpdf2.o)
                0x0800c794                __gtdf2
                0x0800c794                __gedf2
                0x0800c79c                __ltdf2
                0x0800c79c                __ledf2
                0x0800c7a4                __cmpdf2
                0x0800c7a4                __eqdf2
                0x0800c7a4                __nedf2
                0x0800c820                __aeabi_cdrcmple
                0x0800c830                __aeabi_cdcmple
                0x0800c830                __aeabi_cdcmpeq
                0x0800c840                __aeabi_dcmpeq
                0x0800c854                __aeabi_dcmplt
                0x0800c868                __aeabi_dcmple
                0x0800c87c                __aeabi_dcmpge
                0x0800c890                __aeabi_dcmpgt
 .text          0x0800c8a4       0x50 /opt/gcc-arm-none-eabi-4_7-2013q2/bin/../lib/gcc/arm-none-eabi/4.7.4/armv7e-m/fpu/libgcc.a(_arm_fixdfsi.o)
                0x0800c8a4                __fixdfsi
                0x0800c8a4                __aeabi_d2iz
 .text          0x0800c8f4       0xa0 /opt/gcc-arm-none-eabi-4_7-2013q2/bin/../lib/gcc/arm-none-eabi/4.7.4/armv7e-m/fpu/libgcc.a(_arm_truncdfsf2.o)
                0x0800c8f4                __aeabi_d2f
                0x0800c8f4                __truncdfsf2
 .text          0x0800c994      0x21c /opt/gcc-arm-none-eabi-4_7-2013q2/bin/../lib/gcc/arm-none-eabi/4.7.4/armv7e-m/fpu/libgcc.a(_arm_addsubsf3.o)
                0x0800c994                __aeabi_frsub
                0x0800c99c                __subsf3
                0x0800c99c                __aeabi_fsub
                0x0800c9a0                __aeabi_fadd
                0x0800c9a0                __addsf3
                0x0800cb00                __aeabi_ui2f
                0x0800cb00                __floatunsisf
                0x0800cb08                __aeabi_i2f
                0x0800cb08                __floatsisf
                0x0800cb24                __floatundisf
                0x0800cb24                __aeabi_ul2f
                0x0800cb34                __floatdisf
                0x0800cb34                __aeabi_l2f
 .text          0x0800cbb0       0x2c /opt/gcc-arm-none-eabi-4_7-2013q2/bin/../lib/gcc/arm-none-eabi/4.7.4/armv7e-m/fpu/libgcc.a(_aeabi_uldivmod.o)
                0x0800cbb0                __aeabi_uldivmod
 .text          0x0800cbdc       0x58 /opt/gcc-arm-none-eabi-4_7-2013q2/bin/../lib/gcc/arm-none-eabi/4.7.4/armv7e-m/fpu/libgcc.a(bpabi.o)
                0x0800cbdc                __gnu_ldivmod_helper
                0x0800cc08                __gnu_uldivmod_helper
 .text          0x0800cc34        0x4 /opt/gcc-arm-none-eabi-4_7-2013q2/bin/../lib/gcc/arm-none-eabi/4.7.4/armv7e-m/fpu/libgcc.a(_dvmd_tls.o)
                0x0800cc34                __aeabi_ldiv0
                0x0800cc34                __aeabi_idiv0
 .text          0x0800cc38      0x2bc /opt/gcc-arm-none-eabi-4_7-2013q2/bin/../lib/gcc/arm-none-eabi/4.7.4/armv7e-m/fpu/libgcc.a(_divdi3.o)
                0x0800cc38                __divdi3
 .text          0x0800cef4      0x288 /opt/gcc-arm-none-eabi-4_7-2013q2/bin/../lib/gcc/arm-none-eabi/4.7.4/armv7e-m/fpu/libgcc.a(_udivdi3.o)
                0x0800cef4                __udivdi3
 *(.text*)
 .text.startup.main
                0x0800d17c       0x24 obj/main.o
                0x0800d17c                main
 .text.setup    0x0800d1a0      0x1dc obj/setup.o
                0x0800d1a0                setup
 .text.USART3_IRQHandler
                0x0800d37c       0xa0 obj/serial_port.o
                0x0800d37c                USART3_IRQHandler
 .text.USART1_IRQHandler
                0x0800d41c       0xa0 obj/serial_port.o
                0x0800d41c                USART1_IRQHandler
 .text._ZN3fsk5writeEPKcj
                0x0800d4bc      0x10c obj/fsk_output.o
                0x0800d4bc                fsk::write(char const*, unsigned int)
 .text._ZN3fsk5setupEv
                0x0800d5c8       0xac obj/fsk_output.o
                0x0800d5c8                fsk::setup()
 .text.TIM6_DAC_IRQHandler
                0x0800d674      0x288 obj/fsk_output.o
                0x0800d674                TIM6_DAC_IRQHandler
 .text.startup._GLOBAL__sub_I__ZN3fsk3putEc
                0x0800d8fc       0x14 obj/fsk_output.o
 .text._ZN3fsk8fsk_taskEPv
                0x0800d910      0x410 obj/fsk_task.o
                0x0800d910                fsk::fsk_task(void*)
 .text._Z15create_fsk_taskv
                0x0800dd20       0x3c obj/fsk_task.o
                0x0800dd20                create_fsk_task()
 .text._ZN4quan5stm325flash12symbol_table16on_malloc_failedEv
                0x0800dd5c        0x4 obj/frsky_task.o
                0x0800dd5c                quan::stm32::flash::symbol_table::on_malloc_failed()
 .text._ZN5frsky10frsky_taskEPv
                0x0800dd60      0x118 obj/frsky_task.o
                0x0800dd60                frsky::frsky_task(void*)
 .text._Z17create_frsky_taskv
                0x0800de78       0x3c obj/frsky_task.o
                0x0800de78                create_frsky_task()
 .text._ZN12_GLOBAL__N_110zapp1_impl14create_messageIlE6assignERKl.isra.0
                0x0800deb4       0x5c obj/frsky_zapp1.o
 .text._ZN12_GLOBAL__N_110zapp1_impl15update_lon_msg1Ev
                0x0800df10      0x168 obj/frsky_zapp1.o
 .text._ZN12_GLOBAL__N_110zapp1_impl15update_lat_msg1Ev
                0x0800e078      0x168 obj/frsky_zapp1.o
 .text._ZN12_GLOBAL__N_110zapp1_impl15update_alt_msg1Ev
                0x0800e1e0      0x238 obj/frsky_zapp1.o
 .text._ZN5zapp118frsky_send_messageEv
                0x0800e418       0x8c obj/frsky_zapp1.o
                0x0800e418                zapp1::frsky_send_message()
 .text._ZN12_GLOBAL__N_110zapp1_impl15update_lon_msg2Ev
                0x0800e4a4       0xfc obj/frsky_zapp1.o
 .text._ZN12_GLOBAL__N_110zapp1_impl15update_alt_msg2Ev
                0x0800e5a0       0xfc obj/frsky_zapp1.o
 .text._ZN12_GLOBAL__N_110zapp1_impl15update_lat_msg3Ev
                0x0800e69c      0x174 obj/frsky_zapp1.o
 .text._ZN12_GLOBAL__N_110zapp1_impl15update_lat_msg2Ev
                0x0800e810       0xfc obj/frsky_zapp1.o
 .text._ZN12_GLOBAL__N_110zapp1_impl15update_lon_msg3Ev
                0x0800e90c      0x174 obj/frsky_zapp1.o
 .text._ZN12_GLOBAL__N_110zapp1_impl15update_alt_msg3Ev
                0x0800ea80      0x174 obj/frsky_zapp1.o
 .text.startup._GLOBAL__sub_I__ZN5zapp118frsky_send_messageEv
                0x0800ebf4       0x50 obj/frsky_zapp1.o
 .text._ZN12_GLOBAL__N_112read_mavlinkEPv
                0x0800ec44      0x8d8 obj/mavlink_task.o
 .text._Z19create_mavlink_taskv
                0x0800f51c       0x80 obj/mavlink_task.o
                0x0800f51c                create_mavlink_task()
 .text._ZN12_GLOBAL__N_114heartbeat_taskEPv
                0x0800f59c       0x3c obj/heartbeat_task.o
 .text._Z20signal_new_heartbeatv
                0x0800f5d8       0x14 obj/heartbeat_task.o
                0x0800f5d8                signal_new_heartbeat()
 .text._Z21create_heartbeat_taskv
                0x0800f5ec       0x80 obj/heartbeat_task.o
                0x0800f5ec                create_heartbeat_task()
 .text._ZN4quan12user_messageEPKc
                0x0800f66c       0x44 obj/mode_check.o
                0x0800f66c                quan::user_message(char const*)
 .text._ZN4quan13user_in_availEv
                0x0800f6b0       0x10 obj/mode_check.o
                0x0800f6b0                quan::user_in_avail()
 .text._ZN4quan8user_getEv
                0x0800f6c0       0x28 obj/mode_check.o
                0x0800f6c0                quan::user_get()
 .text._ZN4quan15user_flush_sptxEv
                0x0800f6e8       0x10 obj/mode_check.o
                0x0800f6e8                quan::user_flush_sptx()
 .text._ZN4quan5stm3216serial_port_liteINS0_5usart6moduleILm1073811456EEENS_3mcu3pinINS0_4gpio6moduleILm1073872896EEELm9EEENS6_IS9_Lm10EEEE5writeEPKc
                0x0800f6f8       0x30 obj/mode_check.o
                0x0800f6f8                quan::stm32::serial_port_lite<quan::stm32::usart::module<1073811456ul>, quan::mcu::pin<quan::stm32::gpio::module<1073872896ul>, 9ul>, quan::mcu::pin<quan::stm32::gpio::module<1073872896ul>, 10ul> >::write(char const*)
 .text._Z10mode_checkv
                0x0800f728      0x1cc obj/mode_check.o
                0x0800f728                mode_check()
 .text._ZN4quan3uav3osd21get_aircraft_positionEv
                0x0800f8f4       0x28 obj/board_graphics_api.o
                0x0800f8f4                quan::uav::osd::get_aircraft_position()
 .text._ZN4quan3uav3osd17get_home_positionEv
                0x0800f91c       0x28 obj/board_graphics_api.o
                0x0800f91c                quan::uav::osd::get_home_position()
 .text._ZN4quan3uav3osd21get_aircraft_attitudeEv
                0x0800f944       0x28 obj/board_graphics_api.o
                0x0800f944                quan::uav::osd::get_aircraft_attitude()
 .text._ZN4quan3uav3osd20get_aircraft_headingEv
                0x0800f96c       0x10 obj/board_graphics_api.o
                0x0800f96c                quan::uav::osd::get_aircraft_heading()
 .text._ZN4quan3uav3osd16position_is_goodEv
                0x0800f97c       0x18 obj/board_graphics_api.o
                0x0800f97c                quan::uav::osd::position_is_good()
 .text._ZN4quan3uav3osd20home_position_is_setEv
                0x0800f994        0xc obj/board_graphics_api.o
                0x0800f994                quan::uav::osd::home_position_is_set()
 .text._ZN4quan3uav3osd17set_home_positionERKNS0_8positionINS_22fraction_of_revolutionINS_4meta8rationalILx1ELx1EEENS5_ILx3600000000ELx1EEElEENS_14fixed_quantityINS4_4unitINS4_17abstract_quantityINS4_9dimensionIS6_NS5_ILx0ELx1EEESD_SD_SD_SD_SD_EENS4_10components9of_lengthEEENS4_17conversion_factorINS5_ILxn3ELx1EEES6_NS4_5int32ILl0EEEEEEEfEEEEb
                0x0800f9a0       0x40 obj/board_graphics_api.o
                0x0800f9a0                quan::uav::osd::set_home_position(quan::uav::position<quan::fraction_of_revolution<quan::meta::rational<1ll, 1ll>, quan::meta::rational<3600000000ll, 1ll>, long>, quan::fixed_quantity<quan::meta::unit<quan::meta::abstract_quantity<quan::meta::dimension<quan::meta::rational<1ll, 1ll>, quan::meta::rational<0ll, 1ll>, quan::meta::rational<0ll, 1ll>, quan::meta::rational<0ll, 1ll>, quan::meta::rational<0ll, 1ll>, quan::meta::rational<0ll, 1ll>, quan::meta::rational<0ll, 1ll> >, quan::meta::components::of_length>, quan::meta::conversion_factor<quan::meta::rational<-3ll, 1ll>, quan::meta::rational<1ll, 1ll>, quan::meta::int32<0l> > >, float> > const&, bool)
 .text._ZN4quan3uav3osd17read_gps_fix_typeEv
                0x0800f9e0       0x10 obj/board_graphics_api.o
                0x0800f9e0                quan::uav::osd::read_gps_fix_type()
 .text._ZN4quan3uav3osd17read_gps_num_satsEv
                0x0800f9f0       0x10 obj/board_graphics_api.o
                0x0800f9f0                quan::uav::osd::read_gps_num_sats()
 .text._ZN4quan3uav3osd19get_battery_voltageEh
                0x0800fa00       0x10 obj/board_graphics_api.o
                0x0800fa00                quan::uav::osd::get_battery_voltage(unsigned char)
 .text._ZN4quan3uav3osd12basic_bitmapD2Ev
                0x0800fa10        0xc obj/bitmaps.o
                0x0800fa10                quan::uav::osd::basic_bitmap::~basic_bitmap()
                0x0800fa10                quan::uav::osd::basic_bitmap::~basic_bitmap()
 .text._ZNK12_GLOBAL__N_115home_image_type8get_dataEv
                0x0800fa1c        0xc obj/bitmaps.o
 .text._ZNK12_GLOBAL__N_115home_image_type8get_sizeEv
                0x0800fa28        0xc obj/bitmaps.o
 .text._ZNK12_GLOBAL__N_120satellite_image_type8get_dataEv
                0x0800fa34        0xc obj/bitmaps.o
 .text._ZNK12_GLOBAL__N_120satellite_image_type8get_sizeEv
                0x0800fa40        0xc obj/bitmaps.o
 .text._ZNK12_GLOBAL__N_120altitude_symbol_type8get_dataEv
                0x0800fa4c        0xc obj/bitmaps.o
 .text._ZNK12_GLOBAL__N_120altitude_symbol_type8get_sizeEv
                0x0800fa58        0xc obj/bitmaps.o
 .text._ZNK12_GLOBAL__N_115home_arrow_type8get_dataEv
                0x0800fa64        0xc obj/bitmaps.o
 .text._ZNK12_GLOBAL__N_115home_arrow_type8get_sizeEv
                0x0800fa70        0xc obj/bitmaps.o
 .text._ZN12_GLOBAL__N_115home_arrow_typeD2Ev
                0x0800fa7c        0xc obj/bitmaps.o
 .text._ZN12_GLOBAL__N_120altitude_symbol_typeD2Ev
                0x0800fa88        0xc obj/bitmaps.o
 .text._ZN12_GLOBAL__N_120satellite_image_typeD2Ev
                0x0800fa94        0xc obj/bitmaps.o
 .text._ZN12_GLOBAL__N_115home_image_typeD2Ev
                0x0800faa0        0xc obj/bitmaps.o
 .text._ZN12_GLOBAL__N_115home_arrow_typeD0Ev
                0x0800faac       0x14 obj/bitmaps.o
 .text._ZN12_GLOBAL__N_120altitude_symbol_typeD0Ev
                0x0800fac0       0x14 obj/bitmaps.o
 .text._ZN12_GLOBAL__N_120satellite_image_typeD0Ev
                0x0800fad4       0x14 obj/bitmaps.o
 .text._ZN12_GLOBAL__N_115home_image_typeD0Ev
                0x0800fae8       0x14 obj/bitmaps.o
 .text._ZN4quan3uav3osd12basic_bitmapD0Ev
                0x0800fafc       0x14 obj/bitmaps.o
                0x0800fafc                quan::uav::osd::basic_bitmap::~basic_bitmap()
 .text._ZN4quan3uav3osd10get_bitmapEm
                0x0800fb10       0x14 obj/bitmaps.o
                0x0800fb10                quan::uav::osd::get_bitmap(unsigned long)
 .text.startup._GLOBAL__sub_I__ZN4quan3uav3osd10get_bitmapEm
                0x0800fb24       0x90 obj/bitmaps.o
 .text._ZN4quan3uav3osd10basic_fontD2Ev
                0x0800fbb4        0xc obj/fonts.o
                0x0800fbb4                quan::uav::osd::basic_font::~basic_font()
                0x0800fbb4                quan::uav::osd::basic_font::~basic_font()
 .text._ZNK12_GLOBAL__N_124font_OSD_Charset_32_type8get_dataEv
                0x0800fbc0        0xc obj/fonts.o
 .text._ZNK12_GLOBAL__N_124font_OSD_Charset_32_type8get_sizeEv
                0x0800fbcc        0xc obj/fonts.o
 .text._ZNK12_GLOBAL__N_124font_OSD_Charset_33_type8get_dataEv
                0x0800fbd8        0xc obj/fonts.o
 .text._ZNK12_GLOBAL__N_124font_OSD_Charset_33_type8get_sizeEv
                0x0800fbe4        0xc obj/fonts.o
 .text._ZNK12_GLOBAL__N_124font_OSD_Charset_34_type8get_dataEv
                0x0800fbf0        0xc obj/fonts.o
 .text._ZNK12_GLOBAL__N_124font_OSD_Charset_34_type8get_sizeEv
                0x0800fbfc        0xc obj/fonts.o
 .text._ZNK12_GLOBAL__N_124font_OSD_Charset_35_type8get_dataEv
                0x0800fc08        0xc obj/fonts.o
 .text._ZNK12_GLOBAL__N_124font_OSD_Charset_35_type8get_sizeEv
                0x0800fc14        0xc obj/fonts.o
 .text._ZNK12_GLOBAL__N_124font_OSD_Charset_36_type8get_dataEv
                0x0800fc20        0xc obj/fonts.o
 .text._ZNK12_GLOBAL__N_124font_OSD_Charset_36_type8get_sizeEv
                0x0800fc2c        0xc obj/fonts.o
 .text._ZNK12_GLOBAL__N_124font_OSD_Charset_37_type8get_dataEv
                0x0800fc38        0xc obj/fonts.o
 .text._ZNK12_GLOBAL__N_124font_OSD_Charset_37_type8get_sizeEv
                0x0800fc44        0xc obj/fonts.o
 .text._ZNK12_GLOBAL__N_124font_OSD_Charset_38_type8get_dataEv
                0x0800fc50        0xc obj/fonts.o
 .text._ZNK12_GLOBAL__N_124font_OSD_Charset_38_type8get_sizeEv
                0x0800fc5c        0xc obj/fonts.o
 .text._ZNK12_GLOBAL__N_124font_OSD_Charset_39_type8get_dataEv
                0x0800fc68        0xc obj/fonts.o
 .text._ZNK12_GLOBAL__N_124font_OSD_Charset_39_type8get_sizeEv
                0x0800fc74        0xc obj/fonts.o
 .text._ZNK12_GLOBAL__N_124font_OSD_Charset_40_type8get_dataEv
                0x0800fc80        0xc obj/fonts.o
 .text._ZNK12_GLOBAL__N_124font_OSD_Charset_40_type8get_sizeEv
                0x0800fc8c        0xc obj/fonts.o
 .text._ZNK12_GLOBAL__N_124font_OSD_Charset_41_type8get_dataEv
                0x0800fc98        0xc obj/fonts.o
 .text._ZNK12_GLOBAL__N_124font_OSD_Charset_41_type8get_sizeEv
                0x0800fca4        0xc obj/fonts.o
 .text._ZNK12_GLOBAL__N_124font_OSD_Charset_42_type8get_dataEv
                0x0800fcb0        0xc obj/fonts.o
 .text._ZNK12_GLOBAL__N_124font_OSD_Charset_42_type8get_sizeEv
                0x0800fcbc        0xc obj/fonts.o
 .text._ZNK12_GLOBAL__N_124font_OSD_Charset_43_type8get_dataEv
                0x0800fcc8        0xc obj/fonts.o
 .text._ZNK12_GLOBAL__N_124font_OSD_Charset_43_type8get_sizeEv
                0x0800fcd4        0xc obj/fonts.o
 .text._ZNK12_GLOBAL__N_124font_OSD_Charset_44_type8get_dataEv
                0x0800fce0        0xc obj/fonts.o
 .text._ZNK12_GLOBAL__N_124font_OSD_Charset_44_type8get_sizeEv
                0x0800fcec        0xc obj/fonts.o
 .text._ZNK12_GLOBAL__N_124font_OSD_Charset_45_type8get_dataEv
                0x0800fcf8        0xc obj/fonts.o
 .text._ZNK12_GLOBAL__N_124font_OSD_Charset_45_type8get_sizeEv
                0x0800fd04        0xc obj/fonts.o
 .text._ZNK12_GLOBAL__N_124font_OSD_Charset_46_type8get_dataEv
                0x0800fd10        0xc obj/fonts.o
 .text._ZNK12_GLOBAL__N_124font_OSD_Charset_46_type8get_sizeEv
                0x0800fd1c        0xc obj/fonts.o
 .text._ZNK12_GLOBAL__N_124font_OSD_Charset_47_type8get_dataEv
                0x0800fd28        0xc obj/fonts.o
 .text._ZNK12_GLOBAL__N_124font_OSD_Charset_47_type8get_sizeEv
                0x0800fd34        0xc obj/fonts.o
 .text._ZNK12_GLOBAL__N_124font_OSD_Charset_48_type8get_dataEv
                0x0800fd40        0xc obj/fonts.o
 .text._ZNK12_GLOBAL__N_124font_OSD_Charset_48_type8get_sizeEv
                0x0800fd4c        0xc obj/fonts.o
 .text._ZNK12_GLOBAL__N_124font_OSD_Charset_49_type8get_dataEv
                0x0800fd58        0xc obj/fonts.o
 .text._ZNK12_GLOBAL__N_124font_OSD_Charset_49_type8get_sizeEv
                0x0800fd64        0xc obj/fonts.o
 .text._ZNK12_GLOBAL__N_124font_OSD_Charset_50_type8get_dataEv
                0x0800fd70        0xc obj/fonts.o
 .text._ZNK12_GLOBAL__N_124font_OSD_Charset_50_type8get_sizeEv
                0x0800fd7c        0xc obj/fonts.o
 .text._ZNK12_GLOBAL__N_124font_OSD_Charset_51_type8get_dataEv
                0x0800fd88        0xc obj/fonts.o
 .text._ZNK12_GLOBAL__N_124font_OSD_Charset_51_type8get_sizeEv
                0x0800fd94        0xc obj/fonts.o
 .text._ZNK12_GLOBAL__N_124font_OSD_Charset_52_type8get_dataEv
                0x0800fda0        0xc obj/fonts.o
 .text._ZNK12_GLOBAL__N_124font_OSD_Charset_52_type8get_sizeEv
                0x0800fdac        0xc obj/fonts.o
 .text._ZNK12_GLOBAL__N_124font_OSD_Charset_53_type8get_dataEv
                0x0800fdb8        0xc obj/fonts.o
 .text._ZNK12_GLOBAL__N_124font_OSD_Charset_53_type8get_sizeEv
                0x0800fdc4        0xc obj/fonts.o
 .text._ZNK12_GLOBAL__N_124font_OSD_Charset_54_type8get_dataEv
                0x0800fdd0        0xc obj/fonts.o
 .text._ZNK12_GLOBAL__N_124font_OSD_Charset_54_type8get_sizeEv
                0x0800fddc        0xc obj/fonts.o
 .text._ZNK12_GLOBAL__N_124font_OSD_Charset_55_type8get_dataEv
                0x0800fde8        0xc obj/fonts.o
 .text._ZNK12_GLOBAL__N_124font_OSD_Charset_55_type8get_sizeEv
                0x0800fdf4        0xc obj/fonts.o
 .text._ZNK12_GLOBAL__N_124font_OSD_Charset_56_type8get_dataEv
                0x0800fe00        0xc obj/fonts.o
 .text._ZNK12_GLOBAL__N_124font_OSD_Charset_56_type8get_sizeEv
                0x0800fe0c        0xc obj/fonts.o
 .text._ZNK12_GLOBAL__N_124font_OSD_Charset_57_type8get_dataEv
                0x0800fe18        0xc obj/fonts.o
 .text._ZNK12_GLOBAL__N_124font_OSD_Charset_57_type8get_sizeEv
                0x0800fe24        0xc obj/fonts.o
 .text._ZNK12_GLOBAL__N_124font_OSD_Charset_58_type8get_dataEv
                0x0800fe30        0xc obj/fonts.o
 .text._ZNK12_GLOBAL__N_124font_OSD_Charset_58_type8get_sizeEv
                0x0800fe3c        0xc obj/fonts.o
 .text._ZNK12_GLOBAL__N_124font_OSD_Charset_59_type8get_dataEv
                0x0800fe48        0xc obj/fonts.o
 .text._ZNK12_GLOBAL__N_124font_OSD_Charset_59_type8get_sizeEv
                0x0800fe54        0xc obj/fonts.o
 .text._ZNK12_GLOBAL__N_124font_OSD_Charset_60_type8get_dataEv
                0x0800fe60        0xc obj/fonts.o
 .text._ZNK12_GLOBAL__N_124font_OSD_Charset_60_type8get_sizeEv
                0x0800fe6c        0xc obj/fonts.o
 .text._ZNK12_GLOBAL__N_124font_OSD_Charset_61_type8get_dataEv
                0x0800fe78        0xc obj/fonts.o
 .text._ZNK12_GLOBAL__N_124font_OSD_Charset_61_type8get_sizeEv
                0x0800fe84        0xc obj/fonts.o
 .text._ZNK12_GLOBAL__N_124font_OSD_Charset_62_type8get_dataEv
                0x0800fe90        0xc obj/fonts.o
 .text._ZNK12_GLOBAL__N_124font_OSD_Charset_62_type8get_sizeEv
                0x0800fe9c        0xc obj/fonts.o
 .text._ZNK12_GLOBAL__N_124font_OSD_Charset_63_type8get_dataEv
                0x0800fea8        0xc obj/fonts.o
 .text._ZNK12_GLOBAL__N_124font_OSD_Charset_63_type8get_sizeEv
                0x0800feb4        0xc obj/fonts.o
 .text._ZNK12_GLOBAL__N_124font_OSD_Charset_64_type8get_dataEv
                0x0800fec0        0xc obj/fonts.o
 .text._ZNK12_GLOBAL__N_124font_OSD_Charset_64_type8get_sizeEv
                0x0800fecc        0xc obj/fonts.o
 .text._ZNK12_GLOBAL__N_124font_OSD_Charset_65_type8get_dataEv
                0x0800fed8        0xc obj/fonts.o
 .text._ZNK12_GLOBAL__N_124font_OSD_Charset_65_type8get_sizeEv
                0x0800fee4        0xc obj/fonts.o
 .text._ZNK12_GLOBAL__N_124font_OSD_Charset_66_type8get_dataEv
                0x0800fef0        0xc obj/fonts.o
 .text._ZNK12_GLOBAL__N_124font_OSD_Charset_66_type8get_sizeEv
                0x0800fefc        0xc obj/fonts.o
 .text._ZNK12_GLOBAL__N_124font_OSD_Charset_67_type8get_dataEv
                0x0800ff08        0xc obj/fonts.o
 .text._ZNK12_GLOBAL__N_124font_OSD_Charset_67_type8get_sizeEv
                0x0800ff14        0xc obj/fonts.o
 .text._ZNK12_GLOBAL__N_124font_OSD_Charset_68_type8get_dataEv
                0x0800ff20        0xc obj/fonts.o
 .text._ZNK12_GLOBAL__N_124font_OSD_Charset_68_type8get_sizeEv
                0x0800ff2c        0xc obj/fonts.o
 .text._ZNK12_GLOBAL__N_124font_OSD_Charset_69_type8get_dataEv
                0x0800ff38        0xc obj/fonts.o
 .text._ZNK12_GLOBAL__N_124font_OSD_Charset_69_type8get_sizeEv
                0x0800ff44        0xc obj/fonts.o
 .text._ZNK12_GLOBAL__N_124font_OSD_Charset_70_type8get_dataEv
                0x0800ff50        0xc obj/fonts.o
 .text._ZNK12_GLOBAL__N_124font_OSD_Charset_70_type8get_sizeEv
                0x0800ff5c        0xc obj/fonts.o
 .text._ZNK12_GLOBAL__N_124font_OSD_Charset_71_type8get_dataEv
                0x0800ff68        0xc obj/fonts.o
 .text._ZNK12_GLOBAL__N_124font_OSD_Charset_71_type8get_sizeEv
                0x0800ff74        0xc obj/fonts.o
 .text._ZNK12_GLOBAL__N_124font_OSD_Charset_72_type8get_dataEv
                0x0800ff80        0xc obj/fonts.o
 .text._ZNK12_GLOBAL__N_124font_OSD_Charset_72_type8get_sizeEv
                0x0800ff8c        0xc obj/fonts.o
 .text._ZNK12_GLOBAL__N_124font_OSD_Charset_73_type8get_dataEv
                0x0800ff98        0xc obj/fonts.o
 .text._ZNK12_GLOBAL__N_124font_OSD_Charset_73_type8get_sizeEv
                0x0800ffa4        0xc obj/fonts.o
 .text._ZNK12_GLOBAL__N_124font_OSD_Charset_74_type8get_dataEv
                0x0800ffb0        0xc obj/fonts.o
 .text._ZNK12_GLOBAL__N_124font_OSD_Charset_74_type8get_sizeEv
                0x0800ffbc        0xc obj/fonts.o
 .text._ZNK12_GLOBAL__N_124font_OSD_Charset_75_type8get_dataEv
                0x0800ffc8        0xc obj/fonts.o
 .text._ZNK12_GLOBAL__N_124font_OSD_Charset_75_type8get_sizeEv
                0x0800ffd4        0xc obj/fonts.o
 .text._ZNK12_GLOBAL__N_124font_OSD_Charset_76_type8get_dataEv
                0x0800ffe0        0xc obj/fonts.o
 .text._ZNK12_GLOBAL__N_124font_OSD_Charset_76_type8get_sizeEv
                0x0800ffec        0xc obj/fonts.o
 .text._ZNK12_GLOBAL__N_124font_OSD_Charset_77_type8get_dataEv
                0x0800fff8        0xc obj/fonts.o
 .text._ZNK12_GLOBAL__N_124font_OSD_Charset_77_type8get_sizeEv
                0x08010004        0xc obj/fonts.o
 .text._ZNK12_GLOBAL__N_124font_OSD_Charset_78_type8get_dataEv
                0x08010010        0xc obj/fonts.o
 .text._ZNK12_GLOBAL__N_124font_OSD_Charset_78_type8get_sizeEv
                0x0801001c        0xc obj/fonts.o
 .text._ZNK12_GLOBAL__N_124font_OSD_Charset_79_type8get_dataEv
                0x08010028        0xc obj/fonts.o
 .text._ZNK12_GLOBAL__N_124font_OSD_Charset_79_type8get_sizeEv
                0x08010034        0xc obj/fonts.o
 .text._ZNK12_GLOBAL__N_124font_OSD_Charset_80_type8get_dataEv
                0x08010040        0xc obj/fonts.o
 .text._ZNK12_GLOBAL__N_124font_OSD_Charset_80_type8get_sizeEv
                0x0801004c        0xc obj/fonts.o
 .text._ZNK12_GLOBAL__N_124font_OSD_Charset_81_type8get_dataEv
                0x08010058        0xc obj/fonts.o
 .text._ZNK12_GLOBAL__N_124font_OSD_Charset_81_type8get_sizeEv
                0x08010064        0xc obj/fonts.o
 .text._ZNK12_GLOBAL__N_124font_OSD_Charset_82_type8get_dataEv
                0x08010070        0xc obj/fonts.o
 .text._ZNK12_GLOBAL__N_124font_OSD_Charset_82_type8get_sizeEv
                0x0801007c        0xc obj/fonts.o
 .text._ZNK12_GLOBAL__N_124font_OSD_Charset_83_type8get_dataEv
                0x08010088        0xc obj/fonts.o
 .text._ZNK12_GLOBAL__N_124font_OSD_Charset_83_type8get_sizeEv
                0x08010094        0xc obj/fonts.o
 .text._ZNK12_GLOBAL__N_124font_OSD_Charset_84_type8get_dataEv
                0x080100a0        0xc obj/fonts.o
 .text._ZNK12_GLOBAL__N_124font_OSD_Charset_84_type8get_sizeEv
                0x080100ac        0xc obj/fonts.o
 .text._ZNK12_GLOBAL__N_124font_OSD_Charset_85_type8get_dataEv
                0x080100b8        0xc obj/fonts.o
 .text._ZNK12_GLOBAL__N_124font_OSD_Charset_85_type8get_sizeEv
                0x080100c4        0xc obj/fonts.o
 .text._ZNK12_GLOBAL__N_124font_OSD_Charset_86_type8get_dataEv
                0x080100d0        0xc obj/fonts.o
 .text._ZNK12_GLOBAL__N_124font_OSD_Charset_86_type8get_sizeEv
                0x080100dc        0xc obj/fonts.o
 .text._ZNK12_GLOBAL__N_124font_OSD_Charset_87_type8get_dataEv
                0x080100e8        0xc obj/fonts.o
 .text._ZNK12_GLOBAL__N_124font_OSD_Charset_87_type8get_sizeEv
                0x080100f4        0xc obj/fonts.o
 .text._ZNK12_GLOBAL__N_124font_OSD_Charset_88_type8get_dataEv
                0x08010100        0xc obj/fonts.o
 .text._ZNK12_GLOBAL__N_124font_OSD_Charset_88_type8get_sizeEv
                0x0801010c        0xc obj/fonts.o
 .text._ZNK12_GLOBAL__N_124font_OSD_Charset_89_type8get_dataEv
                0x08010118        0xc obj/fonts.o
 .text._ZNK12_GLOBAL__N_124font_OSD_Charset_89_type8get_sizeEv
                0x08010124        0xc obj/fonts.o
 .text._ZNK12_GLOBAL__N_124font_OSD_Charset_90_type8get_dataEv
                0x08010130        0xc obj/fonts.o
 .text._ZNK12_GLOBAL__N_124font_OSD_Charset_90_type8get_sizeEv
                0x0801013c        0xc obj/fonts.o
 .text._ZNK12_GLOBAL__N_124font_OSD_Charset_91_type8get_dataEv
                0x08010148        0xc obj/fonts.o
 .text._ZNK12_GLOBAL__N_124font_OSD_Charset_91_type8get_sizeEv
                0x08010154        0xc obj/fonts.o
 .text._ZNK12_GLOBAL__N_124font_OSD_Charset_92_type8get_dataEv
                0x08010160        0xc obj/fonts.o
 .text._ZNK12_GLOBAL__N_124font_OSD_Charset_92_type8get_sizeEv
                0x0801016c        0xc obj/fonts.o
 .text._ZNK12_GLOBAL__N_124font_OSD_Charset_93_type8get_dataEv
                0x08010178        0xc obj/fonts.o
 .text._ZNK12_GLOBAL__N_124font_OSD_Charset_93_type8get_sizeEv
                0x08010184        0xc obj/fonts.o
 .text._ZNK12_GLOBAL__N_124font_OSD_Charset_94_type8get_dataEv
                0x08010190        0xc obj/fonts.o
 .text._ZNK12_GLOBAL__N_124font_OSD_Charset_94_type8get_sizeEv
                0x0801019c        0xc obj/fonts.o
 .text._ZNK12_GLOBAL__N_124font_OSD_Charset_95_type8get_dataEv
                0x080101a8        0xc obj/fonts.o
 .text._ZNK12_GLOBAL__N_124font_OSD_Charset_95_type8get_sizeEv
                0x080101b4        0xc obj/fonts.o
 .text._ZNK12_GLOBAL__N_124font_OSD_Charset_96_type8get_dataEv
                0x080101c0        0xc obj/fonts.o
 .text._ZNK12_GLOBAL__N_124font_OSD_Charset_96_type8get_sizeEv
                0x080101cc        0xc obj/fonts.o
 .text._ZNK12_GLOBAL__N_124font_OSD_Charset_97_type8get_dataEv
                0x080101d8        0xc obj/fonts.o
 .text._ZNK12_GLOBAL__N_124font_OSD_Charset_97_type8get_sizeEv
                0x080101e4        0xc obj/fonts.o
 .text._ZNK12_GLOBAL__N_124font_OSD_Charset_98_type8get_dataEv
                0x080101f0        0xc obj/fonts.o
 .text._ZNK12_GLOBAL__N_124font_OSD_Charset_98_type8get_sizeEv
                0x080101fc        0xc obj/fonts.o
 .text._ZNK12_GLOBAL__N_124font_OSD_Charset_99_type8get_dataEv
                0x08010208        0xc obj/fonts.o
 .text._ZNK12_GLOBAL__N_124font_OSD_Charset_99_type8get_sizeEv
                0x08010214        0xc obj/fonts.o
 .text._ZNK12_GLOBAL__N_125font_OSD_Charset_100_type8get_dataEv
                0x08010220        0xc obj/fonts.o
 .text._ZNK12_GLOBAL__N_125font_OSD_Charset_100_type8get_sizeEv
                0x0801022c        0xc obj/fonts.o
 .text._ZNK12_GLOBAL__N_125font_OSD_Charset_101_type8get_dataEv
                0x08010238        0xc obj/fonts.o
 .text._ZNK12_GLOBAL__N_125font_OSD_Charset_101_type8get_sizeEv
                0x08010244        0xc obj/fonts.o
 .text._ZNK12_GLOBAL__N_125font_OSD_Charset_102_type8get_dataEv
                0x08010250        0xc obj/fonts.o
 .text._ZNK12_GLOBAL__N_125font_OSD_Charset_102_type8get_sizeEv
                0x0801025c        0xc obj/fonts.o
 .text._ZNK12_GLOBAL__N_125font_OSD_Charset_103_type8get_dataEv
                0x08010268        0xc obj/fonts.o
 .text._ZNK12_GLOBAL__N_125font_OSD_Charset_103_type8get_sizeEv
                0x08010274        0xc obj/fonts.o
 .text._ZNK12_GLOBAL__N_125font_OSD_Charset_104_type8get_dataEv
                0x08010280        0xc obj/fonts.o
 .text._ZNK12_GLOBAL__N_125font_OSD_Charset_104_type8get_sizeEv
                0x0801028c        0xc obj/fonts.o
 .text._ZNK12_GLOBAL__N_125font_OSD_Charset_105_type8get_dataEv
                0x08010298        0xc obj/fonts.o
 .text._ZNK12_GLOBAL__N_125font_OSD_Charset_105_type8get_sizeEv
                0x080102a4        0xc obj/fonts.o
 .text._ZNK12_GLOBAL__N_125font_OSD_Charset_106_type8get_dataEv
                0x080102b0        0xc obj/fonts.o
 .text._ZNK12_GLOBAL__N_125font_OSD_Charset_106_type8get_sizeEv
                0x080102bc        0xc obj/fonts.o
 .text._ZNK12_GLOBAL__N_125font_OSD_Charset_107_type8get_dataEv
                0x080102c8        0xc obj/fonts.o
 .text._ZNK12_GLOBAL__N_125font_OSD_Charset_107_type8get_sizeEv
                0x080102d4        0xc obj/fonts.o
 .text._ZNK12_GLOBAL__N_125font_OSD_Charset_108_type8get_dataEv
                0x080102e0        0xc obj/fonts.o
 .text._ZNK12_GLOBAL__N_125font_OSD_Charset_108_type8get_sizeEv
                0x080102ec        0xc obj/fonts.o
 .text._ZNK12_GLOBAL__N_125font_OSD_Charset_109_type8get_dataEv
                0x080102f8        0xc obj/fonts.o
 .text._ZNK12_GLOBAL__N_125font_OSD_Charset_109_type8get_sizeEv
                0x08010304        0xc obj/fonts.o
 .text._ZNK12_GLOBAL__N_125font_OSD_Charset_110_type8get_dataEv
                0x08010310        0xc obj/fonts.o
 .text._ZNK12_GLOBAL__N_125font_OSD_Charset_110_type8get_sizeEv
                0x0801031c        0xc obj/fonts.o
 .text._ZNK12_GLOBAL__N_125font_OSD_Charset_111_type8get_dataEv
                0x08010328        0xc obj/fonts.o
 .text._ZNK12_GLOBAL__N_125font_OSD_Charset_111_type8get_sizeEv
                0x08010334        0xc obj/fonts.o
 .text._ZNK12_GLOBAL__N_125font_OSD_Charset_112_type8get_dataEv
                0x08010340        0xc obj/fonts.o
 .text._ZNK12_GLOBAL__N_125font_OSD_Charset_112_type8get_sizeEv
                0x0801034c        0xc obj/fonts.o
 .text._ZNK12_GLOBAL__N_125font_OSD_Charset_113_type8get_dataEv
                0x08010358        0xc obj/fonts.o
 .text._ZNK12_GLOBAL__N_125font_OSD_Charset_113_type8get_sizeEv
                0x08010364        0xc obj/fonts.o
 .text._ZNK12_GLOBAL__N_125font_OSD_Charset_114_type8get_dataEv
                0x08010370        0xc obj/fonts.o
 .text._ZNK12_GLOBAL__N_125font_OSD_Charset_114_type8get_sizeEv
                0x0801037c        0xc obj/fonts.o
 .text._ZNK12_GLOBAL__N_125font_OSD_Charset_115_type8get_dataEv
                0x08010388        0xc obj/fonts.o
 .text._ZNK12_GLOBAL__N_125font_OSD_Charset_115_type8get_sizeEv
                0x08010394        0xc obj/fonts.o
 .text._ZNK12_GLOBAL__N_125font_OSD_Charset_116_type8get_dataEv
                0x080103a0        0xc obj/fonts.o
 .text._ZNK12_GLOBAL__N_125font_OSD_Charset_116_type8get_sizeEv
                0x080103ac        0xc obj/fonts.o
 .text._ZNK12_GLOBAL__N_125font_OSD_Charset_117_type8get_dataEv
                0x080103b8        0xc obj/fonts.o
 .text._ZNK12_GLOBAL__N_125font_OSD_Charset_117_type8get_sizeEv
                0x080103c4        0xc obj/fonts.o
 .text._ZNK12_GLOBAL__N_125font_OSD_Charset_118_type8get_dataEv
                0x080103d0        0xc obj/fonts.o
 .text._ZNK12_GLOBAL__N_125font_OSD_Charset_118_type8get_sizeEv
                0x080103dc        0xc obj/fonts.o
 .text._ZNK12_GLOBAL__N_125font_OSD_Charset_119_type8get_dataEv
                0x080103e8        0xc obj/fonts.o
 .text._ZNK12_GLOBAL__N_125font_OSD_Charset_119_type8get_sizeEv
                0x080103f4        0xc obj/fonts.o
 .text._ZNK12_GLOBAL__N_125font_OSD_Charset_120_type8get_dataEv
                0x08010400        0xc obj/fonts.o
 .text._ZNK12_GLOBAL__N_125font_OSD_Charset_120_type8get_sizeEv
                0x0801040c        0xc obj/fonts.o
 .text._ZNK12_GLOBAL__N_125font_OSD_Charset_121_type8get_dataEv
                0x08010418        0xc obj/fonts.o
 .text._ZNK12_GLOBAL__N_125font_OSD_Charset_121_type8get_sizeEv
                0x08010424        0xc obj/fonts.o
 .text._ZNK12_GLOBAL__N_125font_OSD_Charset_122_type8get_dataEv
                0x08010430        0xc obj/fonts.o
 .text._ZNK12_GLOBAL__N_125font_OSD_Charset_122_type8get_sizeEv
                0x0801043c        0xc obj/fonts.o
 .text._ZNK12_GLOBAL__N_125font_OSD_Charset_123_type8get_dataEv
                0x08010448        0xc obj/fonts.o
 .text._ZNK12_GLOBAL__N_125font_OSD_Charset_123_type8get_sizeEv
                0x08010454        0xc obj/fonts.o
 .text._ZNK12_GLOBAL__N_125font_OSD_Charset_124_type8get_dataEv
                0x08010460        0xc obj/fonts.o
 .text._ZNK12_GLOBAL__N_125font_OSD_Charset_124_type8get_sizeEv
                0x0801046c        0xc obj/fonts.o
 .text._ZNK12_GLOBAL__N_125font_OSD_Charset_125_type8get_dataEv
                0x08010478        0xc obj/fonts.o
 .text._ZNK12_GLOBAL__N_125font_OSD_Charset_125_type8get_sizeEv
                0x08010484        0xc obj/fonts.o
 .text._ZNK12_GLOBAL__N_125font_OSD_Charset_126_type8get_dataEv
                0x08010490        0xc obj/fonts.o
 .text._ZNK12_GLOBAL__N_125font_OSD_Charset_126_type8get_sizeEv
                0x0801049c        0xc obj/fonts.o
 .text._ZNK12_GLOBAL__N_121font_OSD_Charset_type9get_beginEv
                0x080104a8        0x4 obj/fonts.o
 .text._ZNK12_GLOBAL__N_121font_OSD_Charset_type15get_char_heightEv
                0x080104ac        0x4 obj/fonts.o
 .text._ZNK12_GLOBAL__N_121font_OSD_Charset_type14get_char_widthEv
                0x080104b0        0x4 obj/fonts.o
 .text._ZNK12_GLOBAL__N_121font_OSD_Charset_type16get_num_elementsEv
                0x080104b4        0x4 obj/fonts.o
 .text._ZNK12_GLOBAL__N_121font_OSD_Charset_type11get_char_atEl
                0x080104b8       0x20 obj/fonts.o
 .text._ZNK12_GLOBAL__N_118font_MWOSD_32_type8get_dataEv
                0x080104d8        0xc obj/fonts.o
 .text._ZNK12_GLOBAL__N_118font_MWOSD_32_type8get_sizeEv
                0x080104e4        0xc obj/fonts.o
 .text._ZNK12_GLOBAL__N_118font_MWOSD_33_type8get_dataEv
                0x080104f0        0xc obj/fonts.o
 .text._ZNK12_GLOBAL__N_118font_MWOSD_33_type8get_sizeEv
                0x080104fc        0xc obj/fonts.o
 .text._ZNK12_GLOBAL__N_118font_MWOSD_34_type8get_dataEv
                0x08010508        0xc obj/fonts.o
 .text._ZNK12_GLOBAL__N_118font_MWOSD_34_type8get_sizeEv
                0x08010514        0xc obj/fonts.o
 .text._ZNK12_GLOBAL__N_118font_MWOSD_35_type8get_dataEv
                0x08010520        0xc obj/fonts.o
 .text._ZNK12_GLOBAL__N_118font_MWOSD_35_type8get_sizeEv
                0x0801052c        0xc obj/fonts.o
 .text._ZNK12_GLOBAL__N_118font_MWOSD_36_type8get_dataEv
                0x08010538        0xc obj/fonts.o
 .text._ZNK12_GLOBAL__N_118font_MWOSD_36_type8get_sizeEv
                0x08010544        0xc obj/fonts.o
 .text._ZNK12_GLOBAL__N_118font_MWOSD_37_type8get_dataEv
                0x08010550        0xc obj/fonts.o
 .text._ZNK12_GLOBAL__N_118font_MWOSD_37_type8get_sizeEv
                0x0801055c        0xc obj/fonts.o
 .text._ZNK12_GLOBAL__N_118font_MWOSD_38_type8get_dataEv
                0x08010568        0xc obj/fonts.o
 .text._ZNK12_GLOBAL__N_118font_MWOSD_38_type8get_sizeEv
                0x08010574        0xc obj/fonts.o
 .text._ZNK12_GLOBAL__N_118font_MWOSD_39_type8get_dataEv
                0x08010580        0xc obj/fonts.o
 .text._ZNK12_GLOBAL__N_118font_MWOSD_39_type8get_sizeEv
                0x0801058c        0xc obj/fonts.o
 .text._ZNK12_GLOBAL__N_118font_MWOSD_40_type8get_dataEv
                0x08010598        0xc obj/fonts.o
 .text._ZNK12_GLOBAL__N_118font_MWOSD_40_type8get_sizeEv
                0x080105a4        0xc obj/fonts.o
 .text._ZNK12_GLOBAL__N_118font_MWOSD_41_type8get_dataEv
                0x080105b0        0xc obj/fonts.o
 .text._ZNK12_GLOBAL__N_118font_MWOSD_41_type8get_sizeEv
                0x080105bc        0xc obj/fonts.o
 .text._ZNK12_GLOBAL__N_118font_MWOSD_42_type8get_dataEv
                0x080105c8        0xc obj/fonts.o
 .text._ZNK12_GLOBAL__N_118font_MWOSD_42_type8get_sizeEv
                0x080105d4        0xc obj/fonts.o
 .text._ZNK12_GLOBAL__N_118font_MWOSD_43_type8get_dataEv
                0x080105e0        0xc obj/fonts.o
 .text._ZNK12_GLOBAL__N_118font_MWOSD_43_type8get_sizeEv
                0x080105ec        0xc obj/fonts.o
 .text._ZNK12_GLOBAL__N_118font_MWOSD_44_type8get_dataEv
                0x080105f8        0xc obj/fonts.o
 .text._ZNK12_GLOBAL__N_118font_MWOSD_44_type8get_sizeEv
                0x08010604        0xc obj/fonts.o
 .text._ZNK12_GLOBAL__N_118font_MWOSD_45_type8get_dataEv
                0x08010610        0xc obj/fonts.o
 .text._ZNK12_GLOBAL__N_118font_MWOSD_45_type8get_sizeEv
                0x0801061c        0xc obj/fonts.o
 .text._ZNK12_GLOBAL__N_118font_MWOSD_46_type8get_dataEv
                0x08010628        0xc obj/fonts.o
 .text._ZNK12_GLOBAL__N_118font_MWOSD_46_type8get_sizeEv
                0x08010634        0xc obj/fonts.o
 .text._ZNK12_GLOBAL__N_118font_MWOSD_47_type8get_dataEv
                0x08010640        0xc obj/fonts.o
 .text._ZNK12_GLOBAL__N_118font_MWOSD_47_type8get_sizeEv
                0x0801064c        0xc obj/fonts.o
 .text._ZNK12_GLOBAL__N_118font_MWOSD_48_type8get_dataEv
                0x08010658        0xc obj/fonts.o
 .text._ZNK12_GLOBAL__N_118font_MWOSD_48_type8get_sizeEv
                0x08010664        0xc obj/fonts.o
 .text._ZNK12_GLOBAL__N_118font_MWOSD_49_type8get_dataEv
                0x08010670        0xc obj/fonts.o
 .text._ZNK12_GLOBAL__N_118font_MWOSD_49_type8get_sizeEv
                0x0801067c        0xc obj/fonts.o
 .text._ZNK12_GLOBAL__N_118font_MWOSD_50_type8get_dataEv
                0x08010688        0xc obj/fonts.o
 .text._ZNK12_GLOBAL__N_118font_MWOSD_50_type8get_sizeEv
                0x08010694        0xc obj/fonts.o
 .text._ZNK12_GLOBAL__N_118font_MWOSD_51_type8get_dataEv
                0x080106a0        0xc obj/fonts.o
 .text._ZNK12_GLOBAL__N_118font_MWOSD_51_type8get_sizeEv
                0x080106ac        0xc obj/fonts.o
 .text._ZNK12_GLOBAL__N_118font_MWOSD_52_type8get_dataEv
                0x080106b8        0xc obj/fonts.o
 .text._ZNK12_GLOBAL__N_118font_MWOSD_52_type8get_sizeEv
                0x080106c4        0xc obj/fonts.o
 .text._ZNK12_GLOBAL__N_118font_MWOSD_53_type8get_dataEv
                0x080106d0        0xc obj/fonts.o
 .text._ZNK12_GLOBAL__N_118font_MWOSD_53_type8get_sizeEv
                0x080106dc        0xc obj/fonts.o
 .text._ZNK12_GLOBAL__N_118font_MWOSD_54_type8get_dataEv
                0x080106e8        0xc obj/fonts.o
 .text._ZNK12_GLOBAL__N_118font_MWOSD_54_type8get_sizeEv
                0x080106f4        0xc obj/fonts.o
 .text._ZNK12_GLOBAL__N_118font_MWOSD_55_type8get_dataEv
                0x08010700        0xc obj/fonts.o
 .text._ZNK12_GLOBAL__N_118font_MWOSD_55_type8get_sizeEv
                0x0801070c        0xc obj/fonts.o
 .text._ZNK12_GLOBAL__N_118font_MWOSD_56_type8get_dataEv
                0x08010718        0xc obj/fonts.o
 .text._ZNK12_GLOBAL__N_118font_MWOSD_56_type8get_sizeEv
                0x08010724        0xc obj/fonts.o
 .text._ZNK12_GLOBAL__N_118font_MWOSD_57_type8get_dataEv
                0x08010730        0xc obj/fonts.o
 .text._ZNK12_GLOBAL__N_118font_MWOSD_57_type8get_sizeEv
                0x0801073c        0xc obj/fonts.o
 .text._ZNK12_GLOBAL__N_118font_MWOSD_58_type8get_dataEv
                0x08010748        0xc obj/fonts.o
 .text._ZNK12_GLOBAL__N_118font_MWOSD_58_type8get_sizeEv
                0x08010754        0xc obj/fonts.o
 .text._ZNK12_GLOBAL__N_118font_MWOSD_59_type8get_dataEv
                0x08010760        0xc obj/fonts.o
 .text._ZNK12_GLOBAL__N_118font_MWOSD_59_type8get_sizeEv
                0x0801076c        0xc obj/fonts.o
 .text._ZNK12_GLOBAL__N_118font_MWOSD_60_type8get_dataEv
                0x08010778        0xc obj/fonts.o
 .text._ZNK12_GLOBAL__N_118font_MWOSD_60_type8get_sizeEv
                0x08010784        0xc obj/fonts.o
 .text._ZNK12_GLOBAL__N_118font_MWOSD_61_type8get_dataEv
                0x08010790        0xc obj/fonts.o
 .text._ZNK12_GLOBAL__N_118font_MWOSD_61_type8get_sizeEv
                0x0801079c        0xc obj/fonts.o
 .text._ZNK12_GLOBAL__N_118font_MWOSD_62_type8get_dataEv
                0x080107a8        0xc obj/fonts.o
 .text._ZNK12_GLOBAL__N_118font_MWOSD_62_type8get_sizeEv
                0x080107b4        0xc obj/fonts.o
 .text._ZNK12_GLOBAL__N_118font_MWOSD_63_type8get_dataEv
                0x080107c0        0xc obj/fonts.o
 .text._ZNK12_GLOBAL__N_118font_MWOSD_63_type8get_sizeEv
                0x080107cc        0xc obj/fonts.o
 .text._ZNK12_GLOBAL__N_118font_MWOSD_64_type8get_dataEv
                0x080107d8        0xc obj/fonts.o
 .text._ZNK12_GLOBAL__N_118font_MWOSD_64_type8get_sizeEv
                0x080107e4        0xc obj/fonts.o
 .text._ZNK12_GLOBAL__N_118font_MWOSD_65_type8get_dataEv
                0x080107f0        0xc obj/fonts.o
 .text._ZNK12_GLOBAL__N_118font_MWOSD_65_type8get_sizeEv
                0x080107fc        0xc obj/fonts.o
 .text._ZNK12_GLOBAL__N_118font_MWOSD_66_type8get_dataEv
                0x08010808        0xc obj/fonts.o
 .text._ZNK12_GLOBAL__N_118font_MWOSD_66_type8get_sizeEv
                0x08010814        0xc obj/fonts.o
 .text._ZNK12_GLOBAL__N_118font_MWOSD_67_type8get_dataEv
                0x08010820        0xc obj/fonts.o
 .text._ZNK12_GLOBAL__N_118font_MWOSD_67_type8get_sizeEv
                0x0801082c        0xc obj/fonts.o
 .text._ZNK12_GLOBAL__N_118font_MWOSD_68_type8get_dataEv
                0x08010838        0xc obj/fonts.o
 .text._ZNK12_GLOBAL__N_118font_MWOSD_68_type8get_sizeEv
                0x08010844        0xc obj/fonts.o
 .text._ZNK12_GLOBAL__N_118font_MWOSD_69_type8get_dataEv
                0x08010850        0xc obj/fonts.o
 .text._ZNK12_GLOBAL__N_118font_MWOSD_69_type8get_sizeEv
                0x0801085c        0xc obj/fonts.o
 .text._ZNK12_GLOBAL__N_118font_MWOSD_70_type8get_dataEv
                0x08010868        0xc obj/fonts.o
 .text._ZNK12_GLOBAL__N_118font_MWOSD_70_type8get_sizeEv
                0x08010874        0xc obj/fonts.o
 .text._ZNK12_GLOBAL__N_118font_MWOSD_71_type8get_dataEv
                0x08010880        0xc obj/fonts.o
 .text._ZNK12_GLOBAL__N_118font_MWOSD_71_type8get_sizeEv
                0x0801088c        0xc obj/fonts.o
 .text._ZNK12_GLOBAL__N_118font_MWOSD_72_type8get_dataEv
                0x08010898        0xc obj/fonts.o
 .text._ZNK12_GLOBAL__N_118font_MWOSD_72_type8get_sizeEv
                0x080108a4        0xc obj/fonts.o
 .text._ZNK12_GLOBAL__N_118font_MWOSD_73_type8get_dataEv
                0x080108b0        0xc obj/fonts.o
 .text._ZNK12_GLOBAL__N_118font_MWOSD_73_type8get_sizeEv
                0x080108bc        0xc obj/fonts.o
 .text._ZNK12_GLOBAL__N_118font_MWOSD_74_type8get_dataEv
                0x080108c8        0xc obj/fonts.o
 .text._ZNK12_GLOBAL__N_118font_MWOSD_74_type8get_sizeEv
                0x080108d4        0xc obj/fonts.o
 .text._ZNK12_GLOBAL__N_118font_MWOSD_75_type8get_dataEv
                0x080108e0        0xc obj/fonts.o
 .text._ZNK12_GLOBAL__N_118font_MWOSD_75_type8get_sizeEv
                0x080108ec        0xc obj/fonts.o
 .text._ZNK12_GLOBAL__N_118font_MWOSD_76_type8get_dataEv
                0x080108f8        0xc obj/fonts.o
 .text._ZNK12_GLOBAL__N_118font_MWOSD_76_type8get_sizeEv
                0x08010904        0xc obj/fonts.o
 .text._ZNK12_GLOBAL__N_118font_MWOSD_77_type8get_dataEv
                0x08010910        0xc obj/fonts.o
 .text._ZNK12_GLOBAL__N_118font_MWOSD_77_type8get_sizeEv
                0x0801091c        0xc obj/fonts.o
 .text._ZNK12_GLOBAL__N_118font_MWOSD_78_type8get_dataEv
                0x08010928        0xc obj/fonts.o
 .text._ZNK12_GLOBAL__N_118font_MWOSD_78_type8get_sizeEv
                0x08010934        0xc obj/fonts.o
 .text._ZNK12_GLOBAL__N_118font_MWOSD_79_type8get_dataEv
                0x08010940        0xc obj/fonts.o
 .text._ZNK12_GLOBAL__N_118font_MWOSD_79_type8get_sizeEv
                0x0801094c        0xc obj/fonts.o
 .text._ZNK12_GLOBAL__N_118font_MWOSD_80_type8get_dataEv
                0x08010958        0xc obj/fonts.o
 .text._ZNK12_GLOBAL__N_118font_MWOSD_80_type8get_sizeEv
                0x08010964        0xc obj/fonts.o
 .text._ZNK12_GLOBAL__N_118font_MWOSD_81_type8get_dataEv
                0x08010970        0xc obj/fonts.o
 .text._ZNK12_GLOBAL__N_118font_MWOSD_81_type8get_sizeEv
                0x0801097c        0xc obj/fonts.o
 .text._ZNK12_GLOBAL__N_118font_MWOSD_82_type8get_dataEv
                0x08010988        0xc obj/fonts.o
 .text._ZNK12_GLOBAL__N_118font_MWOSD_82_type8get_sizeEv
                0x08010994        0xc obj/fonts.o
 .text._ZNK12_GLOBAL__N_118font_MWOSD_83_type8get_dataEv
                0x080109a0        0xc obj/fonts.o
 .text._ZNK12_GLOBAL__N_118font_MWOSD_83_type8get_sizeEv
                0x080109ac        0xc obj/fonts.o
 .text._ZNK12_GLOBAL__N_118font_MWOSD_84_type8get_dataEv
                0x080109b8        0xc obj/fonts.o
 .text._ZNK12_GLOBAL__N_118font_MWOSD_84_type8get_sizeEv
                0x080109c4        0xc obj/fonts.o
 .text._ZNK12_GLOBAL__N_118font_MWOSD_85_type8get_dataEv
                0x080109d0        0xc obj/fonts.o
 .text._ZNK12_GLOBAL__N_118font_MWOSD_85_type8get_sizeEv
                0x080109dc        0xc obj/fonts.o
 .text._ZNK12_GLOBAL__N_118font_MWOSD_86_type8get_dataEv
                0x080109e8        0xc obj/fonts.o
 .text._ZNK12_GLOBAL__N_118font_MWOSD_86_type8get_sizeEv
                0x080109f4        0xc obj/fonts.o
 .text._ZNK12_GLOBAL__N_118font_MWOSD_87_type8get_dataEv
                0x08010a00        0xc obj/fonts.o
 .text._ZNK12_GLOBAL__N_118font_MWOSD_87_type8get_sizeEv
                0x08010a0c        0xc obj/fonts.o
 .text._ZNK12_GLOBAL__N_118font_MWOSD_88_type8get_dataEv
                0x08010a18        0xc obj/fonts.o
 .text._ZNK12_GLOBAL__N_118font_MWOSD_88_type8get_sizeEv
                0x08010a24        0xc obj/fonts.o
 .text._ZNK12_GLOBAL__N_118font_MWOSD_89_type8get_dataEv
                0x08010a30        0xc obj/fonts.o
 .text._ZNK12_GLOBAL__N_118font_MWOSD_89_type8get_sizeEv
                0x08010a3c        0xc obj/fonts.o
 .text._ZNK12_GLOBAL__N_118font_MWOSD_90_type8get_dataEv
                0x08010a48        0xc obj/fonts.o
 .text._ZNK12_GLOBAL__N_118font_MWOSD_90_type8get_sizeEv
                0x08010a54        0xc obj/fonts.o
 .text._ZNK12_GLOBAL__N_118font_MWOSD_91_type8get_dataEv
                0x08010a60        0xc obj/fonts.o
 .text._ZNK12_GLOBAL__N_118font_MWOSD_91_type8get_sizeEv
                0x08010a6c        0xc obj/fonts.o
 .text._ZNK12_GLOBAL__N_118font_MWOSD_92_type8get_dataEv
                0x08010a78        0xc obj/fonts.o
 .text._ZNK12_GLOBAL__N_118font_MWOSD_92_type8get_sizeEv
                0x08010a84        0xc obj/fonts.o
 .text._ZNK12_GLOBAL__N_118font_MWOSD_93_type8get_dataEv
                0x08010a90        0xc obj/fonts.o
 .text._ZNK12_GLOBAL__N_118font_MWOSD_93_type8get_sizeEv
                0x08010a9c        0xc obj/fonts.o
 .text._ZNK12_GLOBAL__N_118font_MWOSD_94_type8get_dataEv
                0x08010aa8        0xc obj/fonts.o
 .text._ZNK12_GLOBAL__N_118font_MWOSD_94_type8get_sizeEv
                0x08010ab4        0xc obj/fonts.o
 .text._ZNK12_GLOBAL__N_118font_MWOSD_95_type8get_dataEv
                0x08010ac0        0xc obj/fonts.o
 .text._ZNK12_GLOBAL__N_118font_MWOSD_95_type8get_sizeEv
                0x08010acc        0xc obj/fonts.o
 .text._ZNK12_GLOBAL__N_118font_MWOSD_96_type8get_dataEv
                0x08010ad8        0xc obj/fonts.o
 .text._ZNK12_GLOBAL__N_118font_MWOSD_96_type8get_sizeEv
                0x08010ae4        0xc obj/fonts.o
 .text._ZNK12_GLOBAL__N_118font_MWOSD_97_type8get_dataEv
                0x08010af0        0xc obj/fonts.o
 .text._ZNK12_GLOBAL__N_118font_MWOSD_97_type8get_sizeEv
                0x08010afc        0xc obj/fonts.o
 .text._ZNK12_GLOBAL__N_118font_MWOSD_98_type8get_dataEv
                0x08010b08        0xc obj/fonts.o
 .text._ZNK12_GLOBAL__N_118font_MWOSD_98_type8get_sizeEv
                0x08010b14        0xc obj/fonts.o
 .text._ZNK12_GLOBAL__N_118font_MWOSD_99_type8get_dataEv
                0x08010b20        0xc obj/fonts.o
 .text._ZNK12_GLOBAL__N_118font_MWOSD_99_type8get_sizeEv
                0x08010b2c        0xc obj/fonts.o
 .text._ZNK12_GLOBAL__N_119font_MWOSD_100_type8get_dataEv
                0x08010b38        0xc obj/fonts.o
 .text._ZNK12_GLOBAL__N_119font_MWOSD_100_type8get_sizeEv
                0x08010b44        0xc obj/fonts.o
 .text._ZNK12_GLOBAL__N_119font_MWOSD_101_type8get_dataEv
                0x08010b50        0xc obj/fonts.o
 .text._ZNK12_GLOBAL__N_119font_MWOSD_101_type8get_sizeEv
                0x08010b5c        0xc obj/fonts.o
 .text._ZNK12_GLOBAL__N_119font_MWOSD_102_type8get_dataEv
                0x08010b68        0xc obj/fonts.o
 .text._ZNK12_GLOBAL__N_119font_MWOSD_102_type8get_sizeEv
                0x08010b74        0xc obj/fonts.o
 .text._ZNK12_GLOBAL__N_119font_MWOSD_103_type8get_dataEv
                0x08010b80        0xc obj/fonts.o
 .text._ZNK12_GLOBAL__N_119font_MWOSD_103_type8get_sizeEv
                0x08010b8c        0xc obj/fonts.o
 .text._ZNK12_GLOBAL__N_119font_MWOSD_104_type8get_dataEv
                0x08010b98        0xc obj/fonts.o
 .text._ZNK12_GLOBAL__N_119font_MWOSD_104_type8get_sizeEv
                0x08010ba4        0xc obj/fonts.o
 .text._ZNK12_GLOBAL__N_119font_MWOSD_105_type8get_dataEv
                0x08010bb0        0xc obj/fonts.o
 .text._ZNK12_GLOBAL__N_119font_MWOSD_105_type8get_sizeEv
                0x08010bbc        0xc obj/fonts.o
 .text._ZNK12_GLOBAL__N_119font_MWOSD_106_type8get_dataEv
                0x08010bc8        0xc obj/fonts.o
 .text._ZNK12_GLOBAL__N_119font_MWOSD_106_type8get_sizeEv
                0x08010bd4        0xc obj/fonts.o
 .text._ZNK12_GLOBAL__N_119font_MWOSD_107_type8get_dataEv
                0x08010be0        0xc obj/fonts.o
 .text._ZNK12_GLOBAL__N_119font_MWOSD_107_type8get_sizeEv
                0x08010bec        0xc obj/fonts.o
 .text._ZNK12_GLOBAL__N_119font_MWOSD_108_type8get_dataEv
                0x08010bf8        0xc obj/fonts.o
 .text._ZNK12_GLOBAL__N_119font_MWOSD_108_type8get_sizeEv
                0x08010c04        0xc obj/fonts.o
 .text._ZNK12_GLOBAL__N_119font_MWOSD_109_type8get_dataEv
                0x08010c10        0xc obj/fonts.o
 .text._ZNK12_GLOBAL__N_119font_MWOSD_109_type8get_sizeEv
                0x08010c1c        0xc obj/fonts.o
 .text._ZNK12_GLOBAL__N_119font_MWOSD_110_type8get_dataEv
                0x08010c28        0xc obj/fonts.o
 .text._ZNK12_GLOBAL__N_119font_MWOSD_110_type8get_sizeEv
                0x08010c34        0xc obj/fonts.o
 .text._ZNK12_GLOBAL__N_119font_MWOSD_111_type8get_dataEv
                0x08010c40        0xc obj/fonts.o
 .text._ZNK12_GLOBAL__N_119font_MWOSD_111_type8get_sizeEv
                0x08010c4c        0xc obj/fonts.o
 .text._ZNK12_GLOBAL__N_119font_MWOSD_112_type8get_dataEv
                0x08010c58        0xc obj/fonts.o
 .text._ZNK12_GLOBAL__N_119font_MWOSD_112_type8get_sizeEv
                0x08010c64        0xc obj/fonts.o
 .text._ZNK12_GLOBAL__N_119font_MWOSD_113_type8get_dataEv
                0x08010c70        0xc obj/fonts.o
 .text._ZNK12_GLOBAL__N_119font_MWOSD_113_type8get_sizeEv
                0x08010c7c        0xc obj/fonts.o
 .text._ZNK12_GLOBAL__N_119font_MWOSD_114_type8get_dataEv
                0x08010c88        0xc obj/fonts.o
 .text._ZNK12_GLOBAL__N_119font_MWOSD_114_type8get_sizeEv
                0x08010c94        0xc obj/fonts.o
 .text._ZNK12_GLOBAL__N_119font_MWOSD_115_type8get_dataEv
                0x08010ca0        0xc obj/fonts.o
 .text._ZNK12_GLOBAL__N_119font_MWOSD_115_type8get_sizeEv
                0x08010cac        0xc obj/fonts.o
 .text._ZNK12_GLOBAL__N_119font_MWOSD_116_type8get_dataEv
                0x08010cb8        0xc obj/fonts.o
 .text._ZNK12_GLOBAL__N_119font_MWOSD_116_type8get_sizeEv
                0x08010cc4        0xc obj/fonts.o
 .text._ZNK12_GLOBAL__N_119font_MWOSD_117_type8get_dataEv
                0x08010cd0        0xc obj/fonts.o
 .text._ZNK12_GLOBAL__N_119font_MWOSD_117_type8get_sizeEv
                0x08010cdc        0xc obj/fonts.o
 .text._ZNK12_GLOBAL__N_119font_MWOSD_118_type8get_dataEv
                0x08010ce8        0xc obj/fonts.o
 .text._ZNK12_GLOBAL__N_119font_MWOSD_118_type8get_sizeEv
                0x08010cf4        0xc obj/fonts.o
 .text._ZNK12_GLOBAL__N_119font_MWOSD_119_type8get_dataEv
                0x08010d00        0xc obj/fonts.o
 .text._ZNK12_GLOBAL__N_119font_MWOSD_119_type8get_sizeEv
                0x08010d0c        0xc obj/fonts.o
 .text._ZNK12_GLOBAL__N_119font_MWOSD_120_type8get_dataEv
                0x08010d18        0xc obj/fonts.o
 .text._ZNK12_GLOBAL__N_119font_MWOSD_120_type8get_sizeEv
                0x08010d24        0xc obj/fonts.o
 .text._ZNK12_GLOBAL__N_119font_MWOSD_121_type8get_dataEv
                0x08010d30        0xc obj/fonts.o
 .text._ZNK12_GLOBAL__N_119font_MWOSD_121_type8get_sizeEv
                0x08010d3c        0xc obj/fonts.o
 .text._ZNK12_GLOBAL__N_119font_MWOSD_122_type8get_dataEv
                0x08010d48        0xc obj/fonts.o
 .text._ZNK12_GLOBAL__N_119font_MWOSD_122_type8get_sizeEv
                0x08010d54        0xc obj/fonts.o
 .text._ZNK12_GLOBAL__N_119font_MWOSD_123_type8get_dataEv
                0x08010d60        0xc obj/fonts.o
 .text._ZNK12_GLOBAL__N_119font_MWOSD_123_type8get_sizeEv
                0x08010d6c        0xc obj/fonts.o
 .text._ZNK12_GLOBAL__N_119font_MWOSD_124_type8get_dataEv
                0x08010d78        0xc obj/fonts.o
 .text._ZNK12_GLOBAL__N_119font_MWOSD_124_type8get_sizeEv
                0x08010d84        0xc obj/fonts.o
 .text._ZNK12_GLOBAL__N_119font_MWOSD_125_type8get_dataEv
                0x08010d90        0xc obj/fonts.o
 .text._ZNK12_GLOBAL__N_119font_MWOSD_125_type8get_sizeEv
                0x08010d9c        0xc obj/fonts.o
 .text._ZNK12_GLOBAL__N_119font_MWOSD_126_type8get_dataEv
                0x08010da8        0xc obj/fonts.o
 .text._ZNK12_GLOBAL__N_119font_MWOSD_126_type8get_sizeEv
                0x08010db4        0xc obj/fonts.o
 .text._ZNK12_GLOBAL__N_115font_MWOSD_type9get_beginEv
                0x08010dc0        0x4 obj/fonts.o
 .text._ZNK12_GLOBAL__N_115font_MWOSD_type15get_char_heightEv
                0x08010dc4        0x4 obj/fonts.o
 .text._ZNK12_GLOBAL__N_115font_MWOSD_type14get_char_widthEv
                0x08010dc8        0x4 obj/fonts.o
 .text._ZNK12_GLOBAL__N_115font_MWOSD_type16get_num_elementsEv
                0x08010dcc        0x4 obj/fonts.o
 .text._ZNK12_GLOBAL__N_115font_MWOSD_type11get_char_atEl
                0x08010dd0       0x20 obj/fonts.o
 .text._ZNK12_GLOBAL__N_121font_TINY_NUM_32_type8get_dataEv
                0x08010df0        0xc obj/fonts.o
 .text._ZNK12_GLOBAL__N_121font_TINY_NUM_32_type8get_sizeEv
                0x08010dfc        0xc obj/fonts.o
 .text._ZNK12_GLOBAL__N_121font_TINY_NUM_33_type8get_dataEv
                0x08010e08        0xc obj/fonts.o
 .text._ZNK12_GLOBAL__N_121font_TINY_NUM_33_type8get_sizeEv
                0x08010e14        0xc obj/fonts.o
 .text._ZNK12_GLOBAL__N_121font_TINY_NUM_34_type8get_dataEv
                0x08010e20        0xc obj/fonts.o
 .text._ZNK12_GLOBAL__N_121font_TINY_NUM_34_type8get_sizeEv
                0x08010e2c        0xc obj/fonts.o
 .text._ZNK12_GLOBAL__N_121font_TINY_NUM_35_type8get_dataEv
                0x08010e38        0xc obj/fonts.o
 .text._ZNK12_GLOBAL__N_121font_TINY_NUM_35_type8get_sizeEv
                0x08010e44        0xc obj/fonts.o
 .text._ZNK12_GLOBAL__N_121font_TINY_NUM_36_type8get_dataEv
                0x08010e50        0xc obj/fonts.o
 .text._ZNK12_GLOBAL__N_121font_TINY_NUM_36_type8get_sizeEv
                0x08010e5c        0xc obj/fonts.o
 .text._ZNK12_GLOBAL__N_121font_TINY_NUM_37_type8get_dataEv
                0x08010e68        0xc obj/fonts.o
 .text._ZNK12_GLOBAL__N_121font_TINY_NUM_37_type8get_sizeEv
                0x08010e74        0xc obj/fonts.o
 .text._ZNK12_GLOBAL__N_121font_TINY_NUM_38_type8get_dataEv
                0x08010e80        0xc obj/fonts.o
 .text._ZNK12_GLOBAL__N_121font_TINY_NUM_38_type8get_sizeEv
                0x08010e8c        0xc obj/fonts.o
 .text._ZNK12_GLOBAL__N_121font_TINY_NUM_39_type8get_dataEv
                0x08010e98        0xc obj/fonts.o
 .text._ZNK12_GLOBAL__N_121font_TINY_NUM_39_type8get_sizeEv
                0x08010ea4        0xc obj/fonts.o
 .text._ZNK12_GLOBAL__N_121font_TINY_NUM_40_type8get_dataEv
                0x08010eb0        0xc obj/fonts.o
 .text._ZNK12_GLOBAL__N_121font_TINY_NUM_40_type8get_sizeEv
                0x08010ebc        0xc obj/fonts.o
 .text._ZNK12_GLOBAL__N_121font_TINY_NUM_41_type8get_dataEv
                0x08010ec8        0xc obj/fonts.o
 .text._ZNK12_GLOBAL__N_121font_TINY_NUM_41_type8get_sizeEv
                0x08010ed4        0xc obj/fonts.o
 .text._ZNK12_GLOBAL__N_121font_TINY_NUM_42_type8get_dataEv
                0x08010ee0        0xc obj/fonts.o
 .text._ZNK12_GLOBAL__N_121font_TINY_NUM_42_type8get_sizeEv
                0x08010eec        0xc obj/fonts.o
 .text._ZNK12_GLOBAL__N_121font_TINY_NUM_43_type8get_dataEv
                0x08010ef8        0xc obj/fonts.o
 .text._ZNK12_GLOBAL__N_121font_TINY_NUM_43_type8get_sizeEv
                0x08010f04        0xc obj/fonts.o
 .text._ZNK12_GLOBAL__N_121font_TINY_NUM_44_type8get_dataEv
                0x08010f10        0xc obj/fonts.o
 .text._ZNK12_GLOBAL__N_121font_TINY_NUM_44_type8get_sizeEv
                0x08010f1c        0xc obj/fonts.o
 .text._ZNK12_GLOBAL__N_121font_TINY_NUM_45_type8get_dataEv
                0x08010f28        0xc obj/fonts.o
 .text._ZNK12_GLOBAL__N_121font_TINY_NUM_45_type8get_sizeEv
                0x08010f34        0xc obj/fonts.o
 .text._ZNK12_GLOBAL__N_121font_TINY_NUM_46_type8get_dataEv
                0x08010f40        0xc obj/fonts.o
 .text._ZNK12_GLOBAL__N_121font_TINY_NUM_46_type8get_sizeEv
                0x08010f4c        0xc obj/fonts.o
 .text._ZNK12_GLOBAL__N_121font_TINY_NUM_47_type8get_dataEv
                0x08010f58        0xc obj/fonts.o
 .text._ZNK12_GLOBAL__N_121font_TINY_NUM_47_type8get_sizeEv
                0x08010f64        0xc obj/fonts.o
 .text._ZNK12_GLOBAL__N_121font_TINY_NUM_48_type8get_dataEv
                0x08010f70        0xc obj/fonts.o
 .text._ZNK12_GLOBAL__N_121font_TINY_NUM_48_type8get_sizeEv
                0x08010f7c        0xc obj/fonts.o
 .text._ZNK12_GLOBAL__N_121font_TINY_NUM_49_type8get_dataEv
                0x08010f88        0xc obj/fonts.o
 .text._ZNK12_GLOBAL__N_121font_TINY_NUM_49_type8get_sizeEv
                0x08010f94        0xc obj/fonts.o
 .text._ZNK12_GLOBAL__N_121font_TINY_NUM_50_type8get_dataEv
                0x08010fa0        0xc obj/fonts.o
 .text._ZNK12_GLOBAL__N_121font_TINY_NUM_50_type8get_sizeEv
                0x08010fac        0xc obj/fonts.o
 .text._ZNK12_GLOBAL__N_121font_TINY_NUM_51_type8get_dataEv
                0x08010fb8        0xc obj/fonts.o
 .text._ZNK12_GLOBAL__N_121font_TINY_NUM_51_type8get_sizeEv
                0x08010fc4        0xc obj/fonts.o
 .text._ZNK12_GLOBAL__N_121font_TINY_NUM_52_type8get_dataEv
                0x08010fd0        0xc obj/fonts.o
 .text._ZNK12_GLOBAL__N_121font_TINY_NUM_52_type8get_sizeEv
                0x08010fdc        0xc obj/fonts.o
 .text._ZNK12_GLOBAL__N_121font_TINY_NUM_53_type8get_dataEv
                0x08010fe8        0xc obj/fonts.o
 .text._ZNK12_GLOBAL__N_121font_TINY_NUM_53_type8get_sizeEv
                0x08010ff4        0xc obj/fonts.o
 .text._ZNK12_GLOBAL__N_121font_TINY_NUM_54_type8get_dataEv
                0x08011000        0xc obj/fonts.o
 .text._ZNK12_GLOBAL__N_121font_TINY_NUM_54_type8get_sizeEv
                0x0801100c        0xc obj/fonts.o
 .text._ZNK12_GLOBAL__N_121font_TINY_NUM_55_type8get_dataEv
                0x08011018        0xc obj/fonts.o
 .text._ZNK12_GLOBAL__N_121font_TINY_NUM_55_type8get_sizeEv
                0x08011024        0xc obj/fonts.o
 .text._ZNK12_GLOBAL__N_121font_TINY_NUM_56_type8get_dataEv
                0x08011030        0xc obj/fonts.o
 .text._ZNK12_GLOBAL__N_121font_TINY_NUM_56_type8get_sizeEv
                0x0801103c        0xc obj/fonts.o
 .text._ZNK12_GLOBAL__N_121font_TINY_NUM_57_type8get_dataEv
                0x08011048        0xc obj/fonts.o
 .text._ZNK12_GLOBAL__N_121font_TINY_NUM_57_type8get_sizeEv
                0x08011054        0xc obj/fonts.o
 .text._ZNK12_GLOBAL__N_118font_TINY_NUM_type9get_beginEv
                0x08011060        0x4 obj/fonts.o
 .text._ZNK12_GLOBAL__N_118font_TINY_NUM_type15get_char_heightEv
                0x08011064        0x4 obj/fonts.o
 .text._ZNK12_GLOBAL__N_118font_TINY_NUM_type14get_char_widthEv
                0x08011068        0x4 obj/fonts.o
 .text._ZNK12_GLOBAL__N_118font_TINY_NUM_type16get_num_elementsEv
                0x0801106c        0x4 obj/fonts.o
 .text._ZNK12_GLOBAL__N_118font_TINY_NUM_type11get_char_atEl
                0x08011070       0x20 obj/fonts.o
 .text._ZN12_GLOBAL__N_118font_TINY_NUM_typeD2Ev
                0x08011090        0xc obj/fonts.o
 .text._ZN12_GLOBAL__N_121font_TINY_NUM_57_typeD2Ev
                0x0801109c        0xc obj/fonts.o
 .text._ZN12_GLOBAL__N_121font_TINY_NUM_56_typeD2Ev
                0x080110a8        0xc obj/fonts.o
 .text._ZN12_GLOBAL__N_121font_TINY_NUM_55_typeD2Ev
                0x080110b4        0xc obj/fonts.o
 .text._ZN12_GLOBAL__N_121font_TINY_NUM_54_typeD2Ev
                0x080110c0        0xc obj/fonts.o
 .text._ZN12_GLOBAL__N_121font_TINY_NUM_53_typeD2Ev
                0x080110cc        0xc obj/fonts.o
 .text._ZN12_GLOBAL__N_121font_TINY_NUM_52_typeD2Ev
                0x080110d8        0xc obj/fonts.o
 .text._ZN12_GLOBAL__N_121font_TINY_NUM_51_typeD2Ev
                0x080110e4        0xc obj/fonts.o
 .text._ZN12_GLOBAL__N_121font_TINY_NUM_50_typeD2Ev
                0x080110f0        0xc obj/fonts.o
 .text._ZN12_GLOBAL__N_121font_TINY_NUM_49_typeD2Ev
                0x080110fc        0xc obj/fonts.o
 .text._ZN12_GLOBAL__N_121font_TINY_NUM_48_typeD2Ev
                0x08011108        0xc obj/fonts.o
 .text._ZN12_GLOBAL__N_121font_TINY_NUM_47_typeD2Ev
                0x08011114        0xc obj/fonts.o
 .text._ZN12_GLOBAL__N_121font_TINY_NUM_46_typeD2Ev
                0x08011120        0xc obj/fonts.o
 .text._ZN12_GLOBAL__N_121font_TINY_NUM_45_typeD2Ev
                0x0801112c        0xc obj/fonts.o
 .text._ZN12_GLOBAL__N_121font_TINY_NUM_44_typeD2Ev
                0x08011138        0xc obj/fonts.o
 .text._ZN12_GLOBAL__N_121font_TINY_NUM_43_typeD2Ev
                0x08011144        0xc obj/fonts.o
 .text._ZN12_GLOBAL__N_121font_TINY_NUM_42_typeD2Ev
                0x08011150        0xc obj/fonts.o
 .text._ZN12_GLOBAL__N_121font_TINY_NUM_41_typeD2Ev
                0x0801115c        0xc obj/fonts.o
 .text._ZN12_GLOBAL__N_121font_TINY_NUM_40_typeD2Ev
                0x08011168        0xc obj/fonts.o
 .text._ZN12_GLOBAL__N_121font_TINY_NUM_39_typeD2Ev
                0x08011174        0xc obj/fonts.o
 .text._ZN12_GLOBAL__N_121font_TINY_NUM_38_typeD2Ev
                0x08011180        0xc obj/fonts.o
 .text._ZN12_GLOBAL__N_121font_TINY_NUM_37_typeD2Ev
                0x0801118c        0xc obj/fonts.o
 .text._ZN12_GLOBAL__N_121font_TINY_NUM_36_typeD2Ev
                0x08011198        0xc obj/fonts.o
 .text._ZN12_GLOBAL__N_121font_TINY_NUM_35_typeD2Ev
                0x080111a4        0xc obj/fonts.o
 .text._ZN12_GLOBAL__N_121font_TINY_NUM_34_typeD2Ev
                0x080111b0        0xc obj/fonts.o
 .text._ZN12_GLOBAL__N_121font_TINY_NUM_33_typeD2Ev
                0x080111bc        0xc obj/fonts.o
 .text._ZN12_GLOBAL__N_121font_TINY_NUM_32_typeD2Ev
                0x080111c8        0xc obj/fonts.o
 .text._ZN12_GLOBAL__N_115font_MWOSD_typeD2Ev
                0x080111d4        0xc obj/fonts.o
 .text._ZN12_GLOBAL__N_119font_MWOSD_126_typeD2Ev
                0x080111e0        0xc obj/fonts.o
 .text._ZN12_GLOBAL__N_119font_MWOSD_125_typeD2Ev
                0x080111ec        0xc obj/fonts.o
 .text._ZN12_GLOBAL__N_119font_MWOSD_124_typeD2Ev
                0x080111f8        0xc obj/fonts.o
 .text._ZN12_GLOBAL__N_119font_MWOSD_123_typeD2Ev
                0x08011204        0xc obj/fonts.o
 .text._ZN12_GLOBAL__N_119font_MWOSD_122_typeD2Ev
                0x08011210        0xc obj/fonts.o
 .text._ZN12_GLOBAL__N_119font_MWOSD_121_typeD2Ev
                0x0801121c        0xc obj/fonts.o
 .text._ZN12_GLOBAL__N_119font_MWOSD_120_typeD2Ev
                0x08011228        0xc obj/fonts.o
 .text._ZN12_GLOBAL__N_119font_MWOSD_119_typeD2Ev
                0x08011234        0xc obj/fonts.o
 .text._ZN12_GLOBAL__N_119font_MWOSD_118_typeD2Ev
                0x08011240        0xc obj/fonts.o
 .text._ZN12_GLOBAL__N_119font_MWOSD_117_typeD2Ev
                0x0801124c        0xc obj/fonts.o
 .text._ZN12_GLOBAL__N_119font_MWOSD_116_typeD2Ev
                0x08011258        0xc obj/fonts.o
 .text._ZN12_GLOBAL__N_119font_MWOSD_115_typeD2Ev
                0x08011264        0xc obj/fonts.o
 .text._ZN12_GLOBAL__N_119font_MWOSD_114_typeD2Ev
                0x08011270        0xc obj/fonts.o
 .text._ZN12_GLOBAL__N_119font_MWOSD_113_typeD2Ev
                0x0801127c        0xc obj/fonts.o
 .text._ZN12_GLOBAL__N_119font_MWOSD_112_typeD2Ev
                0x08011288        0xc obj/fonts.o
 .text._ZN12_GLOBAL__N_119font_MWOSD_111_typeD2Ev
                0x08011294        0xc obj/fonts.o
 .text._ZN12_GLOBAL__N_119font_MWOSD_110_typeD2Ev
                0x080112a0        0xc obj/fonts.o
 .text._ZN12_GLOBAL__N_119font_MWOSD_109_typeD2Ev
                0x080112ac        0xc obj/fonts.o
 .text._ZN12_GLOBAL__N_119font_MWOSD_108_typeD2Ev
                0x080112b8        0xc obj/fonts.o
 .text._ZN12_GLOBAL__N_119font_MWOSD_107_typeD2Ev
                0x080112c4        0xc obj/fonts.o
 .text._ZN12_GLOBAL__N_119font_MWOSD_106_typeD2Ev
                0x080112d0        0xc obj/fonts.o
 .text._ZN12_GLOBAL__N_119font_MWOSD_105_typeD2Ev
                0x080112dc        0xc obj/fonts.o
 .text._ZN12_GLOBAL__N_119font_MWOSD_104_typeD2Ev
                0x080112e8        0xc obj/fonts.o
 .text._ZN12_GLOBAL__N_119font_MWOSD_103_typeD2Ev
                0x080112f4        0xc obj/fonts.o
 .text._ZN12_GLOBAL__N_119font_MWOSD_102_typeD2Ev
                0x08011300        0xc obj/fonts.o
 .text._ZN12_GLOBAL__N_119font_MWOSD_101_typeD2Ev
                0x0801130c        0xc obj/fonts.o
 .text._ZN12_GLOBAL__N_119font_MWOSD_100_typeD2Ev
                0x08011318        0xc obj/fonts.o
 .text._ZN12_GLOBAL__N_118font_MWOSD_99_typeD2Ev
                0x08011324        0xc obj/fonts.o
 .text._ZN12_GLOBAL__N_118font_MWOSD_98_typeD2Ev
                0x08011330        0xc obj/fonts.o
 .text._ZN12_GLOBAL__N_118font_MWOSD_97_typeD2Ev
                0x0801133c        0xc obj/fonts.o
 .text._ZN12_GLOBAL__N_118font_MWOSD_96_typeD2Ev
                0x08011348        0xc obj/fonts.o
 .text._ZN12_GLOBAL__N_118font_MWOSD_95_typeD2Ev
                0x08011354        0xc obj/fonts.o
 .text._ZN12_GLOBAL__N_118font_MWOSD_94_typeD2Ev
                0x08011360        0xc obj/fonts.o
 .text._ZN12_GLOBAL__N_118font_MWOSD_93_typeD2Ev
                0x0801136c        0xc obj/fonts.o
 .text._ZN12_GLOBAL__N_118font_MWOSD_92_typeD2Ev
                0x08011378        0xc obj/fonts.o
 .text._ZN12_GLOBAL__N_118font_MWOSD_91_typeD2Ev
                0x08011384        0xc obj/fonts.o
 .text._ZN12_GLOBAL__N_118font_MWOSD_90_typeD2Ev
                0x08011390        0xc obj/fonts.o
 .text._ZN12_GLOBAL__N_118font_MWOSD_89_typeD2Ev
                0x0801139c        0xc obj/fonts.o
 .text._ZN12_GLOBAL__N_118font_MWOSD_88_typeD2Ev
                0x080113a8        0xc obj/fonts.o
 .text._ZN12_GLOBAL__N_118font_MWOSD_87_typeD2Ev
                0x080113b4        0xc obj/fonts.o
 .text._ZN12_GLOBAL__N_118font_MWOSD_86_typeD2Ev
                0x080113c0        0xc obj/fonts.o
 .text._ZN12_GLOBAL__N_118font_MWOSD_85_typeD2Ev
                0x080113cc        0xc obj/fonts.o
 .text._ZN12_GLOBAL__N_118font_MWOSD_84_typeD2Ev
                0x080113d8        0xc obj/fonts.o
 .text._ZN12_GLOBAL__N_118font_MWOSD_83_typeD2Ev
                0x080113e4        0xc obj/fonts.o
 .text._ZN12_GLOBAL__N_118font_MWOSD_82_typeD2Ev
                0x080113f0        0xc obj/fonts.o
 .text._ZN12_GLOBAL__N_118font_MWOSD_81_typeD2Ev
                0x080113fc        0xc obj/fonts.o
 .text._ZN12_GLOBAL__N_118font_MWOSD_80_typeD2Ev
                0x08011408        0xc obj/fonts.o
 .text._ZN12_GLOBAL__N_118font_MWOSD_79_typeD2Ev
                0x08011414        0xc obj/fonts.o
 .text._ZN12_GLOBAL__N_118font_MWOSD_78_typeD2Ev
                0x08011420        0xc obj/fonts.o
 .text._ZN12_GLOBAL__N_118font_MWOSD_77_typeD2Ev
                0x0801142c        0xc obj/fonts.o
 .text._ZN12_GLOBAL__N_118font_MWOSD_76_typeD2Ev
                0x08011438        0xc obj/fonts.o
 .text._ZN12_GLOBAL__N_118font_MWOSD_75_typeD2Ev
                0x08011444        0xc obj/fonts.o
 .text._ZN12_GLOBAL__N_118font_MWOSD_74_typeD2Ev
                0x08011450        0xc obj/fonts.o
 .text._ZN12_GLOBAL__N_118font_MWOSD_73_typeD2Ev
                0x0801145c        0xc obj/fonts.o
 .text._ZN12_GLOBAL__N_118font_MWOSD_72_typeD2Ev
                0x08011468        0xc obj/fonts.o
 .text._ZN12_GLOBAL__N_118font_MWOSD_71_typeD2Ev
                0x08011474        0xc obj/fonts.o
 .text._ZN12_GLOBAL__N_118font_MWOSD_70_typeD2Ev
                0x08011480        0xc obj/fonts.o
 .text._ZN12_GLOBAL__N_118font_MWOSD_69_typeD2Ev
                0x0801148c        0xc obj/fonts.o
 .text._ZN12_GLOBAL__N_118font_MWOSD_68_typeD2Ev
                0x08011498        0xc obj/fonts.o
 .text._ZN12_GLOBAL__N_118font_MWOSD_67_typeD2Ev
                0x080114a4        0xc obj/fonts.o
 .text._ZN12_GLOBAL__N_118font_MWOSD_66_typeD2Ev
                0x080114b0        0xc obj/fonts.o
 .text._ZN12_GLOBAL__N_118font_MWOSD_65_typeD2Ev
                0x080114bc        0xc obj/fonts.o
 .text._ZN12_GLOBAL__N_118font_MWOSD_64_typeD2Ev
                0x080114c8        0xc obj/fonts.o
 .text._ZN12_GLOBAL__N_118font_MWOSD_63_typeD2Ev
                0x080114d4        0xc obj/fonts.o
 .text._ZN12_GLOBAL__N_118font_MWOSD_62_typeD2Ev
                0x080114e0        0xc obj/fonts.o
 .text._ZN12_GLOBAL__N_118font_MWOSD_61_typeD2Ev
                0x080114ec        0xc obj/fonts.o
 .text._ZN12_GLOBAL__N_118font_MWOSD_60_typeD2Ev
                0x080114f8        0xc obj/fonts.o
 .text._ZN12_GLOBAL__N_118font_MWOSD_59_typeD2Ev
                0x08011504        0xc obj/fonts.o
 .text._ZN12_GLOBAL__N_118font_MWOSD_58_typeD2Ev
                0x08011510        0xc obj/fonts.o
 .text._ZN12_GLOBAL__N_118font_MWOSD_57_typeD2Ev
                0x0801151c        0xc obj/fonts.o
 .text._ZN12_GLOBAL__N_118font_MWOSD_56_typeD2Ev
                0x08011528        0xc obj/fonts.o
 .text._ZN12_GLOBAL__N_118font_MWOSD_55_typeD2Ev
                0x08011534        0xc obj/fonts.o
 .text._ZN12_GLOBAL__N_118font_MWOSD_54_typeD2Ev
                0x08011540        0xc obj/fonts.o
 .text._ZN12_GLOBAL__N_118font_MWOSD_53_typeD2Ev
                0x0801154c        0xc obj/fonts.o
 .text._ZN12_GLOBAL__N_118font_MWOSD_52_typeD2Ev
                0x08011558        0xc obj/fonts.o
 .text._ZN12_GLOBAL__N_118font_MWOSD_51_typeD2Ev
                0x08011564        0xc obj/fonts.o
 .text._ZN12_GLOBAL__N_118font_MWOSD_50_typeD2Ev
                0x08011570        0xc obj/fonts.o
 .text._ZN12_GLOBAL__N_118font_MWOSD_49_typeD2Ev
                0x0801157c        0xc obj/fonts.o
 .text._ZN12_GLOBAL__N_118font_MWOSD_48_typeD2Ev
                0x08011588        0xc obj/fonts.o
 .text._ZN12_GLOBAL__N_118font_MWOSD_47_typeD2Ev
                0x08011594        0xc obj/fonts.o
 .text._ZN12_GLOBAL__N_118font_MWOSD_46_typeD2Ev
                0x080115a0        0xc obj/fonts.o
 .text._ZN12_GLOBAL__N_118font_MWOSD_45_typeD2Ev
                0x080115ac        0xc obj/fonts.o
 .text._ZN12_GLOBAL__N_118font_MWOSD_44_typeD2Ev
                0x080115b8        0xc obj/fonts.o
 .text._ZN12_GLOBAL__N_118font_MWOSD_43_typeD2Ev
                0x080115c4        0xc obj/fonts.o
 .text._ZN12_GLOBAL__N_118font_MWOSD_42_typeD2Ev
                0x080115d0        0xc obj/fonts.o
 .text._ZN12_GLOBAL__N_118font_MWOSD_41_typeD2Ev
                0x080115dc        0xc obj/fonts.o
 .text._ZN12_GLOBAL__N_118font_MWOSD_40_typeD2Ev
                0x080115e8        0xc obj/fonts.o
 .text._ZN12_GLOBAL__N_118font_MWOSD_39_typeD2Ev
                0x080115f4        0xc obj/fonts.o
 .text._ZN12_GLOBAL__N_118font_MWOSD_38_typeD2Ev
                0x08011600        0xc obj/fonts.o
 .text._ZN12_GLOBAL__N_118font_MWOSD_37_typeD2Ev
                0x0801160c        0xc obj/fonts.o
 .text._ZN12_GLOBAL__N_118font_MWOSD_36_typeD2Ev
                0x08011618        0xc obj/fonts.o
 .text._ZN12_GLOBAL__N_118font_MWOSD_35_typeD2Ev
                0x08011624        0xc obj/fonts.o
 .text._ZN12_GLOBAL__N_118font_MWOSD_34_typeD2Ev
                0x08011630        0xc obj/fonts.o
 .text._ZN12_GLOBAL__N_118font_MWOSD_33_typeD2Ev
                0x0801163c        0xc obj/fonts.o
 .text._ZN12_GLOBAL__N_118font_MWOSD_32_typeD2Ev
                0x08011648        0xc obj/fonts.o
 .text._ZN12_GLOBAL__N_121font_OSD_Charset_typeD2Ev
                0x08011654        0xc obj/fonts.o
 .text._ZN12_GLOBAL__N_125font_OSD_Charset_126_typeD2Ev
                0x08011660        0xc obj/fonts.o
 .text._ZN12_GLOBAL__N_125font_OSD_Charset_125_typeD2Ev
                0x0801166c        0xc obj/fonts.o
 .text._ZN12_GLOBAL__N_125font_OSD_Charset_124_typeD2Ev
                0x08011678        0xc obj/fonts.o
 .text._ZN12_GLOBAL__N_125font_OSD_Charset_123_typeD2Ev
                0x08011684        0xc obj/fonts.o
 .text._ZN12_GLOBAL__N_125font_OSD_Charset_122_typeD2Ev
                0x08011690        0xc obj/fonts.o
 .text._ZN12_GLOBAL__N_125font_OSD_Charset_121_typeD2Ev
                0x0801169c        0xc obj/fonts.o
 .text._ZN12_GLOBAL__N_125font_OSD_Charset_120_typeD2Ev
                0x080116a8        0xc obj/fonts.o
 .text._ZN12_GLOBAL__N_125font_OSD_Charset_119_typeD2Ev
                0x080116b4        0xc obj/fonts.o
 .text._ZN12_GLOBAL__N_125font_OSD_Charset_118_typeD2Ev
                0x080116c0        0xc obj/fonts.o
 .text._ZN12_GLOBAL__N_125font_OSD_Charset_117_typeD2Ev
                0x080116cc        0xc obj/fonts.o
 .text._ZN12_GLOBAL__N_125font_OSD_Charset_116_typeD2Ev
                0x080116d8        0xc obj/fonts.o
 .text._ZN12_GLOBAL__N_125font_OSD_Charset_115_typeD2Ev
                0x080116e4        0xc obj/fonts.o
 .text._ZN12_GLOBAL__N_125font_OSD_Charset_114_typeD2Ev
                0x080116f0        0xc obj/fonts.o
 .text._ZN12_GLOBAL__N_125font_OSD_Charset_113_typeD2Ev
                0x080116fc        0xc obj/fonts.o
 .text._ZN12_GLOBAL__N_125font_OSD_Charset_112_typeD2Ev
                0x08011708        0xc obj/fonts.o
 .text._ZN12_GLOBAL__N_125font_OSD_Charset_111_typeD2Ev
                0x08011714        0xc obj/fonts.o
 .text._ZN12_GLOBAL__N_125font_OSD_Charset_110_typeD2Ev
                0x08011720        0xc obj/fonts.o
 .text._ZN12_GLOBAL__N_125font_OSD_Charset_109_typeD2Ev
                0x0801172c        0xc obj/fonts.o
 .text._ZN12_GLOBAL__N_125font_OSD_Charset_108_typeD2Ev
                0x08011738        0xc obj/fonts.o
 .text._ZN12_GLOBAL__N_125font_OSD_Charset_107_typeD2Ev
                0x08011744        0xc obj/fonts.o
 .text._ZN12_GLOBAL__N_125font_OSD_Charset_106_typeD2Ev
                0x08011750        0xc obj/fonts.o
 .text._ZN12_GLOBAL__N_125font_OSD_Charset_105_typeD2Ev
                0x0801175c        0xc obj/fonts.o
 .text._ZN12_GLOBAL__N_125font_OSD_Charset_104_typeD2Ev
                0x08011768        0xc obj/fonts.o
 .text._ZN12_GLOBAL__N_125font_OSD_Charset_103_typeD2Ev
                0x08011774        0xc obj/fonts.o
 .text._ZN12_GLOBAL__N_125font_OSD_Charset_102_typeD2Ev
                0x08011780        0xc obj/fonts.o
 .text._ZN12_GLOBAL__N_125font_OSD_Charset_101_typeD2Ev
                0x0801178c        0xc obj/fonts.o
 .text._ZN12_GLOBAL__N_125font_OSD_Charset_100_typeD2Ev
                0x08011798        0xc obj/fonts.o
 .text._ZN12_GLOBAL__N_124font_OSD_Charset_99_typeD2Ev
                0x080117a4        0xc obj/fonts.o
 .text._ZN12_GLOBAL__N_124font_OSD_Charset_98_typeD2Ev
                0x080117b0        0xc obj/fonts.o
 .text._ZN12_GLOBAL__N_124font_OSD_Charset_97_typeD2Ev
                0x080117bc        0xc obj/fonts.o
 .text._ZN12_GLOBAL__N_124font_OSD_Charset_96_typeD2Ev
                0x080117c8        0xc obj/fonts.o
 .text._ZN12_GLOBAL__N_124font_OSD_Charset_95_typeD2Ev
                0x080117d4        0xc obj/fonts.o
 .text._ZN12_GLOBAL__N_124font_OSD_Charset_94_typeD2Ev
                0x080117e0        0xc obj/fonts.o
 .text._ZN12_GLOBAL__N_124font_OSD_Charset_93_typeD2Ev
                0x080117ec        0xc obj/fonts.o
 .text._ZN12_GLOBAL__N_124font_OSD_Charset_92_typeD2Ev
                0x080117f8        0xc obj/fonts.o
 .text._ZN12_GLOBAL__N_124font_OSD_Charset_91_typeD2Ev
                0x08011804        0xc obj/fonts.o
 .text._ZN12_GLOBAL__N_124font_OSD_Charset_90_typeD2Ev
                0x08011810        0xc obj/fonts.o
 .text._ZN12_GLOBAL__N_124font_OSD_Charset_89_typeD2Ev
                0x0801181c        0xc obj/fonts.o
 .text._ZN12_GLOBAL__N_124font_OSD_Charset_88_typeD2Ev
                0x08011828        0xc obj/fonts.o
 .text._ZN12_GLOBAL__N_124font_OSD_Charset_87_typeD2Ev
                0x08011834        0xc obj/fonts.o
 .text._ZN12_GLOBAL__N_124font_OSD_Charset_86_typeD2Ev
                0x08011840        0xc obj/fonts.o
 .text._ZN12_GLOBAL__N_124font_OSD_Charset_85_typeD2Ev
                0x0801184c        0xc obj/fonts.o
 .text._ZN12_GLOBAL__N_124font_OSD_Charset_84_typeD2Ev
                0x08011858        0xc obj/fonts.o
 .text._ZN12_GLOBAL__N_124font_OSD_Charset_83_typeD2Ev
                0x08011864        0xc obj/fonts.o
 .text._ZN12_GLOBAL__N_124font_OSD_Charset_82_typeD2Ev
                0x08011870        0xc obj/fonts.o
 .text._ZN12_GLOBAL__N_124font_OSD_Charset_81_typeD2Ev
                0x0801187c        0xc obj/fonts.o
 .text._ZN12_GLOBAL__N_124font_OSD_Charset_80_typeD2Ev
                0x08011888        0xc obj/fonts.o
 .text._ZN12_GLOBAL__N_124font_OSD_Charset_79_typeD2Ev
                0x08011894        0xc obj/fonts.o
 .text._ZN12_GLOBAL__N_124font_OSD_Charset_78_typeD2Ev
                0x080118a0        0xc obj/fonts.o
 .text._ZN12_GLOBAL__N_124font_OSD_Charset_77_typeD2Ev
                0x080118ac        0xc obj/fonts.o
 .text._ZN12_GLOBAL__N_124font_OSD_Charset_76_typeD2Ev
                0x080118b8        0xc obj/fonts.o
 .text._ZN12_GLOBAL__N_124font_OSD_Charset_75_typeD2Ev
                0x080118c4        0xc obj/fonts.o
 .text._ZN12_GLOBAL__N_124font_OSD_Charset_74_typeD2Ev
                0x080118d0        0xc obj/fonts.o
 .text._ZN12_GLOBAL__N_124font_OSD_Charset_73_typeD2Ev
                0x080118dc        0xc obj/fonts.o
 .text._ZN12_GLOBAL__N_124font_OSD_Charset_72_typeD2Ev
                0x080118e8        0xc obj/fonts.o
 .text._ZN12_GLOBAL__N_124font_OSD_Charset_71_typeD2Ev
                0x080118f4        0xc obj/fonts.o
 .text._ZN12_GLOBAL__N_124font_OSD_Charset_70_typeD2Ev
                0x08011900        0xc obj/fonts.o
 .text._ZN12_GLOBAL__N_124font_OSD_Charset_69_typeD2Ev
                0x0801190c        0xc obj/fonts.o
 .text._ZN12_GLOBAL__N_124font_OSD_Charset_68_typeD2Ev
                0x08011918        0xc obj/fonts.o
 .text._ZN12_GLOBAL__N_124font_OSD_Charset_67_typeD2Ev
                0x08011924        0xc obj/fonts.o
 .text._ZN12_GLOBAL__N_124font_OSD_Charset_66_typeD2Ev
                0x08011930        0xc obj/fonts.o
 .text._ZN12_GLOBAL__N_124font_OSD_Charset_65_typeD2Ev
                0x0801193c        0xc obj/fonts.o
 .text._ZN12_GLOBAL__N_124font_OSD_Charset_64_typeD2Ev
                0x08011948        0xc obj/fonts.o
 .text._ZN12_GLOBAL__N_124font_OSD_Charset_63_typeD2Ev
                0x08011954        0xc obj/fonts.o
 .text._ZN12_GLOBAL__N_124font_OSD_Charset_62_typeD2Ev
                0x08011960        0xc obj/fonts.o
 .text._ZN12_GLOBAL__N_124font_OSD_Charset_61_typeD2Ev
                0x0801196c        0xc obj/fonts.o
 .text._ZN12_GLOBAL__N_124font_OSD_Charset_60_typeD2Ev
                0x08011978        0xc obj/fonts.o
 .text._ZN12_GLOBAL__N_124font_OSD_Charset_59_typeD2Ev
                0x08011984        0xc obj/fonts.o
 .text._ZN12_GLOBAL__N_124font_OSD_Charset_58_typeD2Ev
                0x08011990        0xc obj/fonts.o
 .text._ZN12_GLOBAL__N_124font_OSD_Charset_57_typeD2Ev
                0x0801199c        0xc obj/fonts.o
 .text._ZN12_GLOBAL__N_124font_OSD_Charset_56_typeD2Ev
                0x080119a8        0xc obj/fonts.o
 .text._ZN12_GLOBAL__N_124font_OSD_Charset_55_typeD2Ev
                0x080119b4        0xc obj/fonts.o
 .text._ZN12_GLOBAL__N_124font_OSD_Charset_54_typeD2Ev
                0x080119c0        0xc obj/fonts.o
 .text._ZN12_GLOBAL__N_124font_OSD_Charset_53_typeD2Ev
                0x080119cc        0xc obj/fonts.o
 .text._ZN12_GLOBAL__N_124font_OSD_Charset_52_typeD2Ev
                0x080119d8        0xc obj/fonts.o
 .text._ZN12_GLOBAL__N_124font_OSD_Charset_51_typeD2Ev
                0x080119e4        0xc obj/fonts.o
 .text._ZN12_GLOBAL__N_124font_OSD_Charset_50_typeD2Ev
                0x080119f0        0xc obj/fonts.o
 .text._ZN12_GLOBAL__N_124font_OSD_Charset_49_typeD2Ev
                0x080119fc        0xc obj/fonts.o
 .text._ZN12_GLOBAL__N_124font_OSD_Charset_48_typeD2Ev
                0x08011a08        0xc obj/fonts.o
 .text._ZN12_GLOBAL__N_124font_OSD_Charset_47_typeD2Ev
                0x08011a14        0xc obj/fonts.o
 .text._ZN12_GLOBAL__N_124font_OSD_Charset_46_typeD2Ev
                0x08011a20        0xc obj/fonts.o
 .text._ZN12_GLOBAL__N_124font_OSD_Charset_45_typeD2Ev
                0x08011a2c        0xc obj/fonts.o
 .text._ZN12_GLOBAL__N_124font_OSD_Charset_44_typeD2Ev
                0x08011a38        0xc obj/fonts.o
 .text._ZN12_GLOBAL__N_124font_OSD_Charset_43_typeD2Ev
                0x08011a44        0xc obj/fonts.o
 .text._ZN12_GLOBAL__N_124font_OSD_Charset_42_typeD2Ev
                0x08011a50        0xc obj/fonts.o
 .text._ZN12_GLOBAL__N_124font_OSD_Charset_41_typeD2Ev
                0x08011a5c        0xc obj/fonts.o
 .text._ZN12_GLOBAL__N_124font_OSD_Charset_40_typeD2Ev
                0x08011a68        0xc obj/fonts.o
 .text._ZN12_GLOBAL__N_124font_OSD_Charset_39_typeD2Ev
                0x08011a74        0xc obj/fonts.o
 .text._ZN12_GLOBAL__N_124font_OSD_Charset_38_typeD2Ev
                0x08011a80        0xc obj/fonts.o
 .text._ZN12_GLOBAL__N_124font_OSD_Charset_37_typeD2Ev
                0x08011a8c        0xc obj/fonts.o
 .text._ZN12_GLOBAL__N_124font_OSD_Charset_36_typeD2Ev
                0x08011a98        0xc obj/fonts.o
 .text._ZN12_GLOBAL__N_124font_OSD_Charset_35_typeD2Ev
                0x08011aa4        0xc obj/fonts.o
 .text._ZN12_GLOBAL__N_124font_OSD_Charset_34_typeD2Ev
                0x08011ab0        0xc obj/fonts.o
 .text._ZN12_GLOBAL__N_124font_OSD_Charset_33_typeD2Ev
                0x08011abc        0xc obj/fonts.o
 .text._ZN12_GLOBAL__N_124font_OSD_Charset_32_typeD2Ev
                0x08011ac8        0xc obj/fonts.o
 .text._ZN12_GLOBAL__N_118font_TINY_NUM_typeD0Ev
                0x08011ad4       0x14 obj/fonts.o
 .text._ZN12_GLOBAL__N_121font_TINY_NUM_57_typeD0Ev
                0x08011ae8       0x14 obj/fonts.o
 .text._ZN12_GLOBAL__N_121font_TINY_NUM_56_typeD0Ev
                0x08011afc       0x14 obj/fonts.o
 .text._ZN12_GLOBAL__N_121font_TINY_NUM_55_typeD0Ev
                0x08011b10       0x14 obj/fonts.o
 .text._ZN12_GLOBAL__N_121font_TINY_NUM_54_typeD0Ev
                0x08011b24       0x14 obj/fonts.o
 .text._ZN12_GLOBAL__N_121font_TINY_NUM_53_typeD0Ev
                0x08011b38       0x14 obj/fonts.o
 .text._ZN12_GLOBAL__N_121font_TINY_NUM_52_typeD0Ev
                0x08011b4c       0x14 obj/fonts.o
 .text._ZN12_GLOBAL__N_121font_TINY_NUM_51_typeD0Ev
                0x08011b60       0x14 obj/fonts.o
 .text._ZN12_GLOBAL__N_121font_TINY_NUM_50_typeD0Ev
                0x08011b74       0x14 obj/fonts.o
 .text._ZN12_GLOBAL__N_121font_TINY_NUM_49_typeD0Ev
                0x08011b88       0x14 obj/fonts.o
 .text._ZN12_GLOBAL__N_121font_TINY_NUM_48_typeD0Ev
                0x08011b9c       0x14 obj/fonts.o
 .text._ZN12_GLOBAL__N_121font_TINY_NUM_47_typeD0Ev
                0x08011bb0       0x14 obj/fonts.o
 .text._ZN12_GLOBAL__N_121font_TINY_NUM_46_typeD0Ev
                0x08011bc4       0x14 obj/fonts.o
 .text._ZN12_GLOBAL__N_121font_TINY_NUM_45_typeD0Ev
                0x08011bd8       0x14 obj/fonts.o
 .text._ZN12_GLOBAL__N_121font_TINY_NUM_44_typeD0Ev
                0x08011bec       0x14 obj/fonts.o
 .text._ZN12_GLOBAL__N_121font_TINY_NUM_43_typeD0Ev
                0x08011c00       0x14 obj/fonts.o
 .text._ZN12_GLOBAL__N_121font_TINY_NUM_42_typeD0Ev
                0x08011c14       0x14 obj/fonts.o
 .text._ZN12_GLOBAL__N_121font_TINY_NUM_41_typeD0Ev
                0x08011c28       0x14 obj/fonts.o
 .text._ZN12_GLOBAL__N_121font_TINY_NUM_40_typeD0Ev
                0x08011c3c       0x14 obj/fonts.o
 .text._ZN12_GLOBAL__N_121font_TINY_NUM_39_typeD0Ev
                0x08011c50       0x14 obj/fonts.o
 .text._ZN12_GLOBAL__N_121font_TINY_NUM_38_typeD0Ev
                0x08011c64       0x14 obj/fonts.o
 .text._ZN12_GLOBAL__N_121font_TINY_NUM_37_typeD0Ev
                0x08011c78       0x14 obj/fonts.o
 .text._ZN12_GLOBAL__N_121font_TINY_NUM_36_typeD0Ev
                0x08011c8c       0x14 obj/fonts.o
 .text._ZN12_GLOBAL__N_121font_TINY_NUM_35_typeD0Ev
                0x08011ca0       0x14 obj/fonts.o
 .text._ZN12_GLOBAL__N_121font_TINY_NUM_34_typeD0Ev
                0x08011cb4       0x14 obj/fonts.o
 .text._ZN12_GLOBAL__N_121font_TINY_NUM_33_typeD0Ev
                0x08011cc8       0x14 obj/fonts.o
 .text._ZN12_GLOBAL__N_121font_TINY_NUM_32_typeD0Ev
                0x08011cdc       0x14 obj/fonts.o
 .text._ZN12_GLOBAL__N_115font_MWOSD_typeD0Ev
                0x08011cf0       0x14 obj/fonts.o
 .text._ZN12_GLOBAL__N_119font_MWOSD_126_typeD0Ev
                0x08011d04       0x14 obj/fonts.o
 .text._ZN12_GLOBAL__N_119font_MWOSD_125_typeD0Ev
                0x08011d18       0x14 obj/fonts.o
 .text._ZN12_GLOBAL__N_119font_MWOSD_124_typeD0Ev
                0x08011d2c       0x14 obj/fonts.o
 .text._ZN12_GLOBAL__N_119font_MWOSD_123_typeD0Ev
                0x08011d40       0x14 obj/fonts.o
 .text._ZN12_GLOBAL__N_119font_MWOSD_122_typeD0Ev
                0x08011d54       0x14 obj/fonts.o
 .text._ZN12_GLOBAL__N_119font_MWOSD_121_typeD0Ev
                0x08011d68       0x14 obj/fonts.o
 .text._ZN12_GLOBAL__N_119font_MWOSD_120_typeD0Ev
                0x08011d7c       0x14 obj/fonts.o
 .text._ZN12_GLOBAL__N_119font_MWOSD_119_typeD0Ev
                0x08011d90       0x14 obj/fonts.o
 .text._ZN12_GLOBAL__N_119font_MWOSD_118_typeD0Ev
                0x08011da4       0x14 obj/fonts.o
 .text._ZN12_GLOBAL__N_119font_MWOSD_117_typeD0Ev
                0x08011db8       0x14 obj/fonts.o
 .text._ZN12_GLOBAL__N_119font_MWOSD_116_typeD0Ev
                0x08011dcc       0x14 obj/fonts.o
 .text._ZN12_GLOBAL__N_119font_MWOSD_115_typeD0Ev
                0x08011de0       0x14 obj/fonts.o
 .text._ZN12_GLOBAL__N_119font_MWOSD_114_typeD0Ev
                0x08011df4       0x14 obj/fonts.o
 .text._ZN12_GLOBAL__N_119font_MWOSD_113_typeD0Ev
                0x08011e08       0x14 obj/fonts.o