Archive member included because of file (symbol)

../../../lib/osd/quantracker_air_system.a(tasks.o)
                              obj/fsk_task.o (xTaskGenericCreate)
../../../lib/osd/quantracker_air_system.a(queue.o)
                              obj/setup.o (xQueueGenericCreate)
../../../lib/osd/quantracker_air_system.a(list.o)
                              ../../../lib/osd/quantracker_air_system.a(tasks.o) (vListInitialise)
../../../lib/osd/quantracker_air_system.a(timers.o)
                              ../../../lib/osd/quantracker_air_system.a(tasks.o) (xTimerCreateTimerTask)
../../../lib/osd/quantracker_air_system.a(malloc_free.o)
                              obj/frsky_task.o (quan::malloc(unsigned int))
../../../lib/osd/quantracker_air_system.a(startup.o)
                              (Reset_Handler)
../../../lib/osd/quantracker_air_system.a(system_init.o)
                              ../../../lib/osd/quantracker_air_system.a(startup.o) (SystemInit)
../../../lib/osd/quantracker_air_system.a(port.o)
                              ../../../lib/osd/quantracker_air_system.a(tasks.o) (pxPortInitialiseStack)
../../../lib/osd/quantracker_air_system.a(heap_3.o)
                              ../../../lib/osd/quantracker_air_system.a(tasks.o) (pvPortMalloc)
../../../lib/osd/quantracker_air_system.a(rtos_hooks.o)
                              ../../../lib/osd/quantracker_air_system.a(tasks.o) (vApplicationIdleHook)
../../../lib/osd/quantracker_air_system.a(spbrk.o)
                              (_sbrk)
../../../lib/osd/quantracker_air_system.a(system.o)
                              obj/bitmaps.o (__cxa_pure_virtual)
../../../lib/osd/quantracker_air_osd.a(lib_video_setup.o)
                              obj/setup.o (osd_setup())
../../../lib/osd/quantracker_air_osd.a(lib_graphics_api.o)
                              obj/draw_compass.o (quan::uav::osd::get_size(quan::uav::osd::basic_font const*))
../../../lib/osd/quantracker_air_osd.a(lib_draw_task.o)
                              obj/main.o (create_draw_task())
../../../lib/osd/quantracker_air_osd.a(lib_sync_sep.o)
                              obj/draw_batteries.o (quan::uav::osd::get_video_mode())
../../../lib/osd/quantracker_air_osd.a(lib_dac.o)
                              ../../../lib/osd/quantracker_air_osd.a(lib_video_setup.o) (detail::video_palette_dac_setup())
../../../lib/osd/quantracker_air_osd.a(lib_led.o)
                              ../../../lib/osd/quantracker_air_osd.a(lib_video_setup.o) (detail::setup_leds())
../../../lib/osd/quantracker_air_osd.a(lib_osd_state.o)
                              ../../../lib/osd/quantracker_air_osd.a(lib_video_setup.o) (osd_state::set(osd_state::state_t))
../../../lib/osd/quantracker_air_osd.a(misc.o)
                              ../../../lib/osd/quantracker_air_osd.a(lib_video_setup.o) (NVIC_PriorityGroupConfig)
../../../lib/osd/quantracker_air_osd.a(lib_video_buffer.o)
                              ../../../lib/osd/quantracker_air_osd.a(lib_video_setup.o) (video_buffers::init())
../../../lib/osd/quantracker_air_osd.a(lib_video_column.o)
                              ../../../lib/osd/quantracker_air_osd.a(lib_draw_task.o) (detail::create_osd_swap_semaphores())
../../../lib/osd/quantracker_air_osd.a(lib_video_row.o)
                              ../../../lib/osd/quantracker_air_osd.a(lib_video_setup.o) (video_cfg::rows::takedown())
../../../lib/osd/quantracker_air_osd.a(lib_video_pixel.o)
                              ../../../lib/osd/quantracker_air_osd.a(lib_video_setup.o) (video_cfg::spi_clock::takedown())
../../../lib/osd/quantracker_air_osd.a(lib_video_spi.o)
                              ../../../lib/osd/quantracker_air_osd.a(lib_video_setup.o) (detail::spi_setup())
../../../lib/osd/quantracker_air_osd.a(lib_video_dma.o)
                              ../../../lib/osd/quantracker_air_osd.a(lib_video_setup.o) (detail::pixel_dma_setup())
../../../lib/osd/quantracker_air_osd.a(lib_internal_video_mode.o)
                              ../../../lib/osd/quantracker_air_osd.a(lib_video_row.o) (detail::internal_video_mode_setup())
../../../lib/osd/quantracker_air_graphics_api.a(draw_arc.o)
                              obj/draw_compass.o (quan::uav::osd::draw_arc(long, quan::two_d::vect<long> const&, quan::fraction_of_revolution<quan::meta::rational<1ll, 1ll>, quan::meta::rational<360ll, 1ll>, float> const&, quan::fraction_of_revolution<quan::meta::rational<1ll, 1ll>, quan::meta::rational<360ll, 1ll>, float> const&, quan::uav::osd::colour_type))
../../../lib/osd/quantracker_air_graphics_api.a(draw_bitmap.o)
                              obj/draw_altitude.o (quan::uav::osd::draw_bitmap(quan::uav::osd::basic_bitmap const*, quan::two_d::vect<long> const&))
../../../lib/osd/quantracker_air_graphics_api.a(draw_circle.o)
                              obj/draw_artificial_horizon.o (quan::uav::osd::draw_circle(long, quan::two_d::vect<long> const&, quan::uav::osd::colour_type))
[...]
Memory Configuration

Name             Origin             Length             Attributes
start_vector     0x08000000         0x00004000         xr
flash            0x08004000         0x00008000         r
rom              0x0800c000         0x000f4000         xr
ram              0x10000000         0x00010000         xrw
heap_ram         0x20000000         0x00012000         rw
video_ram        0x20012000         0x0000d000         rw
telem_ram        0x2001f000         0x00001000         rw
*default*        0x00000000         0xffffffff

Linker script and memory map

LOAD /opt/gcc-arm-none-eabi-4_7-2013q2//lib/gcc/arm-none-eabi/4.7.4/armv7e-m/fpu/crti.o
LOAD /opt/gcc-arm-none-eabi-4_7-2013q2//lib/gcc/arm-none-eabi/4.7.4/armv7e-m/fpu/crtn.o
LOAD obj/main.o
LOAD obj/setup.o
LOAD obj/serial_port.o
LOAD obj/fsk_output.o
LOAD obj/fsk_task.o
LOAD obj/frsky_task.o
LOAD obj/frsky_zapp1.o
LOAD obj/mavlink_task.o
LOAD obj/settings.o
LOAD obj/heartbeat_task.o
LOAD obj/mode_check.o
LOAD obj/board_graphics_api.o
LOAD obj/bitmaps.o
LOAD obj/fonts.o
LOAD obj/flash_vars.o
LOAD obj/on_draw.o
LOAD obj/draw_altitude.o
LOAD obj/draw_artificial_horizon.o
LOAD obj/draw_compass.o
LOAD obj/draw_home.o
LOAD obj/draw_gps_state.o
LOAD obj/draw_batteries.o
LOAD obj/symbology.o
LOAD obj/flash.o
LOAD obj/aircraft.o
LOAD ../../../lib/osd/quantracker_air_system.a
LOAD ../../../lib/osd/quantracker_air_osd.a
LOAD ../../../lib/osd/quantracker_air_graphics_api.a
LOAD ../../../lib/osd/flash_variables.a
                0x00012000                _HeapSize = 0x12000
                0x00008000                _MinStackSize = 0x8000

.isr_vector     0x08000000      0x188
                0x08000000                . = ALIGN (0x4)
 *(.isr_vector)
 .isr_vector    0x08000000      0x188 ../../../lib/osd/quantracker_air_system.a(startup.o)
                0x08000000                g_pfnVectors
                0x08000188                . = ALIGN (0x4)

.preinit_array  0x08000188        0x0
                0x08000188                PROVIDE (__preinit_array_start, .)
 *(.preinit_array*)
                0x08000188                PROVIDE (__preinit_array_end, .)

.init_array     0x08000188       0x24
                0x08000188                PROVIDE (__init_array_start, .)
 *(SORT(.init_array.*))
 *(.init_array*)
 .init_array    0x08000188        0x4 obj/fsk_output.o
 .init_array    0x0800018c        0x4 obj/frsky_zapp1.o
 .init_array    0x08000190        0x4 obj/bitmaps.o
 .init_array    0x08000194        0x4 obj/fonts.o
 .init_array    0x08000198        0x4 obj/flash.o
 .init_array    0x0800019c        0x4 obj/aircraft.o
 .init_array    0x080001a0        0x4 ../../../lib/osd/quantracker_air_osd.a(lib_dac.o)
 .init_array    0x080001a4        0x4 ../../../lib/osd/quantracker_air_osd.a(lib_video_buffer.o)
 .init_array    0x080001a8        0x4 ../../../lib/osd/flash_variables.a(quan_generic_flash_error.o)
                0x080001ac                PROVIDE (__init_array_end, .)

.fini_array     0x080001ac        0x0
                0x080001ac                PROVIDE (__fini_array_start, .)
 *(.fini_array*)
 *(SORT(.fini_array.*))
                0x080001ac                PROVIDE (__fini_array_end, .)

.flash_variables
                0x08004000     0x8000
                0x08004000                flash_variables_start = .
 *(.flash_variables)
 .flash_variables
                0x08004000     0x8000 obj/flash_vars.o
 FILL mask 0xffffffff
                0x0800c000                . = (flash_variables_start + 0x8000)

.text           0x0800c000    0x207c8
                0x0800c000                . = ALIGN (0x4)
 *(.text)
 .text          0x0800c000      0x370 /opt/gcc-arm-none-eabi-4_7-2013q2/bin/../lib/gcc/arm-none-eabi/4.7.4/armv7e-m/fpu/libgcc.a(_arm_addsubdf3.o)
                0x0800c000                __aeabi_drsub
                0x0800c008                __aeabi_dsub
                0x0800c008                __subdf3
                0x0800c00c                __adddf3
                0x0800c00c                __aeabi_dadd
                0x0800c284                __aeabi_ui2d
                0x0800c284                __floatunsidf
                0x0800c2a4                __floatsidf
                0x0800c2a4                __aeabi_i2d
                0x0800c2c8                __extendsfdf2
                0x0800c2c8                __aeabi_f2d
                0x0800c304                __aeabi_ul2d
                0x0800c304                __floatundidf
                0x0800c314                __floatdidf
                0x0800c314                __aeabi_l2d
 .text          0x0800c370      0x424 /opt/gcc-arm-none-eabi-4_7-2013q2/bin/../lib/gcc/arm-none-eabi/4.7.4/armv7e-m/fpu/libgcc.a(_arm_muldivdf3.o)
                0x0800c370                __aeabi_dmul
                0x0800c370                __muldf3
                0x0800c5c4                __aeabi_ddiv
                0x0800c5c4                __divdf3
 .text          0x0800c794      0x110 /opt/gcc-arm-none-eabi-4_7-2013q2/bin/../lib/gcc/arm-none-eabi/4.7.4/armv7e-m/fpu/libgcc.a(_arm_cmpdf2.o)
                0x0800c794                __gtdf2
                0x0800c794                __gedf2
                0x0800c79c                __ltdf2
                0x0800c79c                __ledf2
                0x0800c7a4                __cmpdf2
                0x0800c7a4                __eqdf2
                0x0800c7a4                __nedf2
                0x0800c820                __aeabi_cdrcmple
                0x0800c830                __aeabi_cdcmple
                0x0800c830                __aeabi_cdcmpeq
                0x0800c840                __aeabi_dcmpeq
                0x0800c854                __aeabi_dcmplt
                0x0800c868                __aeabi_dcmple
                0x0800c87c                __aeabi_dcmpge
                0x0800c890                __aeabi_dcmpgt
 .text          0x0800c8a4       0x50 /opt/gcc-arm-none-eabi-4_7-2013q2/bin/../lib/gcc/arm-none-eabi/4.7.4/armv7e-m/fpu/libgcc.a(_arm_fixdfsi.o)
                0x0800c8a4                __fixdfsi
                0x0800c8a4                __aeabi_d2iz
 .text          0x0800c8f4       0xa0 /opt/gcc-arm-none-eabi-4_7-2013q2/bin/../lib/gcc/arm-none-eabi/4.7.4/armv7e-m/fpu/libgcc.a(_arm_truncdfsf2.o)
                0x0800c8f4                __aeabi_d2f
                0x0800c8f4                __truncdfsf2
 .text          0x0800c994      0x21c /opt/gcc-arm-none-eabi-4_7-2013q2/bin/../lib/gcc/arm-none-eabi/4.7.4/armv7e-m/fpu/libgcc.a(_arm_addsubsf3.o)
                0x0800c994                __aeabi_frsub
                0x0800c99c                __subsf3
                0x0800c99c                __aeabi_fsub
                0x0800c9a0                __aeabi_fadd
                0x0800c9a0                __addsf3
                0x0800cb00                __aeabi_ui2f
                0x0800cb00                __floatunsisf
                0x0800cb08                __aeabi_i2f
                0x0800cb08                __floatsisf
                0x0800cb24                __floatundisf
                0x0800cb24                __aeabi_ul2f
                0x0800cb34                __floatdisf
                0x0800cb34                __aeabi_l2f
 .text          0x0800cbb0       0x2c /opt/gcc-arm-none-eabi-4_7-2013q2/bin/../lib/gcc/arm-none-eabi/4.7.4/armv7e-m/fpu/libgcc.a(_aeabi_uldivmod.o)
                0x0800cbb0                __aeabi_uldivmod
 .text          0x0800cbdc       0x58 /opt/gcc-arm-none-eabi-4_7-2013q2/bin/../lib/gcc/arm-none-eabi/4.7.4/armv7e-m/fpu/libgcc.a(bpabi.o)
                0x0800cbdc                __gnu_ldivmod_helper
                0x0800cc08                __gnu_uldivmod_helper
 .text          0x0800cc34        0x4 /opt/gcc-arm-none-eabi-4_7-2013q2/bin/../lib/gcc/arm-none-eabi/4.7.4/armv7e-m/fpu/libgcc.a(_dvmd_tls.o)
                0x0800cc34                __aeabi_ldiv0
                0x0800cc34                __aeabi_idiv0
 .text          0x0800cc38      0x2bc /opt/gcc-arm-none-eabi-4_7-2013q2/bin/../lib/gcc/arm-none-eabi/4.7.4/armv7e-m/fpu/libgcc.a(_divdi3.o)
                0x0800cc38                __divdi3
 .text          0x0800cef4      0x288 /opt/gcc-arm-none-eabi-4_7-2013q2/bin/../lib/gcc/arm-none-eabi/4.7.4/armv7e-m/fpu/libgcc.a(_udivdi3.o)
                0x0800cef4                __udivdi3
 *(.text*)
 .text.startup.main
                0x0800d17c       0x24 obj/main.o
                0x0800d17c                main
 .text.setup    0x0800d1a0      0x1dc obj/setup.o
                0x0800d1a0                setup
 .text.USART3_IRQHandler
                0x0800d37c       0xa0 obj/serial_port.o
                0x0800d37c                USART3_IRQHandler
 .text.USART1_IRQHandler
                0x0800d41c       0xa0 obj/serial_port.o
                0x0800d41c                USART1_IRQHandler
 .text._ZN3fsk5writeEPKcj
                0x0800d4bc      0x10c obj/fsk_output.o
                0x0800d4bc                fsk::write(char const*, unsigned int)
 .text._ZN3fsk5setupEv
                0x0800d5c8       0xac obj/fsk_output.o
                0x0800d5c8                fsk::setup()
 .text.TIM6_DAC_IRQHandler
                0x0800d674      0x288 obj/fsk_output.o
                0x0800d674                TIM6_DAC_IRQHandler
 .text.startup._GLOBAL__sub_I__ZN3fsk3putEc
                0x0800d8fc       0x14 obj/fsk_output.o
 .text._ZN3fsk8fsk_taskEPv
                0x0800d910      0x418 obj/fsk_task.o
                0x0800d910                fsk::fsk_task(void*)
 .text._Z15create_fsk_taskv
                0x0800dd28       0x3c obj/fsk_task.o
                0x0800dd28                create_fsk_task()
 .text._ZN5frsky10frsky_taskEPv
                0x0800dd64      0x118 obj/frsky_task.o
                0x0800dd64                frsky::frsky_task(void*)
 .text._Z17create_frsky_taskv
                0x0800de7c       0x3c obj/frsky_task.o
                0x0800de7c                create_frsky_task()
 .text._ZN12_GLOBAL__N_110zapp1_impl14create_messageIlE6assignERKl.isra.0
                0x0800deb8       0x5c obj/frsky_zapp1.o
 *fill*         0x0800df14        0x4 00
 .text._ZN12_GLOBAL__N_110zapp1_impl15update_lon_msg1Ev
                0x0800df18      0x168 obj/frsky_zapp1.o
 .text._ZN12_GLOBAL__N_110zapp1_impl15update_lat_msg1Ev
                0x0800e080      0x168 obj/frsky_zapp1.o
 .text._ZN12_GLOBAL__N_110zapp1_impl15update_alt_msg1Ev
                0x0800e1e8      0x238 obj/frsky_zapp1.o
 .text._ZN5zapp118frsky_send_messageEv
                0x0800e420       0x8c obj/frsky_zapp1.o
                0x0800e420                zapp1::frsky_send_message()
 .text._ZN12_GLOBAL__N_110zapp1_impl15update_lon_msg2Ev
                0x0800e4ac       0xfc obj/frsky_zapp1.o
 .text._ZN12_GLOBAL__N_110zapp1_impl15update_alt_msg2Ev
                0x0800e5a8       0xfc obj/frsky_zapp1.o
 .text._ZN12_GLOBAL__N_110zapp1_impl15update_lat_msg3Ev
                0x0800e6a4      0x174 obj/frsky_zapp1.o
 .text._ZN12_GLOBAL__N_110zapp1_impl15update_lat_msg2Ev
                0x0800e818       0xfc obj/frsky_zapp1.o
 .text._ZN12_GLOBAL__N_110zapp1_impl15update_lon_msg3Ev
                0x0800e914      0x174 obj/frsky_zapp1.o
 .text._ZN12_GLOBAL__N_110zapp1_impl15update_alt_msg3Ev
                0x0800ea88      0x174 obj/frsky_zapp1.o
 .text.startup._GLOBAL__sub_I__ZN5zapp118frsky_send_messageEv
                0x0800ebfc       0x50 obj/frsky_zapp1.o
 .text._ZN12_GLOBAL__N_112read_mavlinkEPv
                0x0800ec4c      0x8b4 obj/mavlink_task.o
 .text._Z19create_mavlink_taskv
                0x0800f500       0x80 obj/mavlink_task.o
                0x0800f500                create_mavlink_task()
 .text._ZN12_GLOBAL__N_114heartbeat_taskEPv
                0x0800f580       0x3c obj/heartbeat_task.o
 .text._Z20signal_new_heartbeatv
                0x0800f5bc       0x14 obj/heartbeat_task.o
                0x0800f5bc                signal_new_heartbeat()
 .text._Z21create_heartbeat_taskv
                0x0800f5d0       0x80 obj/heartbeat_task.o
                0x0800f5d0                create_heartbeat_task()
 .text._ZN4quan12user_messageEPKc
                0x0800f650       0x44 obj/mode_check.o
                0x0800f650                quan::user_message(char const*)
 .text._ZN4quan13user_in_availEv
                0x0800f694       0x10 obj/mode_check.o
                0x0800f694                quan::user_in_avail()
 .text._ZN4quan8user_getEv
                0x0800f6a4       0x28 obj/mode_check.o
                0x0800f6a4                quan::user_get()
 .text._ZN4quan15user_flush_sptxEv
                0x0800f6cc       0x10 obj/mode_check.o
                0x0800f6cc                quan::user_flush_sptx()
 .text._ZN4quan5stm3216serial_port_liteINS0_5usart6moduleILm1073811456EEENS_3mcu3pinINS0_4gpio6moduleILm1073872896EEELm9EEENS6_IS9_Lm10EEEE5writeEPKc
                0x0800f6dc       0x30 obj/mode_check.o
                0x0800f6dc                quan::stm32::serial_port_lite<quan::stm32::usart::module<1073811456ul>, quan::mcu::pin<quan::stm32::gpio::module<1073872896ul>, 9ul>, quan::mcu::pin<quan::stm32::gpio::module<1073872896ul>, 10ul> >::write(char const*)
 .text._Z10mode_checkv
                0x0800f70c      0x1cc obj/mode_check.o
                0x0800f70c                mode_check()
 .text._ZN4quan3uav3osd21get_aircraft_positionEv
                0x0800f8d8       0x28 obj/board_graphics_api.o
                0x0800f8d8                quan::uav::osd::get_aircraft_position()
 .text._ZN4quan3uav3osd17get_home_positionEv
                0x0800f900       0x28 obj/board_graphics_api.o
                0x0800f900                quan::uav::osd::get_home_position()
 .text._ZN4quan3uav3osd21get_aircraft_attitudeEv
                0x0800f928       0x28 obj/board_graphics_api.o
                0x0800f928                quan::uav::osd::get_aircraft_attitude()
 .text._ZN4quan3uav3osd20get_aircraft_headingEv
                0x0800f950       0x10 obj/board_graphics_api.o
                0x0800f950                quan::uav::osd::get_aircraft_heading()
 .text._ZN4quan3uav3osd16position_is_goodEv
                0x0800f960       0x18 obj/board_graphics_api.o
                0x0800f960                quan::uav::osd::position_is_good()
 .text._ZN4quan3uav3osd20home_position_is_setEv
                0x0800f978        0xc obj/board_graphics_api.o
                0x0800f978                quan::uav::osd::home_position_is_set()
 .text._ZN4quan3uav3osd17set_home_positionERKNS0_8positionINS_22fraction_of_revolutionINS_4meta8rationalILx1ELx1EEENS5_ILx3600000000ELx1EEElEENS_14fixed_quantityINS4_4unitINS4_17abstract_quantityINS4_9dimensionIS6_NS5_ILx0ELx1EEESD_SD_SD_SD_SD_EENS4_10components9of_lengthEEENS4_17conversion_factorINS5_ILxn3ELx1EEES6_NS4_5int32ILl0EEEEEEEfEEEEb
                0x0800f984       0x40 obj/board_graphics_api.o
                0x0800f984                quan::uav::osd::set_home_position(quan::uav::position<quan::fraction_of_revolution<quan::meta::rational<1ll, 1ll>, quan::meta::rational<3600000000ll, 1ll>, long>, quan::fixed_quantity<quan::meta::unit<quan::meta::abstract_quantity<quan::meta::dimension<quan::meta::rational<1ll, 1ll>, quan::meta::rational<0ll, 1ll>, quan::meta::rational<0ll, 1ll>, quan::meta::rational<0ll, 1ll>, quan::meta::rational<0ll, 1ll>, quan::meta::rational<0ll, 1ll>, quan::meta::rational<0ll, 1ll> >, quan::meta::components::of_length>, quan::meta::conversion_factor<quan::meta::rational<-3ll, 1ll>, quan::meta::rational<1ll, 1ll>, quan::meta::int32<0l> > >, float> > const&, bool)
 .text._ZN4quan3uav3osd17read_gps_fix_typeEv
                0x0800f9c4       0x10 obj/board_graphics_api.o
                0x0800f9c4                quan::uav::osd::read_gps_fix_type()
 .text._ZN4quan3uav3osd17read_gps_num_satsEv
                0x0800f9d4       0x10 obj/board_graphics_api.o
                0x0800f9d4                quan::uav::osd::read_gps_num_sats()
 .text._ZN4quan3uav3osd19get_battery_voltageEh
                0x0800f9e4       0x10 obj/board_graphics_api.o
                0x0800f9e4                quan::uav::osd::get_battery_voltage(unsigned char)
 .text._ZN4quan3uav3osd12basic_bitmapD2Ev
                0x0800f9f4        0xc obj/bitmaps.o
                0x0800f9f4                quan::uav::osd::basic_bitmap::~basic_bitmap()
                0x0800f9f4                quan::uav::osd::basic_bitmap::~basic_bitmap()
 .text._ZNK12_GLOBAL__N_115home_arrow_type8get_dataEv
                0x0800fa00        0xc obj/bitmaps.o
 .text._ZNK12_GLOBAL__N_115home_arrow_type8get_sizeEv
                0x0800fa0c        0xc obj/bitmaps.o
 .text._ZNK12_GLOBAL__N_115home_image_type8get_dataEv
                0x0800fa18        0xc obj/bitmaps.o
 .text._ZNK12_GLOBAL__N_115home_image_type8get_sizeEv
                0x0800fa24        0xc obj/bitmaps.o
 .text._ZNK12_GLOBAL__N_120satellite_image_type8get_dataEv
                0x0800fa30        0xc obj/bitmaps.o
 .text._ZNK12_GLOBAL__N_120satellite_image_type8get_sizeEv
                0x0800fa3c        0xc obj/bitmaps.o
 .text._ZNK12_GLOBAL__N_120altitude_symbol_type8get_dataEv
                0x0800fa48        0xc obj/bitmaps.o
 .text._ZNK12_GLOBAL__N_120altitude_symbol_type8get_sizeEv
                0x0800fa54        0xc obj/bitmaps.o
 .text._ZN12_GLOBAL__N_120altitude_symbol_typeD2Ev
                0x0800fa60        0xc obj/bitmaps.o
 .text._ZN12_GLOBAL__N_120satellite_image_typeD2Ev
                0x0800fa6c        0xc obj/bitmaps.o
 .text._ZN12_GLOBAL__N_115home_image_typeD2Ev
                0x0800fa78        0xc obj/bitmaps.o
 .text._ZN12_GLOBAL__N_115home_arrow_typeD2Ev
                0x0800fa84        0xc obj/bitmaps.o
 .text._ZN12_GLOBAL__N_120altitude_symbol_typeD0Ev
                0x0800fa90       0x14 obj/bitmaps.o
 .text._ZN12_GLOBAL__N_120satellite_image_typeD0Ev
                0x0800faa4       0x14 obj/bitmaps.o
 .text._ZN12_GLOBAL__N_115home_image_typeD0Ev
                0x0800fab8       0x14 obj/bitmaps.o
 .text._ZN12_GLOBAL__N_115home_arrow_typeD0Ev
                0x0800facc       0x14 obj/bitmaps.o
 .text._ZN4quan3uav3osd12basic_bitmapD0Ev
                0x0800fae0       0x14 obj/bitmaps.o
                0x0800fae0                quan::uav::osd::basic_bitmap::~basic_bitmap()
 .text._ZN4quan3uav3osd10get_bitmapEm
                0x0800faf4       0x14 obj/bitmaps.o
                0x0800faf4                quan::uav::osd::get_bitmap(unsigned long)
 .text.startup._GLOBAL__sub_I__ZN4quan3uav3osd10get_bitmapEm
                0x0800fb08       0x90 obj/bitmaps.o
 .text._ZN4quan3uav3osd10basic_fontD2Ev
                0x0800fb98        0xc obj/fonts.o
                0x0800fb98                quan::uav::osd::basic_font::~basic_font()
                0x0800fb98                quan::uav::osd::basic_font::~basic_font()
 .text._ZNK12_GLOBAL__N_124font_OSD_Charset_32_type8get_dataEv
                0x0800fba4        0xc obj/fonts.o
 .text._ZNK12_GLOBAL__N_124font_OSD_Charset_32_type8get_sizeEv
                0x0800fbb0        0xc obj/fonts.o
 .text._ZNK12_GLOBAL__N_124font_OSD_Charset_33_type8get_dataEv
                0x0800fbbc        0xc obj/fonts.o
 .text._ZNK12_GLOBAL__N_124font_OSD_Charset_33_type8get_sizeEv
                0x0800fbc8        0xc obj/fonts.o
 .text._ZNK12_GLOBAL__N_124font_OSD_Charset_34_type8get_dataEv
                0x0800fbd4        0xc obj/fonts.o
 .text._ZNK12_GLOBAL__N_124font_OSD_Charset_34_type8get_sizeEv
                0x0800fbe0        0xc obj/fonts.o
 .text._ZNK12_GLOBAL__N_124font_OSD_Charset_35_type8get_dataEv
                0x0800fbec        0xc obj/fonts.o
 .text._ZNK12_GLOBAL__N_124font_OSD_Charset_35_type8get_sizeEv
                0x0800fbf8        0xc obj/fonts.o
 .text._ZNK12_GLOBAL__N_124font_OSD_Charset_36_type8get_dataEv
                0x0800fc04        0xc obj/fonts.o
 .text._ZNK12_GLOBAL__N_124font_OSD_Charset_36_type8get_sizeEv
                0x0800fc10        0xc obj/fonts.o
 .text._ZNK12_GLOBAL__N_124font_OSD_Charset_37_type8get_dataEv
                0x0800fc1c        0xc obj/fonts.o
 .text._ZNK12_GLOBAL__N_124font_OSD_Charset_37_type8get_sizeEv
                0x0800fc28        0xc obj/fonts.o
 .text._ZNK12_GLOBAL__N_124font_OSD_Charset_38_type8get_dataEv
                0x0800fc34        0xc obj/fonts.o
 .text._ZNK12_GLOBAL__N_124font_OSD_Charset_38_type8get_sizeEv
                0x0800fc40        0xc obj/fonts.o
 .text._ZNK12_GLOBAL__N_124font_OSD_Charset_39_type8get_dataEv
                0x0800fc4c        0xc obj/fonts.o
 .text._ZNK12_GLOBAL__N_124font_OSD_Charset_39_type8get_sizeEv
                0x0800fc58        0xc obj/fonts.o
 .text._ZNK12_GLOBAL__N_124font_OSD_Charset_40_type8get_dataEv
                0x0800fc64        0xc obj/fonts.o
 .text._ZNK12_GLOBAL__N_124font_OSD_Charset_40_type8get_sizeEv
                0x0800fc70        0xc obj/fonts.o
 .text._ZNK12_GLOBAL__N_124font_OSD_Charset_41_type8get_dataEv
                0x0800fc7c        0xc obj/fonts.o
 .text._ZNK12_GLOBAL__N_124font_OSD_Charset_41_type8get_sizeEv
                0x0800fc88        0xc obj/fonts.o
 .text._ZNK12_GLOBAL__N_124font_OSD_Charset_42_type8get_dataEv
                0x0800fc94        0xc obj/fonts.o
 .text._ZNK12_GLOBAL__N_124font_OSD_Charset_42_type8get_sizeEv
                0x0800fca0        0xc obj/fonts.o
 .text._ZNK12_GLOBAL__N_124font_OSD_Charset_43_type8get_dataEv
                0x0800fcac        0xc obj/fonts.o
 .text._ZNK12_GLOBAL__N_124font_OSD_Charset_43_type8get_sizeEv
                0x0800fcb8        0xc obj/fonts.o
 .text._ZNK12_GLOBAL__N_124font_OSD_Charset_44_type8get_dataEv
                0x0800fcc4        0xc obj/fonts.o
 .text._ZNK12_GLOBAL__N_124font_OSD_Charset_44_type8get_sizeEv
                0x0800fcd0        0xc obj/fonts.o
 .text._ZNK12_GLOBAL__N_124font_OSD_Charset_45_type8get_dataEv
                0x0800fcdc        0xc obj/fonts.o
 .text._ZNK12_GLOBAL__N_124font_OSD_Charset_45_type8get_sizeEv
                0x0800fce8        0xc obj/fonts.o
 .text._ZNK12_GLOBAL__N_124font_OSD_Charset_46_type8get_dataEv
                0x0800fcf4        0xc obj/fonts.o
 .text._ZNK12_GLOBAL__N_124font_OSD_Charset_46_type8get_sizeEv
                0x0800fd00        0xc obj/fonts.o
 .text._ZNK12_GLOBAL__N_124font_OSD_Charset_47_type8get_dataEv
                0x0800fd0c        0xc obj/fonts.o
 .text._ZNK12_GLOBAL__N_124font_OSD_Charset_47_type8get_sizeEv
                0x0800fd18        0xc obj/fonts.o
 .text._ZNK12_GLOBAL__N_124font_OSD_Charset_48_type8get_dataEv
                0x0800fd24        0xc obj/fonts.o
 .text._ZNK12_GLOBAL__N_124font_OSD_Charset_48_type8get_sizeEv
                0x0800fd30        0xc obj/fonts.o
 .text._ZNK12_GLOBAL__N_124font_OSD_Charset_49_type8get_dataEv
                0x0800fd3c        0xc obj/fonts.o
 .text._ZNK12_GLOBAL__N_124font_OSD_Charset_49_type8get_sizeEv
                0x0800fd48        0xc obj/fonts.o
 .text._ZNK12_GLOBAL__N_124font_OSD_Charset_50_type8get_dataEv
                0x0800fd54        0xc obj/fonts.o
 .text._ZNK12_GLOBAL__N_124font_OSD_Charset_50_type8get_sizeEv
                0x0800fd60        0xc obj/fonts.o
 .text._ZNK12_GLOBAL__N_124font_OSD_Charset_51_type8get_dataEv
                0x0800fd6c        0xc obj/fonts.o
 .text._ZNK12_GLOBAL__N_124font_OSD_Charset_51_type8get_sizeEv
                0x0800fd78        0xc obj/fonts.o
 .text._ZNK12_GLOBAL__N_124font_OSD_Charset_52_type8get_dataEv
                0x0800fd84        0xc obj/fonts.o
 .text._ZNK12_GLOBAL__N_124font_OSD_Charset_52_type8get_sizeEv
                0x0800fd90        0xc obj/fonts.o
 .text._ZNK12_GLOBAL__N_124font_OSD_Charset_53_type8get_dataEv
                0x0800fd9c        0xc obj/fonts.o
 .text._ZNK12_GLOBAL__N_124font_OSD_Charset_53_type8get_sizeEv
                0x0800fda8        0xc obj/fonts.o
 .text._ZNK12_GLOBAL__N_124font_OSD_Charset_54_type8get_dataEv
                0x0800fdb4        0xc obj/fonts.o
 .text._ZNK12_GLOBAL__N_124font_OSD_Charset_54_type8get_sizeEv
                0x0800fdc0        0xc obj/fonts.o
 .text._ZNK12_GLOBAL__N_124font_OSD_Charset_55_type8get_dataEv
                0x0800fdcc        0xc obj/fonts.o
 .text._ZNK12_GLOBAL__N_124font_OSD_Charset_55_type8get_sizeEv
                0x0800fdd8        0xc obj/fonts.o
 .text._ZNK12_GLOBAL__N_124font_OSD_Charset_56_type8get_dataEv
                0x0800fde4        0xc obj/fonts.o
 .text._ZNK12_GLOBAL__N_124font_OSD_Charset_56_type8get_sizeEv
                0x0800fdf0        0xc obj/fonts.o
 .text._ZNK12_GLOBAL__N_124font_OSD_Charset_57_type8get_dataEv
                0x0800fdfc        0xc obj/fonts.o
 .text._ZNK12_GLOBAL__N_124font_OSD_Charset_57_type8get_sizeEv
                0x0800fe08        0xc obj/fonts.o
 .text._ZNK12_GLOBAL__N_124font_OSD_Charset_58_type8get_dataEv
                0x0800fe14        0xc obj/fonts.o
 .text._ZNK12_GLOBAL__N_124font_OSD_Charset_58_type8get_sizeEv
                0x0800fe20        0xc obj/fonts.o
 .text._ZNK12_GLOBAL__N_124font_OSD_Charset_59_type8get_dataEv
                0x0800fe2c        0xc obj/fonts.o
 .text._ZNK12_GLOBAL__N_124font_OSD_Charset_59_type8get_sizeEv
                0x0800fe38        0xc obj/fonts.o
 .text._ZNK12_GLOBAL__N_124font_OSD_Charset_60_type8get_dataEv
                0x0800fe44        0xc obj/fonts.o
 .text._ZNK12_GLOBAL__N_124font_OSD_Charset_60_type8get_sizeEv
                0x0800fe50        0xc obj/fonts.o
 .text._ZNK12_GLOBAL__N_124font_OSD_Charset_61_type8get_dataEv
                0x0800fe5c        0xc obj/fonts.o
 .text._ZNK12_GLOBAL__N_124font_OSD_Charset_61_type8get_sizeEv
                0x0800fe68        0xc obj/fonts.o
 .text._ZNK12_GLOBAL__N_124font_OSD_Charset_62_type8get_dataEv
                0x0800fe74        0xc obj/fonts.o
 .text._ZNK12_GLOBAL__N_124font_OSD_Charset_62_type8get_sizeEv
                0x0800fe80        0xc obj/fonts.o
 .text._ZNK12_GLOBAL__N_124font_OSD_Charset_63_type8get_dataEv
                0x0800fe8c        0xc obj/fonts.o
 .text._ZNK12_GLOBAL__N_124font_OSD_Charset_63_type8get_sizeEv
                0x0800fe98        0xc obj/fonts.o
 .text._ZNK12_GLOBAL__N_124font_OSD_Charset_64_type8get_dataEv
                0x0800fea4        0xc obj/fonts.o
 .text._ZNK12_GLOBAL__N_124font_OSD_Charset_64_type8get_sizeEv
                0x0800feb0        0xc obj/fonts.o
 .text._ZNK12_GLOBAL__N_124font_OSD_Charset_65_type8get_dataEv
                0x0800febc        0xc obj/fonts.o
 .text._ZNK12_GLOBAL__N_124font_OSD_Charset_65_type8get_sizeEv
                0x0800fec8        0xc obj/fonts.o
 .text._ZNK12_GLOBAL__N_124font_OSD_Charset_66_type8get_dataEv
                0x0800fed4        0xc obj/fonts.o
 .text._ZNK12_GLOBAL__N_124font_OSD_Charset_66_type8get_sizeEv
                0x0800fee0        0xc obj/fonts.o
 .text._ZNK12_GLOBAL__N_124font_OSD_Charset_67_type8get_dataEv
                0x0800feec        0xc obj/fonts.o
 .text._ZNK12_GLOBAL__N_124font_OSD_Charset_67_type8get_sizeEv
                0x0800fef8        0xc obj/fonts.o
 .text._ZNK12_GLOBAL__N_124font_OSD_Charset_68_type8get_dataEv
                0x0800ff04        0xc obj/fonts.o
 .text._ZNK12_GLOBAL__N_124font_OSD_Charset_68_type8get_sizeEv
                0x0800ff10        0xc obj/fonts.o
 .text._ZNK12_GLOBAL__N_124font_OSD_Charset_69_type8get_dataEv
                0x0800ff1c        0xc obj/fonts.o
 .text._ZNK12_GLOBAL__N_124font_OSD_Charset_69_type8get_sizeEv
                0x0800ff28        0xc obj/fonts.o
 .text._ZNK12_GLOBAL__N_124font_OSD_Charset_70_type8get_dataEv
                0x0800ff34        0xc obj/fonts.o
 .text._ZNK12_GLOBAL__N_124font_OSD_Charset_70_type8get_sizeEv
                0x0800ff40        0xc obj/fonts.o
 .text._ZNK12_GLOBAL__N_124font_OSD_Charset_71_type8get_dataEv
                0x0800ff4c        0xc obj/fonts.o
 .text._ZNK12_GLOBAL__N_124font_OSD_Charset_71_type8get_sizeEv
                0x0800ff58        0xc obj/fonts.o
 .text._ZNK12_GLOBAL__N_124font_OSD_Charset_72_type8get_dataEv
                0x0800ff64        0xc obj/fonts.o
 .text._ZNK12_GLOBAL__N_124font_OSD_Charset_72_type8get_sizeEv
                0x0800ff70        0xc obj/fonts.o
 .text._ZNK12_GLOBAL__N_124font_OSD_Charset_73_type8get_dataEv
                0x0800ff7c        0xc obj/fonts.o
 .text._ZNK12_GLOBAL__N_124font_OSD_Charset_73_type8get_sizeEv
                0x0800ff88        0xc obj/fonts.o
 .text._ZNK12_GLOBAL__N_124font_OSD_Charset_74_type8get_dataEv
                0x0800ff94        0xc obj/fonts.o
 .text._ZNK12_GLOBAL__N_124font_OSD_Charset_74_type8get_sizeEv
                0x0800ffa0        0xc obj/fonts.o
 .text._ZNK12_GLOBAL__N_124font_OSD_Charset_75_type8get_dataEv
                0x0800ffac        0xc obj/fonts.o
 .text._ZNK12_GLOBAL__N_124font_OSD_Charset_75_type8get_sizeEv
                0x0800ffb8        0xc obj/fonts.o
 .text._ZNK12_GLOBAL__N_124font_OSD_Charset_76_type8get_dataEv
                0x0800ffc4        0xc obj/fonts.o
 .text._ZNK12_GLOBAL__N_124font_OSD_Charset_76_type8get_sizeEv
                0x0800ffd0        0xc obj/fonts.o
 .text._ZNK12_GLOBAL__N_124font_OSD_Charset_77_type8get_dataEv
                0x0800ffdc        0xc obj/fonts.o
 .text._ZNK12_GLOBAL__N_124font_OSD_Charset_77_type8get_sizeEv
                0x0800ffe8        0xc obj/fonts.o
 .text._ZNK12_GLOBAL__N_124font_OSD_Charset_78_type8get_dataEv
                0x0800fff4        0xc obj/fonts.o
 .text._ZNK12_GLOBAL__N_124font_OSD_Charset_78_type8get_sizeEv
                0x08010000        0xc obj/fonts.o
 .text._ZNK12_GLOBAL__N_124font_OSD_Charset_79_type8get_dataEv
                0x0801000c        0xc obj/fonts.o
 .text._ZNK12_GLOBAL__N_124font_OSD_Charset_79_type8get_sizeEv
                0x08010018        0xc obj/fonts.o
 .text._ZNK12_GLOBAL__N_124font_OSD_Charset_80_type8get_dataEv
                0x08010024        0xc obj/fonts.o
 .text._ZNK12_GLOBAL__N_124font_OSD_Charset_80_type8get_sizeEv
                0x08010030        0xc obj/fonts.o
 .text._ZNK12_GLOBAL__N_124font_OSD_Charset_81_type8get_dataEv
                0x0801003c        0xc obj/fonts.o
 .text._ZNK12_GLOBAL__N_124font_OSD_Charset_81_type8get_sizeEv
                0x08010048        0xc obj/fonts.o
 .text._ZNK12_GLOBAL__N_124font_OSD_Charset_82_type8get_dataEv
                0x08010054        0xc obj/fonts.o
 .text._ZNK12_GLOBAL__N_124font_OSD_Charset_82_type8get_sizeEv
                0x08010060        0xc obj/fonts.o
 .text._ZNK12_GLOBAL__N_124font_OSD_Charset_83_type8get_dataEv
                0x0801006c        0xc obj/fonts.o
 .text._ZNK12_GLOBAL__N_124font_OSD_Charset_83_type8get_sizeEv
                0x08010078        0xc obj/fonts.o
 .text._ZNK12_GLOBAL__N_124font_OSD_Charset_84_type8get_dataEv
                0x08010084        0xc obj/fonts.o
 .text._ZNK12_GLOBAL__N_124font_OSD_Charset_84_type8get_sizeEv
                0x08010090        0xc obj/fonts.o
 .text._ZNK12_GLOBAL__N_124font_OSD_Charset_85_type8get_dataEv
                0x0801009c        0xc obj/fonts.o
 .text._ZNK12_GLOBAL__N_124font_OSD_Charset_85_type8get_sizeEv
                0x080100a8        0xc obj/fonts.o
 .text._ZNK12_GLOBAL__N_124font_OSD_Charset_86_type8get_dataEv
                0x080100b4        0xc obj/fonts.o
 .text._ZNK12_GLOBAL__N_124font_OSD_Charset_86_type8get_sizeEv
                0x080100c0        0xc obj/fonts.o
 .text._ZNK12_GLOBAL__N_124font_OSD_Charset_87_type8get_dataEv
                0x080100cc        0xc obj/fonts.o
 .text._ZNK12_GLOBAL__N_124font_OSD_Charset_87_type8get_sizeEv
                0x080100d8        0xc obj/fonts.o
 .text._ZNK12_GLOBAL__N_124font_OSD_Charset_88_type8get_dataEv
                0x080100e4        0xc obj/fonts.o
 .text._ZNK12_GLOBAL__N_124font_OSD_Charset_88_type8get_sizeEv
                0x080100f0        0xc obj/fonts.o
 .text._ZNK12_GLOBAL__N_124font_OSD_Charset_89_type8get_dataEv
                0x080100fc        0xc obj/fonts.o
 .text._ZNK12_GLOBAL__N_124font_OSD_Charset_89_type8get_sizeEv
                0x08010108        0xc obj/fonts.o
 .text._ZNK12_GLOBAL__N_124font_OSD_Charset_90_type8get_dataEv
                0x08010114        0xc obj/fonts.o
 .text._ZNK12_GLOBAL__N_124font_OSD_Charset_90_type8get_sizeEv
                0x08010120        0xc obj/fonts.o
 .text._ZNK12_GLOBAL__N_124font_OSD_Charset_91_type8get_dataEv
                0x0801012c        0xc obj/fonts.o
 .text._ZNK12_GLOBAL__N_124font_OSD_Charset_91_type8get_sizeEv
                0x08010138        0xc obj/fonts.o
 .text._ZNK12_GLOBAL__N_124font_OSD_Charset_92_type8get_dataEv
                0x08010144        0xc obj/fonts.o
 .text._ZNK12_GLOBAL__N_124font_OSD_Charset_92_type8get_sizeEv
                0x08010150        0xc obj/fonts.o
 .text._ZNK12_GLOBAL__N_124font_OSD_Charset_93_type8get_dataEv
                0x0801015c        0xc obj/fonts.o
 .text._ZNK12_GLOBAL__N_124font_OSD_Charset_93_type8get_sizeEv
                0x08010168        0xc obj/fonts.o
 .text._ZNK12_GLOBAL__N_124font_OSD_Charset_94_type8get_dataEv
                0x08010174        0xc obj/fonts.o
 .text._ZNK12_GLOBAL__N_124font_OSD_Charset_94_type8get_sizeEv
                0x08010180        0xc obj/fonts.o
 .text._ZNK12_GLOBAL__N_124font_OSD_Charset_95_type8get_dataEv
                0x0801018c        0xc obj/fonts.o
 .text._ZNK12_GLOBAL__N_124font_OSD_Charset_95_type8get_sizeEv
                0x08010198        0xc obj/fonts.o
 .text._ZNK12_GLOBAL__N_124font_OSD_Charset_96_type8get_dataEv
                0x080101a4        0xc obj/fonts.o
 .text._ZNK12_GLOBAL__N_124font_OSD_Charset_96_type8get_sizeEv
                0x080101b0        0xc obj/fonts.o
 .text._ZNK12_GLOBAL__N_124font_OSD_Charset_97_type8get_dataEv
                0x080101bc        0xc obj/fonts.o
 .text._ZNK12_GLOBAL__N_124font_OSD_Charset_97_type8get_sizeEv
                0x080101c8        0xc obj/fonts.o
 .text._ZNK12_GLOBAL__N_124font_OSD_Charset_98_type8get_dataEv
                0x080101d4        0xc obj/fonts.o
 .text._ZNK12_GLOBAL__N_124font_OSD_Charset_98_type8get_sizeEv
                0x080101e0        0xc obj/fonts.o
 .text._ZNK12_GLOBAL__N_124font_OSD_Charset_99_type8get_dataEv
                0x080101ec        0xc obj/fonts.o
 .text._ZNK12_GLOBAL__N_124font_OSD_Charset_99_type8get_sizeEv
                0x080101f8        0xc obj/fonts.o
 .text._ZNK12_GLOBAL__N_125font_OSD_Charset_100_type8get_dataEv
                0x08010204        0xc obj/fonts.o
 .text._ZNK12_GLOBAL__N_125font_OSD_Charset_100_type8get_sizeEv
                0x08010210        0xc obj/fonts.o
 .text._ZNK12_GLOBAL__N_125font_OSD_Charset_101_type8get_dataEv
                0x0801021c        0xc obj/fonts.o
 .text._ZNK12_GLOBAL__N_125font_OSD_Charset_101_type8get_sizeEv
                0x08010228        0xc obj/fonts.o
 .text._ZNK12_GLOBAL__N_125font_OSD_Charset_102_type8get_dataEv
                0x08010234        0xc obj/fonts.o
 .text._ZNK12_GLOBAL__N_125font_OSD_Charset_102_type8get_sizeEv
                0x08010240        0xc obj/fonts.o
 .text._ZNK12_GLOBAL__N_125font_OSD_Charset_103_type8get_dataEv
                0x0801024c        0xc obj/fonts.o
 .text._ZNK12_GLOBAL__N_125font_OSD_Charset_103_type8get_sizeEv
                0x08010258        0xc obj/fonts.o
 .text._ZNK12_GLOBAL__N_125font_OSD_Charset_104_type8get_dataEv
                0x08010264        0xc obj/fonts.o
 .text._ZNK12_GLOBAL__N_125font_OSD_Charset_104_type8get_sizeEv
                0x08010270        0xc obj/fonts.o
 .text._ZNK12_GLOBAL__N_125font_OSD_Charset_105_type8get_dataEv
                0x0801027c        0xc obj/fonts.o
 .text._ZNK12_GLOBAL__N_125font_OSD_Charset_105_type8get_sizeEv
                0x08010288        0xc obj/fonts.o
 .text._ZNK12_GLOBAL__N_125font_OSD_Charset_106_type8get_dataEv
                0x08010294        0xc obj/fonts.o
 .text._ZNK12_GLOBAL__N_125font_OSD_Charset_106_type8get_sizeEv
                0x080102a0        0xc obj/fonts.o
 .text._ZNK12_GLOBAL__N_125font_OSD_Charset_107_type8get_dataEv
                0x080102ac        0xc obj/fonts.o
 .text._ZNK12_GLOBAL__N_125font_OSD_Charset_107_type8get_sizeEv
                0x080102b8        0xc obj/fonts.o
 .text._ZNK12_GLOBAL__N_125font_OSD_Charset_108_type8get_dataEv
                0x080102c4        0xc obj/fonts.o
 .text._ZNK12_GLOBAL__N_125font_OSD_Charset_108_type8get_sizeEv
                0x080102d0        0xc obj/fonts.o
 .text._ZNK12_GLOBAL__N_125font_OSD_Charset_109_type8get_dataEv
                0x080102dc        0xc obj/fonts.o
 .text._ZNK12_GLOBAL__N_125font_OSD_Charset_109_type8get_sizeEv
                0x080102e8        0xc obj/fonts.o
 .text._ZNK12_GLOBAL__N_125font_OSD_Charset_110_type8get_dataEv
                0x080102f4        0xc obj/fonts.o
 .text._ZNK12_GLOBAL__N_125font_OSD_Charset_110_type8get_sizeEv
                0x08010300        0xc obj/fonts.o
 .text._ZNK12_GLOBAL__N_125font_OSD_Charset_111_type8get_dataEv
                0x0801030c        0xc obj/fonts.o
 .text._ZNK12_GLOBAL__N_125font_OSD_Charset_111_type8get_sizeEv
                0x08010318        0xc obj/fonts.o
 .text._ZNK12_GLOBAL__N_125font_OSD_Charset_112_type8get_dataEv
                0x08010324        0xc obj/fonts.o
 .text._ZNK12_GLOBAL__N_125font_OSD_Charset_112_type8get_sizeEv
                0x08010330        0xc obj/fonts.o
 .text._ZNK12_GLOBAL__N_125font_OSD_Charset_113_type8get_dataEv
                0x0801033c        0xc obj/fonts.o
 .text._ZNK12_GLOBAL__N_125font_OSD_Charset_113_type8get_sizeEv
                0x08010348        0xc obj/fonts.o
 .text._ZNK12_GLOBAL__N_125font_OSD_Charset_114_type8get_dataEv
                0x08010354        0xc obj/fonts.o
 .text._ZNK12_GLOBAL__N_125font_OSD_Charset_114_type8get_sizeEv
                0x08010360        0xc obj/fonts.o
 .text._ZNK12_GLOBAL__N_125font_OSD_Charset_115_type8get_dataEv
                0x0801036c        0xc obj/fonts.o
 .text._ZNK12_GLOBAL__N_125font_OSD_Charset_115_type8get_sizeEv
                0x08010378        0xc obj/fonts.o
 .text._ZNK12_GLOBAL__N_125font_OSD_Charset_116_type8get_dataEv
                0x08010384        0xc obj/fonts.o
 .text._ZNK12_GLOBAL__N_125font_OSD_Charset_116_type8get_sizeEv
                0x08010390        0xc obj/fonts.o
 .text._ZNK12_GLOBAL__N_125font_OSD_Charset_117_type8get_dataEv
                0x0801039c        0xc obj/fonts.o
 .text._ZNK12_GLOBAL__N_125font_OSD_Charset_117_type8get_sizeEv
                0x080103a8        0xc obj/fonts.o
 .text._ZNK12_GLOBAL__N_125font_OSD_Charset_118_type8get_dataEv
                0x080103b4        0xc obj/fonts.o
 .text._ZNK12_GLOBAL__N_125font_OSD_Charset_118_type8get_sizeEv
                0x080103c0        0xc obj/fonts.o
 .text._ZNK12_GLOBAL__N_125font_OSD_Charset_119_type8get_dataEv
                0x080103cc        0xc obj/fonts.o
 .text._ZNK12_GLOBAL__N_125font_OSD_Charset_119_type8get_sizeEv
                0x080103d8        0xc obj/fonts.o
 .text._ZNK12_GLOBAL__N_125font_OSD_Charset_120_type8get_dataEv
                0x080103e4        0xc obj/fonts.o
 .text._ZNK12_GLOBAL__N_125font_OSD_Charset_120_type8get_sizeEv
                0x080103f0        0xc obj/fonts.o
 .text._ZNK12_GLOBAL__N_125font_OSD_Charset_121_type8get_dataEv
                0x080103fc        0xc obj/fonts.o
 .text._ZNK12_GLOBAL__N_125font_OSD_Charset_121_type8get_sizeEv
                0x08010408        0xc obj/fonts.o
 .text._ZNK12_GLOBAL__N_125font_OSD_Charset_122_type8get_dataEv
                0x08010414        0xc obj/fonts.o
 .text._ZNK12_GLOBAL__N_125font_OSD_Charset_122_type8get_sizeEv
                0x08010420        0xc obj/fonts.o
 .text._ZNK12_GLOBAL__N_125font_OSD_Charset_123_type8get_dataEv
                0x0801042c        0xc obj/fonts.o
 .text._ZNK12_GLOBAL__N_125font_OSD_Charset_123_type8get_sizeEv
                0x08010438        0xc obj/fonts.o
 .text._ZNK12_GLOBAL__N_125font_OSD_Charset_124_type8get_dataEv
                0x08010444        0xc obj/fonts.o
 .text._ZNK12_GLOBAL__N_125font_OSD_Charset_124_type8get_sizeEv
                0x08010450        0xc obj/fonts.o
 .text._ZNK12_GLOBAL__N_125font_OSD_Charset_125_type8get_dataEv
                0x0801045c        0xc obj/fonts.o
 .text._ZNK12_GLOBAL__N_125font_OSD_Charset_125_type8get_sizeEv
                0x08010468        0xc obj/fonts.o
 .text._ZNK12_GLOBAL__N_125font_OSD_Charset_126_type8get_dataEv
                0x08010474        0xc obj/fonts.o
 .text._ZNK12_GLOBAL__N_125font_OSD_Charset_126_type8get_sizeEv
                0x08010480        0xc obj/fonts.o
 .text._ZNK12_GLOBAL__N_121font_OSD_Charset_type9get_beginEv
                0x0801048c        0x4 obj/fonts.o
 .text._ZNK12_GLOBAL__N_121font_OSD_Charset_type15get_char_heightEv
                0x08010490        0x4 obj/fonts.o
 .text._ZNK12_GLOBAL__N_121font_OSD_Charset_type14get_char_widthEv
                0x08010494        0x4 obj/fonts.o
 .text._ZNK12_GLOBAL__N_121font_OSD_Charset_type16get_num_elementsEv
                0x08010498        0x4 obj/fonts.o
 .text._ZNK12_GLOBAL__N_121font_OSD_Charset_type11get_char_atEl
                0x0801049c       0x20 obj/fonts.o
 .text._ZNK12_GLOBAL__N_118font_MWOSD_32_type8get_dataEv
                0x080104bc        0xc obj/fonts.o
 .text._ZNK12_GLOBAL__N_118font_MWOSD_32_type8get_sizeEv
                0x080104c8        0xc obj/fonts.o
 .text._ZNK12_GLOBAL__N_118font_MWOSD_33_type8get_dataEv
                0x080104d4        0xc obj/fonts.o
 .text._ZNK12_GLOBAL__N_118font_MWOSD_33_type8get_sizeEv
                0x080104e0        0xc obj/fonts.o
 .text._ZNK12_GLOBAL__N_118font_MWOSD_34_type8get_dataEv
                0x080104ec        0xc obj/fonts.o
 .text._ZNK12_GLOBAL__N_118font_MWOSD_34_type8get_sizeEv
                0x080104f8        0xc obj/fonts.o
 .text._ZNK12_GLOBAL__N_118font_MWOSD_35_type8get_dataEv
                0x08010504        0xc obj/fonts.o
 .text._ZNK12_GLOBAL__N_118font_MWOSD_35_type8get_sizeEv
                0x08010510        0xc obj/fonts.o
 .text._ZNK12_GLOBAL__N_118font_MWOSD_36_type8get_dataEv
                0x0801051c        0xc obj/fonts.o
 .text._ZNK12_GLOBAL__N_118font_MWOSD_36_type8get_sizeEv
                0x08010528        0xc obj/fonts.o
 .text._ZNK12_GLOBAL__N_118font_MWOSD_37_type8get_dataEv
                0x08010534        0xc obj/fonts.o
 .text._ZNK12_GLOBAL__N_118font_MWOSD_37_type8get_sizeEv
                0x08010540        0xc obj/fonts.o
 .text._ZNK12_GLOBAL__N_118font_MWOSD_38_type8get_dataEv
                0x0801054c        0xc obj/fonts.o
 .text._ZNK12_GLOBAL__N_118font_MWOSD_38_type8get_sizeEv
                0x08010558        0xc obj/fonts.o
 .text._ZNK12_GLOBAL__N_118font_MWOSD_39_type8get_dataEv
                0x08010564        0xc obj/fonts.o
 .text._ZNK12_GLOBAL__N_118font_MWOSD_39_type8get_sizeEv
                0x08010570        0xc obj/fonts.o
 .text._ZNK12_GLOBAL__N_118font_MWOSD_40_type8get_dataEv
                0x0801057c        0xc obj/fonts.o
 .text._ZNK12_GLOBAL__N_118font_MWOSD_40_type8get_sizeEv
                0x08010588        0xc obj/fonts.o
 .text._ZNK12_GLOBAL__N_118font_MWOSD_41_type8get_dataEv
                0x08010594        0xc obj/fonts.o
 .text._ZNK12_GLOBAL__N_118font_MWOSD_41_type8get_sizeEv
                0x080105a0        0xc obj/fonts.o
 .text._ZNK12_GLOBAL__N_118font_MWOSD_42_type8get_dataEv
                0x080105ac        0xc obj/fonts.o
 .text._ZNK12_GLOBAL__N_118font_MWOSD_42_type8get_sizeEv
                0x080105b8        0xc obj/fonts.o
 .text._ZNK12_GLOBAL__N_118font_MWOSD_43_type8get_dataEv
                0x080105c4        0xc obj/fonts.o
 .text._ZNK12_GLOBAL__N_118font_MWOSD_43_type8get_sizeEv
                0x080105d0        0xc obj/fonts.o
 .text._ZNK12_GLOBAL__N_118font_MWOSD_44_type8get_dataEv
                0x080105dc        0xc obj/fonts.o
 .text._ZNK12_GLOBAL__N_118font_MWOSD_44_type8get_sizeEv
                0x080105e8        0xc obj/fonts.o
 .text._ZNK12_GLOBAL__N_118font_MWOSD_45_type8get_dataEv
                0x080105f4        0xc obj/fonts.o
 .text._ZNK12_GLOBAL__N_118font_MWOSD_45_type8get_sizeEv
                0x08010600        0xc obj/fonts.o
 .text._ZNK12_GLOBAL__N_118font_MWOSD_46_type8get_dataEv
                0x0801060c        0xc obj/fonts.o
 .text._ZNK12_GLOBAL__N_118font_MWOSD_46_type8get_sizeEv
                0x08010618        0xc obj/fonts.o
 .text._ZNK12_GLOBAL__N_118font_MWOSD_47_type8get_dataEv
                0x08010624        0xc obj/fonts.o
 .text._ZNK12_GLOBAL__N_118font_MWOSD_47_type8get_sizeEv
                0x08010630        0xc obj/fonts.o
 .text._ZNK12_GLOBAL__N_118font_MWOSD_48_type8get_dataEv
                0x0801063c        0xc obj/fonts.o
 .text._ZNK12_GLOBAL__N_118font_MWOSD_48_type8get_sizeEv
                0x08010648        0xc obj/fonts.o
 .text._ZNK12_GLOBAL__N_118font_MWOSD_49_type8get_dataEv
                0x08010654        0xc obj/fonts.o
 .text._ZNK12_GLOBAL__N_118font_MWOSD_49_type8get_sizeEv
                0x08010660        0xc obj/fonts.o
 .text._ZNK12_GLOBAL__N_118font_MWOSD_50_type8get_dataEv
                0x0801066c        0xc obj/fonts.o
 .text._ZNK12_GLOBAL__N_118font_MWOSD_50_type8get_sizeEv
                0x08010678        0xc obj/fonts.o
 .text._ZNK12_GLOBAL__N_118font_MWOSD_51_type8get_dataEv
                0x08010684        0xc obj/fonts.o
 .text._ZNK12_GLOBAL__N_118font_MWOSD_51_type8get_sizeEv
                0x08010690        0xc obj/fonts.o
 .text._ZNK12_GLOBAL__N_118font_MWOSD_52_type8get_dataEv
                0x0801069c        0xc obj/fonts.o
 .text._ZNK12_GLOBAL__N_118font_MWOSD_52_type8get_sizeEv
                0x080106a8        0xc obj/fonts.o
 .text._ZNK12_GLOBAL__N_118font_MWOSD_53_type8get_dataEv
                0x080106b4        0xc obj/fonts.o
 .text._ZNK12_GLOBAL__N_118font_MWOSD_53_type8get_sizeEv
                0x080106c0        0xc obj/fonts.o
 .text._ZNK12_GLOBAL__N_118font_MWOSD_54_type8get_dataEv
                0x080106cc        0xc obj/fonts.o
 .text._ZNK12_GLOBAL__N_118font_MWOSD_54_type8get_sizeEv
                0x080106d8        0xc obj/fonts.o
 .text._ZNK12_GLOBAL__N_118font_MWOSD_55_type8get_dataEv
                0x080106e4        0xc obj/fonts.o
 .text._ZNK12_GLOBAL__N_118font_MWOSD_55_type8get_sizeEv
                0x080106f0        0xc obj/fonts.o
 .text._ZNK12_GLOBAL__N_118font_MWOSD_56_type8get_dataEv
                0x080106fc        0xc obj/fonts.o
 .text._ZNK12_GLOBAL__N_118font_MWOSD_56_type8get_sizeEv
                0x08010708        0xc obj/fonts.o
 .text._ZNK12_GLOBAL__N_118font_MWOSD_57_type8get_dataEv
                0x08010714        0xc obj/fonts.o
 .text._ZNK12_GLOBAL__N_118font_MWOSD_57_type8get_sizeEv
                0x08010720        0xc obj/fonts.o
 .text._ZNK12_GLOBAL__N_118font_MWOSD_58_type8get_dataEv
                0x0801072c        0xc obj/fonts.o
 .text._ZNK12_GLOBAL__N_118font_MWOSD_58_type8get_sizeEv
                0x08010738        0xc obj/fonts.o
 .text._ZNK12_GLOBAL__N_118font_MWOSD_59_type8get_dataEv
                0x08010744        0xc obj/fonts.o
 .text._ZNK12_GLOBAL__N_118font_MWOSD_59_type8get_sizeEv
                0x08010750        0xc obj/fonts.o
 .text._ZNK12_GLOBAL__N_118font_MWOSD_60_type8get_dataEv
                0x0801075c        0xc obj/fonts.o
 .text._ZNK12_GLOBAL__N_118font_MWOSD_60_type8get_sizeEv
                0x08010768        0xc obj/fonts.o
 .text._ZNK12_GLOBAL__N_118font_MWOSD_61_type8get_dataEv
                0x08010774        0xc obj/fonts.o
 .text._ZNK12_GLOBAL__N_118font_MWOSD_61_type8get_sizeEv
                0x08010780        0xc obj/fonts.o
 .text._ZNK12_GLOBAL__N_118font_MWOSD_62_type8get_dataEv
                0x0801078c        0xc obj/fonts.o
 .text._ZNK12_GLOBAL__N_118font_MWOSD_62_type8get_sizeEv
                0x08010798        0xc obj/fonts.o
 .text._ZNK12_GLOBAL__N_118font_MWOSD_63_type8get_dataEv
                0x080107a4        0xc obj/fonts.o
 .text._ZNK12_GLOBAL__N_118font_MWOSD_63_type8get_sizeEv
                0x080107b0        0xc obj/fonts.o
 .text._ZNK12_GLOBAL__N_118font_MWOSD_64_type8get_dataEv
                0x080107bc        0xc obj/fonts.o
 .text._ZNK12_GLOBAL__N_118font_MWOSD_64_type8get_sizeEv
                0x080107c8        0xc obj/fonts.o
 .text._ZNK12_GLOBAL__N_118font_MWOSD_65_type8get_dataEv
                0x080107d4        0xc obj/fonts.o
 .text._ZNK12_GLOBAL__N_118font_MWOSD_65_type8get_sizeEv
                0x080107e0        0xc obj/fonts.o
 .text._ZNK12_GLOBAL__N_118font_MWOSD_66_type8get_dataEv
                0x080107ec        0xc obj/fonts.o
 .text._ZNK12_GLOBAL__N_118font_MWOSD_66_type8get_sizeEv
                0x080107f8        0xc obj/fonts.o
 .text._ZNK12_GLOBAL__N_118font_MWOSD_67_type8get_dataEv
                0x08010804        0xc obj/fonts.o
 .text._ZNK12_GLOBAL__N_118font_MWOSD_67_type8get_sizeEv
                0x08010810        0xc obj/fonts.o
 .text._ZNK12_GLOBAL__N_118font_MWOSD_68_type8get_dataEv
                0x0801081c        0xc obj/fonts.o
 .text._ZNK12_GLOBAL__N_118font_MWOSD_68_type8get_sizeEv
                0x08010828        0xc obj/fonts.o
 .text._ZNK12_GLOBAL__N_118font_MWOSD_69_type8get_dataEv
                0x08010834        0xc obj/fonts.o
 .text._ZNK12_GLOBAL__N_118font_MWOSD_69_type8get_sizeEv
                0x08010840        0xc obj/fonts.o
 .text._ZNK12_GLOBAL__N_118font_MWOSD_70_type8get_dataEv
                0x0801084c        0xc obj/fonts.o
 .text._ZNK12_GLOBAL__N_118font_MWOSD_70_type8get_sizeEv
                0x08010858        0xc obj/fonts.o
 .text._ZNK12_GLOBAL__N_118font_MWOSD_71_type8get_dataEv
                0x08010864        0xc obj/fonts.o
 .text._ZNK12_GLOBAL__N_118font_MWOSD_71_type8get_sizeEv
                0x08010870        0xc obj/fonts.o
 .text._ZNK12_GLOBAL__N_118font_MWOSD_72_type8get_dataEv
                0x0801087c        0xc obj/fonts.o
 .text._ZNK12_GLOBAL__N_118font_MWOSD_72_type8get_sizeEv
                0x08010888        0xc obj/fonts.o
 .text._ZNK12_GLOBAL__N_118font_MWOSD_73_type8get_dataEv
                0x08010894        0xc obj/fonts.o
 .text._ZNK12_GLOBAL__N_118font_MWOSD_73_type8get_sizeEv
                0x080108a0        0xc obj/fonts.o
 .text._ZNK12_GLOBAL__N_118font_MWOSD_74_type8get_dataEv
                0x080108ac        0xc obj/fonts.o
 .text._ZNK12_GLOBAL__N_118font_MWOSD_74_type8get_sizeEv
                0x080108b8        0xc obj/fonts.o
 .text._ZNK12_GLOBAL__N_118font_MWOSD_75_type8get_dataEv
                0x080108c4        0xc obj/fonts.o
 .text._ZNK12_GLOBAL__N_118font_MWOSD_75_type8get_sizeEv
                0x080108d0        0xc obj/fonts.o
 .text._ZNK12_GLOBAL__N_118font_MWOSD_76_type8get_dataEv
                0x080108dc        0xc obj/fonts.o
 .text._ZNK12_GLOBAL__N_118font_MWOSD_76_type8get_sizeEv
                0x080108e8        0xc obj/fonts.o
 .text._ZNK12_GLOBAL__N_118font_MWOSD_77_type8get_dataEv
                0x080108f4        0xc obj/fonts.o
 .text._ZNK12_GLOBAL__N_118font_MWOSD_77_type8get_sizeEv
                0x08010900        0xc obj/fonts.o
 .text._ZNK12_GLOBAL__N_118font_MWOSD_78_type8get_dataEv
                0x0801090c        0xc obj/fonts.o
 .text._ZNK12_GLOBAL__N_118font_MWOSD_78_type8get_sizeEv
                0x08010918        0xc obj/fonts.o
 .text._ZNK12_GLOBAL__N_118font_MWOSD_79_type8get_dataEv
                0x08010924        0xc obj/fonts.o
 .text._ZNK12_GLOBAL__N_118font_MWOSD_79_type8get_sizeEv
                0x08010930        0xc obj/fonts.o
 .text._ZNK12_GLOBAL__N_118font_MWOSD_80_type8get_dataEv
                0x0801093c        0xc obj/fonts.o
 .text._ZNK12_GLOBAL__N_118font_MWOSD_80_type8get_sizeEv
                0x08010948        0xc obj/fonts.o
 .text._ZNK12_GLOBAL__N_118font_MWOSD_81_type8get_dataEv
                0x08010954        0xc obj/fonts.o
 .text._ZNK12_GLOBAL__N_118font_MWOSD_81_type8get_sizeEv
                0x08010960        0xc obj/fonts.o
 .text._ZNK12_GLOBAL__N_118font_MWOSD_82_type8get_dataEv
                0x0801096c        0xc obj/fonts.o
 .text._ZNK12_GLOBAL__N_118font_MWOSD_82_type8get_sizeEv
                0x08010978        0xc obj/fonts.o
 .text._ZNK12_GLOBAL__N_118font_MWOSD_83_type8get_dataEv
                0x08010984        0xc obj/fonts.o
 .text._ZNK12_GLOBAL__N_118font_MWOSD_83_type8get_sizeEv
                0x08010990        0xc obj/fonts.o
 .text._ZNK12_GLOBAL__N_118font_MWOSD_84_type8get_dataEv
                0x0801099c        0xc obj/fonts.o
 .text._ZNK12_GLOBAL__N_118font_MWOSD_84_type8get_sizeEv
                0x080109a8        0xc obj/fonts.o
 .text._ZNK12_GLOBAL__N_118font_MWOSD_85_type8get_dataEv
                0x080109b4        0xc obj/fonts.o
 .text._ZNK12_GLOBAL__N_118font_MWOSD_85_type8get_sizeEv
                0x080109c0        0xc obj/fonts.o
 .text._ZNK12_GLOBAL__N_118font_MWOSD_86_type8get_dataEv
                0x080109cc        0xc obj/fonts.o
 .text._ZNK12_GLOBAL__N_118font_MWOSD_86_type8get_sizeEv
                0x080109d8        0xc obj/fonts.o
 .text._ZNK12_GLOBAL__N_118font_MWOSD_87_type8get_dataEv
                0x080109e4        0xc obj/fonts.o
 .text._ZNK12_GLOBAL__N_118font_MWOSD_87_type8get_sizeEv
                0x080109f0        0xc obj/fonts.o
 .text._ZNK12_GLOBAL__N_118font_MWOSD_88_type8get_dataEv
                0x080109fc        0xc obj/fonts.o
 .text._ZNK12_GLOBAL__N_118font_MWOSD_88_type8get_sizeEv
                0x08010a08        0xc obj/fonts.o
 .text._ZNK12_GLOBAL__N_118font_MWOSD_89_type8get_dataEv
                0x08010a14        0xc obj/fonts.o
 .text._ZNK12_GLOBAL__N_118font_MWOSD_89_type8get_sizeEv
                0x08010a20        0xc obj/fonts.o
 .text._ZNK12_GLOBAL__N_118font_MWOSD_90_type8get_dataEv
                0x08010a2c        0xc obj/fonts.o
 .text._ZNK12_GLOBAL__N_118font_MWOSD_90_type8get_sizeEv
                0x08010a38        0xc obj/fonts.o
 .text._ZNK12_GLOBAL__N_118font_MWOSD_91_type8get_dataEv
                0x08010a44        0xc obj/fonts.o
 .text._ZNK12_GLOBAL__N_118font_MWOSD_91_type8get_sizeEv
                0x08010a50        0xc obj/fonts.o
 .text._ZNK12_GLOBAL__N_118font_MWOSD_92_type8get_dataEv
                0x08010a5c        0xc obj/fonts.o
 .text._ZNK12_GLOBAL__N_118font_MWOSD_92_type8get_sizeEv
                0x08010a68        0xc obj/fonts.o
 .text._ZNK12_GLOBAL__N_118font_MWOSD_93_type8get_dataEv
                0x08010a74        0xc obj/fonts.o
 .text._ZNK12_GLOBAL__N_118font_MWOSD_93_type8get_sizeEv
                0x08010a80        0xc obj/fonts.o
 .text._ZNK12_GLOBAL__N_118font_MWOSD_94_type8get_dataEv
                0x08010a8c        0xc obj/fonts.o
 .text._ZNK12_GLOBAL__N_118font_MWOSD_94_type8get_sizeEv
                0x08010a98        0xc obj/fonts.o
 .text._ZNK12_GLOBAL__N_118font_MWOSD_95_type8get_dataEv
                0x08010aa4        0xc obj/fonts.o
 .text._ZNK12_GLOBAL__N_118font_MWOSD_95_type8get_sizeEv
                0x08010ab0        0xc obj/fonts.o
 .text._ZNK12_GLOBAL__N_118font_MWOSD_96_type8get_dataEv
                0x08010abc        0xc obj/fonts.o
 .text._ZNK12_GLOBAL__N_118font_MWOSD_96_type8get_sizeEv
                0x08010ac8        0xc obj/fonts.o
 .text._ZNK12_GLOBAL__N_118font_MWOSD_97_type8get_dataEv
                0x08010ad4        0xc obj/fonts.o
 .text._ZNK12_GLOBAL__N_118font_MWOSD_97_type8get_sizeEv
                0x08010ae0        0xc obj/fonts.o
 .text._ZNK12_GLOBAL__N_118font_MWOSD_98_type8get_dataEv
                0x08010aec        0xc obj/fonts.o
 .text._ZNK12_GLOBAL__N_118font_MWOSD_98_type8get_sizeEv
                0x08010af8        0xc obj/fonts.o
 .text._ZNK12_GLOBAL__N_118font_MWOSD_99_type8get_dataEv
                0x08010b04        0xc obj/fonts.o
 .text._ZNK12_GLOBAL__N_118font_MWOSD_99_type8get_sizeEv
                0x08010b10        0xc obj/fonts.o
 .text._ZNK12_GLOBAL__N_119font_MWOSD_100_type8get_dataEv
                0x08010b1c        0xc obj/fonts.o
 .text._ZNK12_GLOBAL__N_119font_MWOSD_100_type8get_sizeEv
                0x08010b28        0xc obj/fonts.o
 .text._ZNK12_GLOBAL__N_119font_MWOSD_101_type8get_dataEv
                0x08010b34        0xc obj/fonts.o
 .text._ZNK12_GLOBAL__N_119font_MWOSD_101_type8get_sizeEv
                0x08010b40        0xc obj/fonts.o
 .text._ZNK12_GLOBAL__N_119font_MWOSD_102_type8get_dataEv
                0x08010b4c        0xc obj/fonts.o
 .text._ZNK12_GLOBAL__N_119font_MWOSD_102_type8get_sizeEv
                0x08010b58        0xc obj/fonts.o
 .text._ZNK12_GLOBAL__N_119font_MWOSD_103_type8get_dataEv
                0x08010b64        0xc obj/fonts.o
 .text._ZNK12_GLOBAL__N_119font_MWOSD_103_type8get_sizeEv
                0x08010b70        0xc obj/fonts.o
 .text._ZNK12_GLOBAL__N_119font_MWOSD_104_type8get_dataEv
                0x08010b7c        0xc obj/fonts.o
 .text._ZNK12_GLOBAL__N_119font_MWOSD_104_type8get_sizeEv
                0x08010b88        0xc obj/fonts.o
 .text._ZNK12_GLOBAL__N_119font_MWOSD_105_type8get_dataEv
                0x08010b94        0xc obj/fonts.o
 .text._ZNK12_GLOBAL__N_119font_MWOSD_105_type8get_sizeEv
                0x08010ba0        0xc obj/fonts.o
 .text._ZNK12_GLOBAL__N_119font_MWOSD_106_type8get_dataEv
                0x08010bac        0xc obj/fonts.o
 .text._ZNK12_GLOBAL__N_119font_MWOSD_106_type8get_sizeEv
                0x08010bb8        0xc obj/fonts.o
 .text._ZNK12_GLOBAL__N_119font_MWOSD_107_type8get_dataEv
                0x08010bc4        0xc obj/fonts.o
 .text._ZNK12_GLOBAL__N_119font_MWOSD_107_type8get_sizeEv
                0x08010bd0        0xc obj/fonts.o
 .text._ZNK12_GLOBAL__N_119font_MWOSD_108_type8get_dataEv
                0x08010bdc        0xc obj/fonts.o
 .text._ZNK12_GLOBAL__N_119font_MWOSD_108_type8get_sizeEv
                0x08010be8        0xc obj/fonts.o
 .text._ZNK12_GLOBAL__N_119font_MWOSD_109_type8get_dataEv
                0x08010bf4        0xc obj/fonts.o
 .text._ZNK12_GLOBAL__N_119font_MWOSD_109_type8get_sizeEv
                0x08010c00        0xc obj/fonts.o
 .text._ZNK12_GLOBAL__N_119font_MWOSD_110_type8get_dataEv
                0x08010c0c        0xc obj/fonts.o
 .text._ZNK12_GLOBAL__N_119font_MWOSD_110_type8get_sizeEv
                0x08010c18        0xc obj/fonts.o
 .text._ZNK12_GLOBAL__N_119font_MWOSD_111_type8get_dataEv
                0x08010c24        0xc obj/fonts.o
 .text._ZNK12_GLOBAL__N_119font_MWOSD_111_type8get_sizeEv
                0x08010c30        0xc obj/fonts.o
 .text._ZNK12_GLOBAL__N_119font_MWOSD_112_type8get_dataEv
                0x08010c3c        0xc obj/fonts.o
 .text._ZNK12_GLOBAL__N_119font_MWOSD_112_type8get_sizeEv
                0x08010c48        0xc obj/fonts.o
 .text._ZNK12_GLOBAL__N_119font_MWOSD_113_type8get_dataEv
                0x08010c54        0xc obj/fonts.o
 .text._ZNK12_GLOBAL__N_119font_MWOSD_113_type8get_sizeEv
                0x08010c60        0xc obj/fonts.o
 .text._ZNK12_GLOBAL__N_119font_MWOSD_114_type8get_dataEv
                0x08010c6c        0xc obj/fonts.o
 .text._ZNK12_GLOBAL__N_119font_MWOSD_114_type8get_sizeEv
                0x08010c78        0xc obj/fonts.o
 .text._ZNK12_GLOBAL__N_119font_MWOSD_115_type8get_dataEv
                0x08010c84        0xc obj/fonts.o
 .text._ZNK12_GLOBAL__N_119font_MWOSD_115_type8get_sizeEv
                0x08010c90        0xc obj/fonts.o
 .text._ZNK12_GLOBAL__N_119font_MWOSD_116_type8get_dataEv
                0x08010c9c        0xc obj/fonts.o
 .text._ZNK12_GLOBAL__N_119font_MWOSD_116_type8get_sizeEv
                0x08010ca8        0xc obj/fonts.o
 .text._ZNK12_GLOBAL__N_119font_MWOSD_117_type8get_dataEv
                0x08010cb4        0xc obj/fonts.o
 .text._ZNK12_GLOBAL__N_119font_MWOSD_117_type8get_sizeEv
                0x08010cc0        0xc obj/fonts.o
 .text._ZNK12_GLOBAL__N_119font_MWOSD_118_type8get_dataEv
                0x08010ccc        0xc obj/fonts.o
 .text._ZNK12_GLOBAL__N_119font_MWOSD_118_type8get_sizeEv
                0x08010cd8        0xc obj/fonts.o
 .text._ZNK12_GLOBAL__N_119font_MWOSD_119_type8get_dataEv
                0x08010ce4        0xc obj/fonts.o
 .text._ZNK12_GLOBAL__N_119font_MWOSD_119_type8get_sizeEv
                0x08010cf0        0xc obj/fonts.o
 .text._ZNK12_GLOBAL__N_119font_MWOSD_120_type8get_dataEv
                0x08010cfc        0xc obj/fonts.o
 .text._ZNK12_GLOBAL__N_119font_MWOSD_120_type8get_sizeEv
                0x08010d08        0xc obj/fonts.o
 .text._ZNK12_GLOBAL__N_119font_MWOSD_121_type8get_dataEv
                0x08010d14        0xc obj/fonts.o
 .text._ZNK12_GLOBAL__N_119font_MWOSD_121_type8get_sizeEv
                0x08010d20        0xc obj/fonts.o
 .text._ZNK12_GLOBAL__N_119font_MWOSD_122_type8get_dataEv
                0x08010d2c        0xc obj/fonts.o
 .text._ZNK12_GLOBAL__N_119font_MWOSD_122_type8get_sizeEv
                0x08010d38        0xc obj/fonts.o
 .text._ZNK12_GLOBAL__N_119font_MWOSD_123_type8get_dataEv
                0x08010d44        0xc obj/fonts.o
 .text._ZNK12_GLOBAL__N_119font_MWOSD_123_type8get_sizeEv
                0x08010d50        0xc obj/fonts.o
 .text._ZNK12_GLOBAL__N_119font_MWOSD_124_type8get_dataEv
                0x08010d5c        0xc obj/fonts.o
 .text._ZNK12_GLOBAL__N_119font_MWOSD_124_type8get_sizeEv
                0x08010d68        0xc obj/fonts.o
 .text._ZNK12_GLOBAL__N_119font_MWOSD_125_type8get_dataEv
                0x08010d74        0xc obj/fonts.o
 .text._ZNK12_GLOBAL__N_119font_MWOSD_125_type8get_sizeEv
                0x08010d80        0xc obj/fonts.o
 .text._ZNK12_GLOBAL__N_119font_MWOSD_126_type8get_dataEv
                0x08010d8c        0xc obj/fonts.o
 .text._ZNK12_GLOBAL__N_119font_MWOSD_126_type8get_sizeEv
                0x08010d98        0xc obj/fonts.o
 .text._ZNK12_GLOBAL__N_115font_MWOSD_type9get_beginEv
                0x08010da4        0x4 obj/fonts.o
 .text._ZNK12_GLOBAL__N_115font_MWOSD_type15get_char_heightEv
                0x08010da8        0x4 obj/fonts.o
 .text._ZNK12_GLOBAL__N_115font_MWOSD_type14get_char_widthEv
                0x08010dac        0x4 obj/fonts.o
 .text._ZNK12_GLOBAL__N_115font_MWOSD_type16get_num_elementsEv
                0x08010db0        0x4 obj/fonts.o
 .text._ZNK12_GLOBAL__N_115font_MWOSD_type11get_char_atEl
                0x08010db4       0x20 obj/fonts.o
 .text._ZN12_GLOBAL__N_115font_MWOSD_typeD2Ev
                0x08010dd4        0xc obj/fonts.o
 .text._ZN12_GLOBAL__N_119font_MWOSD_126_typeD2Ev
                0x08010de0        0xc obj/fonts.o
 .text._ZN12_GLOBAL__N_119font_MWOSD_125_typeD2Ev
                0x08010dec        0xc obj/fonts.o
 .text._ZN12_GLOBAL__N_119font_MWOSD_124_typeD2Ev
                0x08010df8        0xc obj/fonts.o
 .text._ZN12_GLOBAL__N_119font_MWOSD_123_typeD2Ev
                0x08010e04        0xc obj/fonts.o
 .text._ZN12_GLOBAL__N_119font_MWOSD_122_typeD2Ev
                0x08010e10        0xc obj/fonts.o
 .text._ZN12_GLOBAL__N_119font_MWOSD_121_typeD2Ev
                0x08010e1c        0xc obj/fonts.o
 .text._ZN12_GLOBAL__N_119font_MWOSD_120_typeD2Ev
                0x08010e28        0xc obj/fonts.o
 .text._ZN12_GLOBAL__N_119font_MWOSD_119_typeD2Ev
                0x08010e34        0xc obj/fonts.o
 .text._ZN12_GLOBAL__N_119font_MWOSD_118_typeD2Ev
                0x08010e40        0xc obj/fonts.o
 .text._ZN12_GLOBAL__N_119font_MWOSD_117_typeD2Ev
                0x08010e4c        0xc obj/fonts.o
 .text._ZN12_GLOBAL__N_119font_MWOSD_116_typeD2Ev
                0x08010e58        0xc obj/fonts.o
 .text._ZN12_GLOBAL__N_119font_MWOSD_115_typeD2Ev
                0x08010e64        0xc obj/fonts.o
 .text._ZN12_GLOBAL__N_119font_MWOSD_114_typeD2Ev
                0x08010e70        0xc obj/fonts.o
 .text._ZN12_GLOBAL__N_119font_MWOSD_113_typeD2Ev
                0x08010e7c        0xc obj/fonts.o
 .text._ZN12_GLOBAL__N_119font_MWOSD_112_typeD2Ev
                0x08010e88        0xc obj/fonts.o
 .text._ZN12_GLOBAL__N_119font_MWOSD_111_typeD2Ev
                0x08010e94        0xc obj/fonts.o
 .text._ZN12_GLOBAL__N_119font_MWOSD_110_typeD2Ev
                0x08010ea0        0xc obj/fonts.o
 .text._ZN12_GLOBAL__N_119font_MWOSD_109_typeD2Ev
                0x08010eac        0xc obj/fonts.o
 .text._ZN12_GLOBAL__N_119font_MWOSD_108_typeD2Ev
                0x08010eb8        0xc obj/fonts.o
 .text._ZN12_GLOBAL__N_119font_MWOSD_107_typeD2Ev
                0x08010ec4        0xc obj/fonts.o
 .text._ZN12_GLOBAL__N_119font_MWOSD_106_typeD2Ev
                0x08010ed0        0xc obj/fonts.o
 .text._ZN12_GLOBAL__N_119font_MWOSD_105_typeD2Ev
                0x08010edc        0xc obj/fonts.o
 .text._ZN12_GLOBAL__N_119font_MWOSD_104_typeD2Ev
                0x08010ee8        0xc obj/fonts.o
 .text._ZN12_GLOBAL__N_119font_MWOSD_103_typeD2Ev
                0x08010ef4        0xc obj/fonts.o
 .text._ZN12_GLOBAL__N_119font_MWOSD_102_typeD2Ev
                0x08010f00        0xc obj/fonts.o
 .text._ZN12_GLOBAL__N_119font_MWOSD_101_typeD2Ev
                0x08010f0c        0xc obj/fonts.o
 .text._ZN12_GLOBAL__N_119font_MWOSD_100_typeD2Ev
                0x08010f18        0xc obj/fonts.o
 .text._ZN12_GLOBAL__N_118font_MWOSD_99_typeD2Ev
                0x08010f24        0xc obj/fonts.o
 .text._ZN12_GLOBAL__N_118font_MWOSD_98_typeD2Ev
                0x08010f30        0xc obj/fonts.o
 .text._ZN12_GLOBAL__N_118font_MWOSD_97_typeD2Ev
                0x08010f3c        0xc obj/fonts.o
 .text._ZN12_GLOBAL__N_118font_MWOSD_96_typeD2Ev
                0x08010f48        0xc obj/fonts.o
 .text._ZN12_GLOBAL__N_118font_MWOSD_95_typeD2Ev
                0x08010f54        0xc obj/fonts.o
 .text._ZN12_GLOBAL__N_118font_MWOSD_94_typeD2Ev
                0x08010f60        0xc obj/fonts.o
 .text._ZN12_GLOBAL__N_118font_MWOSD_93_typeD2Ev
                0x08010f6c        0xc obj/fonts.o
 .text._ZN12_GLOBAL__N_118font_MWOSD_92_typeD2Ev
                0x08010f78        0xc obj/fonts.o
 .text._ZN12_GLOBAL__N_118font_MWOSD_91_typeD2Ev
                0x08010f84        0xc obj/fonts.o
 .text._ZN12_GLOBAL__N_118font_MWOSD_90_typeD2Ev
                0x08010f90        0xc obj/fonts.o
 .text._ZN12_GLOBAL__N_118font_MWOSD_89_typeD2Ev
                0x08010f9c        0xc obj/fonts.o
 .text._ZN12_GLOBAL__N_118font_MWOSD_88_typeD2Ev
                0x08010fa8        0xc obj/fonts.o
 .text._ZN12_GLOBAL__N_118font_MWOSD_87_typeD2Ev
                0x08010fb4        0xc obj/fonts.o
 .text._ZN12_GLOBAL__N_118font_MWOSD_86_typeD2Ev
                0x08010fc0        0xc obj/fonts.o
 .text._ZN12_GLOBAL__N_118font_MWOSD_85_typeD2Ev
                0x08010fcc        0xc obj/fonts.o
 .text._ZN12_GLOBAL__N_118font_MWOSD_84_typeD2Ev
                0x08010fd8        0xc obj/fonts.o
 .text._ZN12_GLOBAL__N_118font_MWOSD_83_typeD2Ev
                0x08010fe4        0xc obj/fonts.o
 .text._ZN12_GLOBAL__N_118font_MWOSD_82_typeD2Ev
                0x08010ff0        0xc obj/fonts.o
 .text._ZN12_GLOBAL__N_118font_MWOSD_81_typeD2Ev
                0x08010ffc        0xc obj/fonts.o
 .text._ZN12_GLOBAL__N_118font_MWOSD_80_typeD2Ev
                0x08011008        0xc obj/fonts.o
 .text._ZN12_GLOBAL__N_118font_MWOSD_79_typeD2Ev
                0x08011014        0xc obj/fonts.o
 .text._ZN12_GLOBAL__N_118font_MWOSD_78_typeD2Ev
                0x08011020        0xc obj/fonts.o
 .text._ZN12_GLOBAL__N_118font_MWOSD_77_typeD2Ev
                0x0801102c        0xc obj/fonts.o
 .text._ZN12_GLOBAL__N_118font_MWOSD_76_typeD2Ev
                0x08011038        0xc obj/fonts.o
 .text._ZN12_GLOBAL__N_118font_MWOSD_75_typeD2Ev
                0x08011044        0xc obj/fonts.o
 .text._ZN12_GLOBAL__N_118font_MWOSD_74_typeD2Ev
                0x08011050        0xc obj/fonts.o
 .text._ZN12_GLOBAL__N_118font_MWOSD_73_typeD2Ev
                0x0801105c        0xc obj/fonts.o
 .text._ZN12_GLOBAL__N_118font_MWOSD_72_typeD2Ev
                0x08011068        0xc obj/fonts.o
 .text._ZN12_GLOBAL__N_118font_MWOSD_71_typeD2Ev
                0x08011074        0xc obj/fonts.o
 .text._ZN12_GLOBAL__N_118font_MWOSD_70_typeD2Ev
                0x08011080        0xc obj/fonts.o
 .text._ZN12_GLOBAL__N_118font_MWOSD_69_typeD2Ev
                0x0801108c        0xc obj/fonts.o
 .text._ZN12_GLOBAL__N_118font_MWOSD_68_typeD2Ev
                0x08011098        0xc obj/fonts.o
 .text._ZN12_GLOBAL__N_118font_MWOSD_67_typeD2Ev
                0x080110a4        0xc obj/fonts.o
 .text._ZN12_GLOBAL__N_118font_MWOSD_66_typeD2Ev
                0x080110b0        0xc obj/fonts.o
 .text._ZN12_GLOBAL__N_118font_MWOSD_65_typeD2Ev
                0x080110bc        0xc obj/fonts.o
 .text._ZN12_GLOBAL__N_118font_MWOSD_64_typeD2Ev
                0x080110c8        0xc obj/fonts.o
 .text._ZN12_GLOBAL__N_118font_MWOSD_63_typeD2Ev
                0x080110d4        0xc obj/fonts.o
 .text._ZN12_GLOBAL__N_118font_MWOSD_62_typeD2Ev
                0x080110e0        0xc obj/fonts.o
 .text._ZN12_GLOBAL__N_118font_MWOSD_61_typeD2Ev
                0x080110ec        0xc obj/fonts.o
 .text._ZN12_GLOBAL__N_118font_MWOSD_60_typeD2Ev
                0x080110f8        0xc obj/fonts.o
 .text._ZN12_GLOBAL__N_118font_MWOSD_59_typeD2Ev
                0x08011104        0xc obj/fonts.o
 .text._ZN12_GLOBAL__N_118font_MWOSD_58_typeD2Ev
                0x08011110        0xc obj/fonts.o
 .text._ZN12_GLOBAL__N_118font_MWOSD_57_typeD2Ev
                0x0801111c        0xc obj/fonts.o
 .text._ZN12_GLOBAL__N_118font_MWOSD_56_typeD2Ev
                0x08011128        0xc obj/fonts.o
 .text._ZN12_GLOBAL__N_118font_MWOSD_55_typeD2Ev
                0x08011134        0xc obj/fonts.o
 .text._ZN12_GLOBAL__N_118font_MWOSD_54_typeD2Ev
                0x08011140        0xc obj/fonts.o
 .text._ZN12_GLOBAL__N_118font_MWOSD_53_typeD2Ev
                0x0801114c        0xc obj/fonts.o
 .text._ZN12_GLOBAL__N_118font_MWOSD_52_typeD2Ev
                0x08011158        0xc obj/fonts.o
 .text._ZN12_GLOBAL__N_118font_MWOSD_51_typeD2Ev
                0x08011164        0xc obj/fonts.o
 .text._ZN12_GLOBAL__N_118font_MWOSD_50_typeD2Ev
                0x08011170        0xc obj/fonts.o
 .text._ZN12_GLOBAL__N_118font_MWOSD_49_typeD2Ev
                0x0801117c        0xc obj/fonts.o
 .text._ZN12_GLOBAL__N_118font_MWOSD_48_typeD2Ev
                0x08011188        0xc obj/fonts.o
 .text._ZN12_GLOBAL__N_118font_MWOSD_47_typeD2Ev
                0x08011194        0xc obj/fonts.o
 .text._ZN12_GLOBAL__N_118font_MWOSD_46_typeD2Ev
                0x080111a0        0xc obj/fonts.o
 .text._ZN12_GLOBAL__N_118font_MWOSD_45_typeD2Ev
                0x080111ac        0xc obj/fonts.o
 .text._ZN12_GLOBAL__N_118font_MWOSD_44_typeD2Ev
                0x080111b8        0xc obj/fonts.o
 .text._ZN12_GLOBAL__N_118font_MWOSD_43_typeD2Ev
                0x080111c4        0xc obj/fonts.o
 .text._ZN12_GLOBAL__N_118font_MWOSD_42_typeD2Ev
                0x080111d0        0xc obj/fonts.o
 .text._ZN12_GLOBAL__N_118font_MWOSD_41_typeD2Ev
                0x080111dc        0xc obj/fonts.o
 .text._ZN12_GLOBAL__N_118font_MWOSD_40_typeD2Ev
                0x080111e8        0xc obj/fonts.o
 .text._ZN12_GLOBAL__N_118font_MWOSD_39_typeD2Ev
                0x080111f4        0xc obj/fonts.o
 .text._ZN12_GLOBAL__N_118font_MWOSD_38_typeD2Ev
                0x08011200        0xc obj/fonts.o
 .text._ZN12_GLOBAL__N_118font_MWOSD_37_typeD2Ev
                0x0801120c        0xc obj/fonts.o
 .text._ZN12_GLOBAL__N_118font_MWOSD_36_typeD2Ev
                0x08011218        0xc obj/fonts.o
 .text._ZN12_GLOBAL__N_118font_MWOSD_35_typeD2Ev
                0x08011224        0xc obj/fonts.o
 .text._ZN12_GLOBAL__N_118font_MWOSD_34_typeD2Ev
                0x08011230        0xc obj/fonts.o
 .text._ZN12_GLOBAL__N_118font_MWOSD_33_typeD2Ev
                0x0801123c        0xc obj/fonts.o
 .text._ZN12_GLOBAL__N_118font_MWOSD_32_typeD2Ev
                0x08011248        0xc obj/fonts.o
 .text._ZN12_GLOBAL__N_121font_OSD_Charset_typeD2Ev
                0x08011254        0xc obj/fonts.o
 .text._ZN12_GLOBAL__N_125font_OSD_Charset_126_typeD2Ev
                0x08011260        0xc obj/fonts.o
 .text._ZN12_GLOBAL__N_125font_OSD_Charset_125_typeD2Ev
                0x0801126c        0xc obj/fonts.o
 .text._ZN12_GLOBAL__N_125font_OSD_Charset_124_typeD2Ev
                0x08011278        0xc obj/fonts.o
 .text._ZN12_GLOBAL__N_125font_OSD_Charset_123_typeD2Ev
                0x08011284        0xc obj/fonts.o
 .text._ZN12_GLOBAL__N_125font_OSD_Charset_122_typeD2Ev
                0x08011290        0xc obj/fonts.o
 .text._ZN12_GLOBAL__N_125font_OSD_Charset_121_typeD2Ev
                0x0801129c        0xc obj/fonts.o
 .text._ZN12_GLOBAL__N_125font_OSD_Charset_120_typeD2Ev
                0x080112a8        0xc obj/fonts.o
 .text._ZN12_GLOBAL__N_125font_OSD_Charset_119_typeD2Ev
                0x080112b4        0xc obj/fonts.o
 .text._ZN12_GLOBAL__N_125font_OSD_Charset_118_typeD2Ev
                0x080112c0        0xc obj/fonts.o
 .text._ZN12_GLOBAL__N_125font_OSD_Charset_117_typeD2Ev
                0x080112cc        0xc obj/fonts.o
 .text._ZN12_GLOBAL__N_125font_OSD_Charset_116_typeD2Ev
                0x080112d8        0xc obj/fonts.o
 .text._ZN12_GLOBAL__N_125font_OSD_Charset_115_typeD2Ev
                0x080112e4        0xc obj/fonts.o
 .text._ZN12_GLOBAL__N_125font_OSD_Charset_114_typeD2Ev
                0x080112f0        0xc obj/fonts.o
 .text._ZN12_GLOBAL__N_125font_OSD_Charset_113_typeD2Ev
                0x080112fc        0xc obj/fonts.o
 .text._ZN12_GLOBAL__N_125font_OSD_Charset_112_typeD2Ev
                0x08011308        0xc obj/fonts.o
 .text._ZN12_GLOBAL__N_125font_OSD_Charset_111_typeD2Ev
                0x08011314        0xc obj/fonts.o
 .text._ZN12_GLOBAL__N_125font_OSD_Charset_110_typeD2Ev
                0x08011320        0xc obj/fonts.o
 .text._ZN12_GLOBAL__N_125font_OSD_Charset_109_typeD2Ev
                0x0801132c        0xc obj/fonts.o
 .text._ZN12_GLOBAL__N_125font_OSD_Charset_108_typeD2Ev
                0x08011338        0xc obj/fonts.o
 .text._ZN12_GLOBAL__N_125font_OSD_Charset_107_typeD2Ev
                0x08011344        0xc obj/fonts.o
 .text._ZN12_GLOBAL__N_125font_OSD_Charset_106_typeD2Ev
                0x08011350        0xc obj/fonts.o
 .text._ZN12_GLOBAL__N_125font_OSD_Charset_105_typeD2Ev
                0x0801135c        0xc obj/fonts.o
 .text._ZN12_GLOBAL__N_125font_OSD_Charset_104_typeD2Ev
                0x08011368        0xc obj/fonts.o
 .text._ZN12_GLOBAL__N_125font_OSD_Charset_103_typeD2Ev
                0x08011374        0xc obj/fonts.o
 .text._ZN12_GLOBAL__N_125font_OSD_Charset_102_typeD2Ev
                0x08011380        0xc obj/fonts.o
 .text._ZN12_GLOBAL__N_125font_OSD_Charset_101_typeD2Ev
                0x0801138c        0xc obj/fonts.o
 .text._ZN12_GLOBAL__N_125font_OSD_Charset_100_typeD2Ev
                0x08011398        0xc obj/fonts.o
 .text._ZN12_GLOBAL__N_124font_OSD_Charset_99_typeD2Ev
                0x080113a4        0xc obj/fonts.o
 .text._ZN12_GLOBAL__N_124font_OSD_Charset_98_typeD2Ev
                0x080113b0        0xc obj/fonts.o
 .text._ZN12_GLOBAL__N_124font_OSD_Charset_97_typeD2Ev
                0x080113bc        0xc obj/fonts.o
 .text._ZN12_GLOBAL__N_124font_OSD_Charset_96_typeD2Ev
                0x080113c8        0xc obj/fonts.o
 .text._ZN12_GLOBAL__N_124font_OSD_Charset_95_typeD2Ev
                0x080113d4        0xc obj/fonts.o
 .text._ZN12_GLOBAL__N_124font_OSD_Charset_94_typeD2Ev
                0x080113e0        0xc obj/fonts.o
 .text._ZN12_GLOBAL__N_124font_OSD_Charset_93_typeD2Ev
                0x080113ec        0xc obj/fonts.o
 .text._ZN12_GLOBAL__N_124font_OSD_Charset_92_typeD2Ev
                0x080113f8        0xc obj/fonts.o
 .text._ZN12_GLOBAL__N_124font_OSD_Charset_91_typeD2Ev
                0x08011404        0xc obj/fonts.o
 .text._ZN12_GLOBAL__N_124font_OSD_Charset_90_typeD2Ev
                0x08011410        0xc obj/fonts.o
 .text._ZN12_GLOBAL__N_124font_OSD_Charset_89_typeD2Ev
                0x0801141c        0xc obj/fonts.o
 .text._ZN12_GLOBAL__N_124font_OSD_Charset_88_typeD2Ev
                0x08011428        0xc obj/fonts.o
 .text._ZN12_GLOBAL__N_124font_OSD_Charset_87_typeD2Ev
                0x08011434        0xc obj/fonts.o
 .text._ZN12_GLOBAL__N_124font_OSD_Charset_86_typeD2Ev
                0x08011440        0xc obj/fonts.o
 .text._ZN12_GLOBAL__N_124font_OSD_Charset_85_typeD2Ev
                0x0801144c        0xc obj/fonts.o
 .text._ZN12_GLOBAL__N_124font_OSD_Charset_84_typeD2Ev
                0x08011458        0xc obj/fonts.o
 .text._ZN12_GLOBAL__N_124font_OSD_Charset_83_typeD2Ev
                0x08011464        0xc obj/fonts.o
 .text._ZN12_GLOBAL__N_124font_OSD_Charset_82_typeD2Ev
                0x08011470        0xc obj/fonts.o
 .text._ZN12_GLOBAL__N_124font_OSD_Charset_81_typeD2Ev
                0x0801147c        0xc obj/fonts.o
 .text._ZN12_GLOBAL__N_124font_OSD_Charset_80_typeD2Ev
                0x08011488        0xc obj/fonts.o
 .text._ZN12_GLOBAL__N_124font_OSD_Charset_79_typeD2Ev
                0x08011494        0xc obj/fonts.o
 .text._ZN12_GLOBAL__N_124font_OSD_Charset_78_typeD2Ev
                0x080114a0        0xc obj/fonts.o
 .text._ZN12_GLOBAL__N_124font_OSD_Charset_77_typeD2Ev
                0x080114ac        0xc obj/fonts.o
 .text._ZN12_GLOBAL__N_124font_OSD_Charset_76_typeD2Ev
                0x080114b8        0xc obj/fonts.o
 .text._ZN12_GLOBAL__N_124font_OSD_Charset_75_typeD2Ev
                0x080114c4        0xc obj/fonts.o
 .text._ZN12_GLOBAL__N_124font_OSD_Charset_74_typeD2Ev
                0x080114d0        0xc obj/fonts.o
 .text._ZN12_GLOBAL__N_124font_OSD_Charset_73_typeD2Ev
                0x080114dc        0xc obj/fonts.o
 .text._ZN12_GLOBAL__N_124font_OSD_Charset_72_typeD2Ev
                0x080114e8        0xc obj/fonts.o
 .text._ZN12_GLOBAL__N_124font_OSD_Charset_71_typeD2Ev
                0x080114f4        0xc obj/fonts.o
 .text._ZN12_GLOBAL__N_124font_OSD_Charset_70_typeD2Ev
                0x08011500        0xc obj/fonts.o
 .text._ZN12_GLOBAL__N_124font_OSD_Charset_69_typeD2Ev
                0x0801150c        0xc obj/fonts.o
 .text._ZN12_GLOBAL__N_124font_OSD_Charset_68_typeD2Ev
                0x08011518        0xc obj/fonts.o
 .text._ZN12_GLOBAL__N_124font_OSD_Charset_67_typeD2Ev
                0x08011524        0xc obj/fonts.o
 .text._ZN12_GLOBAL__N_124font_OSD_Charset_66_typeD2Ev
                0x08011530        0xc obj/fonts.o
 .text._ZN12_GLOBAL__N_124font_OSD_Charset_65_typeD2Ev
                0x0801153c        0xc obj/fonts.o
 .text._ZN12_GLOBAL__N_124font_OSD_Charset_64_typeD2Ev
                0x08011548        0xc obj/fonts.o
 .text._ZN12_GLOBAL__N_124font_OSD_Charset_63_typeD2Ev
                0x08011554        0xc obj/fonts.o
 .text._ZN12_GLOBAL__N_124font_OSD_Charset_62_typeD2Ev
                0x08011560        0xc obj/fonts.o
 .text._ZN12_GLOBAL__N_124font_OSD_Charset_61_typeD2Ev
                0x0801156c        0xc obj/fonts.o
 .text._ZN12_GLOBAL__N_124font_OSD_Charset_60_typeD2Ev
                0x08011578        0xc obj/fonts.o
 .text._ZN12_GLOBAL__N_124font_OSD_Charset_59_typeD2Ev
                0x08011584        0xc obj/fonts.o
 .text._ZN12_GLOBAL__N_124font_OSD_Charset_58_typeD2Ev
                0x08011590        0xc obj/fonts.o
 .text._ZN12_GLOBAL__N_124font_OSD_Charset_57_typeD2Ev
                0x0801159c        0xc obj/fonts.o
 .text._ZN12_GLOBAL__N_124font_OSD_Charset_56_typeD2Ev
                0x080115a8        0xc obj/fonts.o
 .text._ZN12_GLOBAL__N_124font_OSD_Charset_55_typeD2Ev
                0x080115b4        0xc obj/fonts.o
 .text._ZN12_GLOBAL__N_124font_OSD_Charset_54_typeD2Ev
                0x080115c0        0xc obj/fonts.o
 .text._ZN12_GLOBAL__N_124font_OSD_Charset_53_typeD2Ev
                0x080115cc        0xc obj/fonts.o
 .text._ZN12_GLOBAL__N_124font_OSD_Charset_52_typeD2Ev
                0x080115d8        0xc obj/fonts.o
 .text._ZN12_GLOBAL__N_124font_OSD_Charset_51_typeD2Ev
                0x080115e4        0xc obj/fonts.o
 .text._ZN12_GLOBAL__N_124font_OSD_Charset_50_typeD2Ev
                0x080115f0        0xc obj/fonts.o
 .text._ZN12_GLOBAL__N_124font_OSD_Charset_49_typeD2Ev
                0x080115fc        0xc obj/fonts.o
 .text._ZN12_GLOBAL__N_124font_OSD_Charset_48_typeD2Ev
                0x08011608        0xc obj/fonts.o
 .text._ZN12_GLOBAL__N_124font_OSD_Charset_47_typeD2Ev
                0x08011614        0xc obj/fonts.o
 .text._ZN12_GLOBAL__N_124font_OSD_Charset_46_typeD2Ev
                0x08011620        0xc obj/fonts.o
 .text._ZN12_GLOBAL__N_124font_OSD_Charset_45_typeD2Ev
                0x0801162c        0xc obj/fonts.o
 .text._ZN12_GLOBAL__N_124font_OSD_Charset_44_typeD2Ev
                0x08011638        0xc obj/fonts.o
 .text._ZN12_GLOBAL__N_124font_OSD_Charset_43_typeD2Ev
                0x08011644        0xc obj/fonts.o
 .text._ZN12_GLOBAL__N_124font_OSD_Charset_42_typeD2Ev
                0x08011650        0xc obj/fonts.o
 .text._ZN12_GLOBAL__N_124font_OSD_Charset_41_typeD2Ev
                0x0801165c        0xc obj/fonts.o
 .text._ZN12_GLOBAL__N_124font_OSD_Charset_40_typeD2Ev
                0x08011668        0xc obj/fonts.o
 .text._ZN12_GLOBAL__N_124font_OSD_Charset_39_typeD2Ev
                0x08011674        0xc obj/fonts.o
 .text._ZN12_GLOBAL__N_124font_OSD_Charset_38_typeD2Ev
                0x08011680        0xc obj/fonts.o
 .text._ZN12_GLOBAL__N_124font_OSD_Charset_37_typeD2Ev
                0x0801168c        0xc obj/fonts.o
 .text._ZN12_GLOBAL__N_124font_OSD_Charset_36_typeD2Ev
                0x08011698        0xc obj/fonts.o
 .text._ZN12_GLOBAL__N_124font_OSD_Charset_35_typeD2Ev
                0x080116a4        0xc obj/fonts.o
 .text._ZN12_GLOBAL__N_124font_OSD_Charset_34_typeD2Ev
                0x080116b0        0xc obj/fonts.o
 .text._ZN12_GLOBAL__N_124font_OSD_Charset_33_typeD2Ev
                0x080116bc        0xc obj/fonts.o
 .text._ZN12_GLOBAL__N_124font_OSD_Charset_32_typeD2Ev
                0x080116c8        0xc obj/fonts.o
 .text._ZN12_GLOBAL__N_115font_MWOSD_typeD0Ev
                0x080116d4       0x14 obj/fonts.o
 .text._ZN12_GLOBAL__N_119font_MWOSD_126_typeD0Ev
                0x080116e8       0x14 obj/fonts.o
 .text._ZN12_GLOBAL__N_119font_MWOSD_125_typeD0Ev
                0x080116fc       0x14 obj/fonts.o
 .text._ZN12_GLOBAL__N_119font_MWOSD_124_typeD0Ev
                0x08011710       0x14 obj/fonts.o
 .text._ZN12_GLOBAL__N_119font_MWOSD_123_typeD0Ev
                0x08011724       0x14 obj/fonts.o
 .text._ZN12_GLOBAL__N_119font_MWOSD_122_typeD0Ev
                0x08011738       0x14 obj/fonts.o
 .text._ZN12_GLOBAL__N_119font_MWOSD_121_typeD0Ev
                0x0801174c       0x14 obj/fonts.o
 .text._ZN12_GLOBAL__N_119font_MWOSD_120_typeD0Ev
                0x08011760       0x14 obj/fonts.o
 .text._ZN12_GLOBAL__N_119font_MWOSD_119_typeD0Ev
                0x08011774       0x14 obj/fonts.o
 .text._ZN12_GLOBAL__N_119font_MWOSD_118_typeD0Ev
                0x08011788       0x14 obj/fonts.o
 .text._ZN12_GLOBAL__N_119font_MWOSD_117_typeD0Ev
                0x0801179c       0x14 obj/fonts.o
 .text._ZN12_GLOBAL__N_119font_MWOSD_116_typeD0Ev
                0x080117b0       0x14 obj/fonts.o
 .text._ZN12_GLOBAL__N_119font_MWOSD_115_typeD0Ev
                0x080117c4       0x14 obj/fonts.o
 .text._ZN12_GLOBAL__N_119font_MWOSD_114_typeD0Ev
                0x080117d8       0x14 obj/fonts.o
 .text._ZN12_GLOBAL__N_119font_MWOSD_113_typeD0Ev
                0x080117ec       0x14 obj/fonts.o
 .text._ZN12_GLOBAL__N_119font_MWOSD_112_typeD0Ev
                0x08011800       0x14 obj/fonts.o
 .text._ZN12_GLOBAL__N_119font_MWOSD_111_typeD0Ev
                0x08011814       0x14 obj/fonts.o
 .text._ZN12_GLOBAL__N_119font_MWOSD_110_typeD0Ev
                0x08011828       0x14 obj/fonts.o
 .text._ZN12_GLOBAL__N_119font_MWOSD_109_typeD0Ev
                0x0801183c       0x14 obj/fonts.o
 .text._ZN12_GLOBAL__N_119font_MWOSD_108_typeD0Ev
                0x08011850       0x14 obj/fonts.o
 .text._ZN12_GLOBAL__N_119font_MWOSD_107_typeD0Ev
                0x08011864       0x14 obj/fonts.o
 .text._ZN12_GLOBAL__N_119font_MWOSD_106_typeD0Ev
                0x08011878       0x14 obj/fonts.o
 .text._ZN12_GLOBAL__N_119font_MWOSD_105_typeD0Ev
                0x0801188c       0x14 obj/fonts.o
 .text._ZN12_GLOBAL__N_119font_MWOSD_104_typeD0Ev
                0x080118a0       0x14 obj/fonts.o
 .text._ZN12_GLOBAL__N_119font_MWOSD_103_typeD0Ev
                0x080118b4       0x14 obj/fonts.o
 .text._ZN12_GLOBAL__N_119font_MWOSD_102_typeD0Ev
                0x080118c8       0x14 obj/fonts.o
 .text._ZN12_GLOBAL__N_119font_MWOSD_101_typeD0Ev
                0x080118dc       0x14 obj/fonts.o
 .text._ZN12_GLOBAL__N_119font_MWOSD_100_typeD0Ev
                0x080118f0       0x14 obj/fonts.o
 .text._ZN12_GLOBAL__N_118font_MWOSD_99_typeD0Ev
                0x08011904       0x14 obj/fonts.o
 .text._ZN12_GLOBAL__N_118font_MWOSD_98_typeD0Ev
                0x08011918       0x14 obj/fonts.o
 .text._ZN12_GLOBAL__N_118font_MWOSD_97_typeD0Ev
                0x0801192c       0x14 obj/fonts.o
 .text._ZN12_GLOBAL__N_118font_MWOSD_96_typeD0Ev
                0x08011940       0x14 obj/fonts.o
 .text._ZN12_GLOBAL__N_118font_MWOSD_95_typeD0Ev
                0x08011954       0x14 obj/fonts.o
 .text._ZN12_GLOBAL__N_118font_MWOSD_94_typeD0Ev
                0x08011968       0x14 obj/fonts.o
 .text._ZN12_GLOBAL__N_118font_MWOSD_93_typeD0Ev
                0x0801197c       0x14 obj/fonts.o
 .text._ZN12_GLOBAL__N_118font_MWOSD_92_typeD0Ev
                0x08011990       0x14 obj/fonts.o
 .text._ZN12_GLOBAL__N_118font_MWOSD_91_typeD0Ev
                0x080119a4       0x14 obj/fonts.o
 .text._ZN12_GLOBAL__N_118font_MWOSD_90_typeD0Ev
                0x080119b8       0x14 obj/fonts.o
 .text._ZN12_GLOBAL__N_118font_MWOSD_89_typeD0Ev
                0x080119cc       0x14 obj/fonts.o
 .text._ZN12_GLOBAL__N_118font_MWOSD_88_typeD0Ev
                0x080119e0       0x14 obj/fonts.o
 .text._ZN12_GLOBAL__N_118font_MWOSD_87_typeD0Ev
                0x080119f4       0x14 obj/fonts.o
 .text._ZN12_GLOBAL__N_118font_MWOSD_86_typeD0Ev
                0x08011a08       0x14 obj/fonts.o
 .text._ZN12_GLOBAL__N_118font_MWOSD_85_typeD0Ev
                0x08011a1c       0x14 obj/fonts.o
 .text._ZN12_GLOBAL__N_118font_MWOSD_84_typeD0Ev
                0x08011a30       0x14 obj/fonts.o
 .text._ZN12_GLOBAL__N_118font_MWOSD_83_typeD0Ev
                0x08011a44       0x14 obj/fonts.o
 .text._ZN12_GLOBAL__N_118font_MWOSD_82_typeD0Ev
                0x08011a58       0x14 obj/fonts.o
 .text._ZN12_GLOBAL__N_118font_MWOSD_81_typeD0Ev
                0x08011a6c       0x14 obj/fonts.o
 .text._ZN12_GLOBAL__N_118font_MWOSD_80_typeD0Ev
                0x08011a80       0x14 obj/fonts.o
 .text._ZN12_GLOBAL__N_118font_MWOSD_79_typeD0Ev
                0x08011a94       0x14 obj/fonts.o
 .text._ZN12_GLOBAL__N_118font_MWOSD_78_typeD0Ev
                0x08011aa8       0x14 obj/fonts.o
 .text._ZN12_GLOBAL__N_118font_MWOSD_77_typeD0Ev
                0x08011abc       0x14 obj/fonts.o
 .text._ZN12_GLOBAL__N_118font_MWOSD_76_typeD0Ev
                0x08011ad0       0x14 obj/fonts.o
 .text._ZN12_GLOBAL__N_118font_MWOSD_75_typeD0Ev
                0x08011ae4       0x14 obj/fonts.o
 .text._ZN12_GLOBAL__N_118font_MWOSD_74_typeD0Ev
                0x08011af8       0x14 obj/fonts.o
 .text._ZN12_GLOBAL__N_118font_MWOSD_73_typeD0Ev
                0x08011b0c       0x14 obj/fonts.o
 .text._ZN12_GLOBAL__N_118font_MWOSD_72_typeD0Ev
                0x08011b20       0x14 obj/fonts.o
 .text._ZN12_GLOBAL__N_118font_MWOSD_71_typeD0Ev
                0x08011b34       0x14 obj/fonts.o
 .text._ZN12_GLOBAL__N_118font_MWOSD_70_typeD0Ev
                0x08011b48       0x14 obj/fonts.o
 .text._ZN12_GLOBAL__N_118font_MWOSD_69_typeD0Ev
                0x08011b5c       0x14 obj/fonts.o
 .text._ZN12_GLOBAL__N_118font_MWOSD_68_typeD0Ev
                0x08011b70       0x14 obj/fonts.o
 .text._ZN12_GLOBAL__N_118font_MWOSD_67_typeD0Ev
                0x08011b84       0x14 obj/fonts.o
 .text._ZN12_GLOBAL__N_118font_MWOSD_66_typeD0Ev
                0x08011b98       0x14 obj/fonts.o
 .text._ZN12_GLOBAL__N_118font_MWOSD_65_typeD0Ev
                0x08011bac       0x14 obj/fonts.o
 .text._ZN12_GLOBAL__N_118font_MWOSD_64_typeD0Ev
                0x08011bc0       0x14 obj/fonts.o
 .text._ZN12_GLOBAL__N_118font_MWOSD_63_typeD0Ev
                0x08011bd4       0x14 obj/fonts.o
 .text._ZN12_GLOBAL__N_118font_MWOSD_62_typeD0Ev
                0x08011be8       0x14 obj/fonts.o
 .text._ZN12_GLOBAL__N_118font_MWOSD_61_typeD0Ev
                0x08011bfc       0x14 obj/fonts.o
 .text._ZN12_GLOBAL__N_118font_MWOSD_60_typeD0Ev
                0x08011c10       0x14 obj/fonts.o
 .text._ZN12_GLOBAL__N_118font_MWOSD_59_typeD0Ev
                0x08011c24       0x14 obj/fonts.o
 .text._ZN12_GLOBAL__N_118font_MWOSD_58_typeD0Ev
                0x08011c38       0x14 obj/fonts.o
 .text._ZN12_GLOBAL__N_118font_MWOSD_57_typeD0Ev
                0x08011c4c       0x14 obj/fonts.o
 .text._ZN12_GLOBAL__N_118font_MWOSD_56_typeD0Ev
                0x08011c60       0x14 obj/fonts.o
 .text._ZN12_GLOBAL__N_118font_MWOSD_55_typeD0Ev
                0x08011c74       0x14 obj/fonts.o
 .text._ZN12_GLOBAL__N_118font_MWOSD_54_typeD0Ev
                0x08011c88       0x14 obj/fonts.o
 .text._ZN12_GLOBAL__N_118font_MWOSD_53_typeD0Ev
                0x08011c9c       0x14 obj/fonts.o
 .text._ZN12_GLOBAL__N_118font_MWOSD_52_typeD0Ev
                0x08011cb0       0x14 obj/fonts.o
 .text._ZN12_GLOBAL__N_118font_MWOSD_51_typeD0Ev
                0x08011cc4       0x14 obj/fonts.o
 .text._ZN12_GLOBAL__N_118font_MWOSD_50_typeD0Ev
                0x08011cd8       0x14 obj/fonts.o
 .text._ZN12_GLOBAL__N_118font_MWOSD_49_typeD0Ev
                0x08011cec       0x14 obj/fonts.o
 .text._ZN12_GLOBAL__N_118font_MWOSD_48_typeD0Ev
                0x08011d00       0x14 obj/fonts.o
 .text._ZN12_GLOBAL__N_118font_MWOSD_47_typeD0Ev
                0x08011d14       0x14 obj/fonts.o
 .text._ZN12_GLOBAL__N_118font_MWOSD_46_typeD0Ev
                0x08011d28       0x14 obj/fonts.o
 .text._ZN12_GLOBAL__N_118font_MWOSD_45_typeD0Ev
                0x08011d3c       0x14 obj/fonts.o
 .text._ZN12_GLOBAL__N_118font_MWOSD_44_typeD0Ev
                0x08011d50       0x14 obj/fonts.o
 .text._ZN12_GLOBAL__N_118font_MWOSD_43_typeD0Ev
                0x08011d64       0x14 obj/fonts.o
 .text._ZN12_GLOBAL__N_118font_MWOSD_42_typeD0Ev
                0x08011d78       0x14 obj/fonts.o
 .text._ZN12_GLOBAL__N_118font_MWOSD_41_typeD0Ev
                0x08011d8c       0x14 obj/fonts.o
 .text._ZN12_GLOBAL__N_118font_MWOSD_40_typeD0Ev
                0x08011da0       0x14 obj/fonts.o
 .text._ZN12_GLOBAL__N_118font_MWOSD_39_typeD0Ev
                0x08011db4       0x14 obj/fonts.o
 .text._ZN12_GLOBAL__N_118font_MWOSD_38_typeD0Ev
                0x08011dc8       0x14 obj/fonts.o
 .text._ZN12_GLOBAL__N_118font_MWOSD_37_typeD0Ev
                0x08011ddc       0x14 obj/fonts.o
 .text._ZN12_GLOBAL__N_118font_MWOSD_36_typeD0Ev
                0x08011df0       0x14 obj/fonts.o
 .text._ZN12_GLOBAL__N_118font_MWOSD_35_typeD0Ev
                0x08011e04       0x14 obj/fonts.o
 .text._ZN12_GLOBAL__N_118font_MWOSD_34_typeD0Ev
                0x08011e18       0x14 obj/fonts.o
 .text._ZN12_GLOBAL__N_118font_MWOSD_33_typeD0Ev
                0x08011e2c       0x14 obj/fonts.o
 .text._ZN12_GLOBAL__N_118font_MWOSD_32_typeD0Ev
                0x08011e40       0x14 obj/fonts.o
 .text._ZN12_GLOBAL__N_121font_OSD_Charset_typeD0Ev
                0x08011e54       0x14 obj/fonts.o
 .text._ZN12_GLOBAL__N_125font_OSD_Charset_126_typeD0Ev
                0x08011e68       0x14 obj/fonts.o
 .text._ZN12_GLOBAL__N_125font_OSD_Charset_125_typeD0Ev
                0x08011e7c       0x14 obj/fonts.o
 .text._ZN12_GLOBAL__N_125font_OSD_Charset_124_typeD0Ev
                0x08011e90       0x14 obj/fonts.o
 .text._ZN12_GLOBAL__N_125font_OSD_Charset_123_typeD0Ev
                0x08011ea4       0x14 obj/fonts.o
 .text._ZN12_GLOBAL__N_125font_OSD_Charset_122_typeD0Ev
                0x08011eb8       0x14 obj/fonts.o
 .text._ZN12_GLOBAL__N_125font_OSD_Charset_121_typeD0Ev
                0x08011ecc       0x14 obj/fonts.o
 .text._ZN12_GLOBAL__N_125font_OSD_Charset_120_typeD0Ev
                0x08011ee0       0x14 obj/fonts.o
 .text._ZN12_GLOBAL__N_125font_OSD_Charset_119_typeD0Ev
                0x08011ef4       0x14 obj/fonts.o
 .text._ZN12_GLOBAL__N_125font_OSD_Charset_118_typeD0Ev
                0x08011f08       0x14 obj/fonts.o
 .text._ZN12_GLOBAL__N_125font_OSD_Charset_117_typeD0Ev
                0x08011f1c       0x14 obj/fonts.o
 .text._ZN12_GLOBAL__N_125font_OSD_Charset_116_typeD0Ev
                0x08011f30       0x14 obj/fonts.o
 .text._ZN12_GLOBAL__N_125font_OSD_Charset_115_typeD0Ev
                0x08011f44       0x14 obj/fonts.o
 .text._ZN12_GLOBAL__N_125font_OSD_Charset_114_typeD0Ev
                0x08011f58       0x14 obj/fonts.o
 .text._ZN12_GLOBAL__N_125font_OSD_Charset_113_typeD0Ev
                0x08011f6c       0x14 obj/fonts.o
 .text._ZN12_GLOBAL__N_125font_OSD_Charset_112_typeD0Ev
                0x08011f80       0x14 obj/fonts.o
 .text._ZN12_GLOBAL__N_125font_OSD_Charset_111_typeD0Ev
                0x08011f94       0x14 obj/fonts.o
 .text._ZN12_GLOBAL__N_125font_OSD_Charset_110_typeD0Ev
                0x08011fa8       0x14 obj/fonts.o
 .text._ZN12_GLOBAL__N_125font_OSD_Charset_109_typeD0Ev
                0x08011fbc       0x14 obj/fonts.o
 .text._ZN12_GLOBAL__N_125font_OSD_Charset_108_typeD0Ev
                0x08011fd0       0x14 obj/fonts.o
 .text._ZN12_GLOBAL__N_125font_OSD_Charset_107_typeD0Ev
                0x08011fe4       0x14 obj/fonts.o
 .text._ZN12_GLOBAL__N_125font_OSD_Charset_106_typeD0Ev
                0x08011ff8       0x14 obj/fonts.o
 .text._ZN12_GLOBAL__N_125font_OSD_Charset_105_typeD0Ev
                0x0801200c       0x14 obj/fonts.o
 .text._ZN12_GLOBAL__N_125font_OSD_Charset_104_typeD0Ev
                0x08012020       0x14 obj/fonts.o
 .text._ZN12_GLOBAL__N_125font_OSD_Charset_103_typeD0Ev
                0x08012034       0x14 obj/fonts.o
 .text._ZN12_GLOBAL__N_125font_OSD_Charset_102_typeD0Ev
                0x08012048       0x14 obj/fonts.o
 .text._ZN12_GLOBAL__N_125font_OSD_Charset_101_typeD0Ev
                0x0801205c       0x14 obj/fonts.o
 .text._ZN12_GLOBAL__N_125font_OSD_Charset_100_typeD0Ev
                0x08012070       0x14 obj/fonts.o
 .text._ZN12_GLOBAL__N_124font_OSD_Charset_99_typeD0Ev
                0x08012084       0x14 obj/fonts.o
 .text._ZN12_GLOBAL__N_124font_OSD_Charset_98_typeD0Ev
                0x08012098       0x14 obj/fonts.o
 .text._ZN12_GLOBAL__N_124font_OSD_Charset_97_typeD0Ev
                0x080120ac       0x14 obj/fonts.o
 .text._ZN12_GLOBAL__N_124font_OSD_Charset_96_typeD0Ev
                0x080120c0       0x14 obj/fonts.o
 .text._ZN12_GLOBAL__N_124font_OSD_Charset_95_typeD0Ev
                0x080120d4       0x14 obj/fonts.o
 .text._ZN12_GLOBAL__N_124font_OSD_Charset_94_typeD0Ev
                0x080120e8       0x14 obj/fonts.o
 .text._ZN12_GLOBAL__N_124font_OSD_Charset_93_typeD0Ev
                0x080120fc       0x14 obj/fonts.o
 .text._ZN12_GLOBAL__N_124font_OSD_Charset_92_typeD0Ev
                0x08012110       0x14 obj/fonts.o
 .text._ZN12_GLOBAL__N_124font_OSD_Charset_91_typeD0Ev
                0x08012124       0x14 obj/fonts.o